Microchip MPLAB XC8 Compiler V1.44 ()

Linker command line:

-W-3 --edf=C:\Program Files (x86)\Microchip\xc8\v1.44\dat\en_msgs.txt -cs \
  -h+dist/default/debug\Project_Measurement.X.debug.sym \
  --cmf=dist/default/debug\Project_Measurement.X.debug.cmf -z -Q18F2331 \
  -oC:\Users\ANDRES~1\AppData\Local\Temp\s464.2 \
  -Mdist/default/debug/Project_Measurement.X.debug.map -E1 -ver=XC8 \
  -ASTACK=08Ch-02eeh -pstack=STACK -ACODE=00h-01CFFh -ACONST=00h-01CFFh \
  -ASMALLCONST=0300h-03FFhx26 -AMEDIUMCONST=0300h-01CFFh -ACOMRAM=01h-05Fh \
  -AABS1=00h-02EEh -ABIGRAM=01h-02EEh \
  -ARAM=060h-0FFh,0100h-01FFh,0200h-02EEh -ABANK0=060h-0FFh \
  -ABANK1=0100h-01FFh -ABANK2=0200h-02EEh \
  -ASFR=0F60h-0F9Bh,0F9Dh-0FD3h,0FD5h-0FDAh,0FE0h-0FE2h,0FE8h-0FEAh,0FF0h-0FFBh \
  -preset_vec=00h,intcode,intcodelo,powerup,init -pramtop=0300h \
  -psmallconst=SMALLCONST -pmediumconst=MEDIUMCONST -pconst=CONST \
  -AFARRAM=00h-00h -ACONFIG=0300000h-030000Dh -pconfig=CONFIG \
  -AIDLOC=0200000h-0200007h -pidloc=IDLOC -AEEDATA=0F00000h-0F000FFh \
  -peeprom_data=EEDATA \
  -prdata=COMRAM,nvrram=COMRAM,nvbit=COMRAM,rbss=COMRAM,rbit=COMRAM \
  -pfarbss=FARRAM,fardata=FARRAM,nvFARRAM=FARRAM \
  -pintsave_regs=BIGRAM,bigbss=BIGRAM,bigdata=BIGRAM -pbss=RAM \
  -pidata=CODE,irdata=CODE,ibigdata=CODE,ifardata=CODE -prparam=COMRAM \
  C:\Users\ANDRES~1\AppData\Local\Temp\s464.obj \
  dist/default/debug\Project_Measurement.X.debug.obj 

Object code version is 3.11

Machine type is 18F2331

Call graph: (short form)




                Name                               Link     Load   Length Selector   Space Scale
C:\Users\ANDRES~1\AppData\Local\Temp\s464.obj
                init                                  2        2        4        0       0
                reset_vec                             0        0        2        0       0
                idloc                            200000   200000        8   200000       0
                config                           300000   300000        E   300000       0
dist/default/debug\Project_Measurement.X.debug.obj
                mediumconst                        1AB6     1AB6      24A      D5B       0
                text17                             19DA     19DA       DC      CED       0
                text16                             15FE     15FE       30      AFF       0
                text15                             17B4     17B4       60      BDA       0
                text14                             187C     187C       6E      C3E       0
                text13                             1814     1814       68      C0A       0
                text12                             1534     1534        E      A9A       0
                text11                             155E     155E       26      AAF       0
                text10                             1542     1542       1C      AA1       0
                text9                              1660     1660       38      B30       0
                text8                              162E     162E       32      B17       0
                text7                              18EA     18EA       72      C75       0
                text6                              1584     1584       26      AC2       0
                text5                              195C     195C       7E      CAE       0
                text4                              1698     1698       3E      B4C       0
                text3                              15D2     15D2       2C      AE9       0
                text2                              1718     1718       48      B8C       0
                text1                              15AA     15AA       28      AD5       0
                text0                              1760     1760       54      BB0       0
                cstackCOMRAM                         46       46       1A        1       1
                dataBANK0                            81       81        B       60       1
                bssBANK0                             60       60       21       60       1
                bssCOMRAM                             1        1       45        1       1
                cinit                              16D6     16D6       42      B6B       0
                idataBANK0                         1529     1529        B     1529       0

TOTAL           Name                               Link     Load   Length     Space
        CLASS   STACK          

        CLASS   CODE           
                init                                  2        2        4         0
                reset_vec                             0        0        2         0
                text17                             19DA     19DA       DC         0
                text16                             15FE     15FE       30         0
                text15                             17B4     17B4       60         0
                text14                             187C     187C       6E         0
                text13                             1814     1814       68         0
                text12                             1534     1534        E         0
                text11                             155E     155E       26         0
                text10                             1542     1542       1C         0
                text9                              1660     1660       38         0
                text8                              162E     162E       32         0
                text7                              18EA     18EA       72         0
                text6                              1584     1584       26         0
                text5                              195C     195C       7E         0
                text4                              1698     1698       3E         0
                text3                              15D2     15D2       2C         0
                text2                              1718     1718       48         0
                text1                              15AA     15AA       28         0
                text0                              1760     1760       54         0
                cinit                              16D6     16D6       42         0
                idataBANK0                         1529     1529        B         0

        CLASS   CONST          

        CLASS   SMALLCONST     

        CLASS   MEDIUMCONST    
                mediumconst                        1AB6     1AB6      24A         0

        CLASS   COMRAM         
                cstackCOMRAM                         46       46       1A         1
                bssCOMRAM                             1        1       45         1

        CLASS   ABS1           

        CLASS   BIGRAM         

        CLASS   RAM            

        CLASS   BANK0          
                dataBANK0                            81       81        B         1
                bssBANK0                             60       60       21         1

        CLASS   BANK1          

        CLASS   BANK2          

        CLASS   SFR            

        CLASS   FARRAM         

        CLASS   CONFIG         
                config                           300000   300000        E         0

        CLASS   IDLOC          
                idloc                            200000   200000        8         0

        CLASS   EEDATA         



SEGMENTS        Name                           Load    Length   Top    Selector   Space  Class

                reset_vec                      000000  000006  000006         0       0  CODE    
                bssCOMRAM                      000001  00005F  000060         1       1  COMRAM  
                bssBANK0                       000060  00002C  00008C        60       1  BANK0   
                idataBANK0                     001529  00000B  001534      1529       0  CODE    
                text12                         001534  00000E  001542       A9A       0  CODE    
                text10                         001542  00001C  00155E       AA1       0  CODE    
                text11                         00155E  000026  001584       AAF       0  CODE    
                text6                          001584  000026  0015AA       AC2       0  CODE    
                text1                          0015AA  000028  0015D2       AD5       0  CODE    
                text3                          0015D2  00002C  0015FE       AE9       0  CODE    
                text16                         0015FE  000030  00162E       AFF       0  CODE    
                text8                          00162E  000032  001660       B17       0  CODE    
                text9                          001660  000038  001698       B30       0  CODE    
                text4                          001698  00003E  0016D6       B4C       0  CODE    
                cinit                          0016D6  000042  001718       B6B       0  CODE    
                text2                          001718  000048  001760       B8C       0  CODE    
                text0                          001760  000054  0017B4       BB0       0  CODE    
                text15                         0017B4  000060  001814       BDA       0  CODE    
                text13                         001814  000068  00187C       C0A       0  CODE    
                text14                         00187C  00006E  0018EA       C3E       0  CODE    
                text7                          0018EA  000072  00195C       C75       0  CODE    
                text5                          00195C  00007E  0019DA       CAE       0  CODE    
                text17                         0019DA  0000DC  001AB6       CED       0  CODE    
                mediumconst                    001AB6  00024A  001D00       D5B       0  MEDIUMCO
                idloc                          200000  000008  200008    200000       0  IDLOC   
                config                         300000  00000E  30000E    300000       0  CONFIG  


UNUSED ADDRESS RANGES

        Name                Unused          Largest block    Delta
        BANK0            00008C-0000FF               74
        BANK1            000100-0001FF              100
        BANK2            000200-0002EE               EF
        BIGRAM           00008C-0002EE              263
        CODE             000006-001528             1523
        CONST            000006-001528             1523
        EEDATA           F00000-F000FF              100
        MEDIUMCONST      000300-001528             1229
        RAM              00008C-0002EE              100
        SFR              000F60-000F9B               3C
                         000F9D-000FD3               37
                         000FD5-000FDA                6
                         000FE0-000FE2                3
                         000FE8-000FEA                3
                         000FF0-000FFB                C
        SMALLCONST       000300-001528              100
        STACK            00008C-0002EE              263

                                  Symbol Table

?___wmul                            cstackCOMRAM 000046
GPIO_clearPIN@pin                   cstackCOMRAM 000046
GPIO_clearPIN@portName              cstackCOMRAM 000049
GPIO_dataDirectionPIN@pin           cstackCOMRAM 000046
GPIO_dataDirectionPIN@portName      cstackCOMRAM 00004A
GPIO_dataDirectionPIN@state         cstackCOMRAM 000047
GPIO_setPIN@pin                     cstackCOMRAM 000046
GPIO_setPIN@portName                cstackCOMRAM 000049
GPIO_sourceClock@clk                cstackCOMRAM 000046
LCDNokia_clear@index                cstackCOMRAM 000050
LCDNokia_gotoXY@x                   cstackCOMRAM 00004F
LCDNokia_gotoXY@y                   cstackCOMRAM 00004E
LCDNokia_sendChar@character         cstackCOMRAM 000050
LCDNokia_sendChar@index             cstackCOMRAM 000051
LCDNokia_writeByte@DataOrCmd        cstackCOMRAM 00004D
LCDNokia_writeByte@data             cstackCOMRAM 00004C
LCD_delay@counter                   cstackCOMRAM 000046
SPI_enableClock@cpol                cstackCOMRAM 000046
SPI_enableClock@phase               cstackCOMRAM 000047
SPI_enablePins@serial               cstackCOMRAM 000046
SPI_init@SPI_Config                 cstackCOMRAM 000048
SPI_write@data                      cstackCOMRAM 000046
_ANSEL0                             (abs)        000FB8
_ANSEL0bits                         (abs)        000FB8
_ASCII                              mediumconst  001AB7
_BAUDCTLbits                        (abs)        000FAA
_ButtonInt_config                   text16       0015FE
_FlagButton1                        bssCOMRAM    00003B
_FlagButton2                        bssCOMRAM    00003A
_FlagButton3                        bssCOMRAM    000039
_GPIO_clearPIN                      text14       00187C
_GPIO_dataDirectionPIN              text17       0019DA
_GPIO_setPIN                        text13       001814
_GPIO_sourceClock                   text15       0017B4
_LCDNokia_clear                     text9        001660
_LCDNokia_gotoXY                    text10       001542
_LCDNokia_init                      text7        0018EA
_LCDNokia_sendChar                  text5        00195C
_LCDNokia_writeByte                 text11       00155E
_LCD_delay                          text8        00162E
_OSCCON                             (abs)        000FD3
_PIR1bits                           (abs)        000F9E
_PORTA                              (abs)        000F80
_PORTAbits                          (abs)        000F80
_PORTB                              (abs)        000F81
_PORTC                              (abs)        000F82
_PORTCbits                          (abs)        000F82
_RCSTAbits                          (abs)        000FAB
_SPBRG                              (abs)        000FAF
_SPI_Config                         mediumconst  001CFC
_SPI_enableClock                    text4        001698
_SPI_enablePins                     text3        0015D2
_SPI_init                           text2        001718
_SPI_write                          text12       001534
_SSPBUF                             (abs)        000FC9
_SSPCON                             (abs)        000FC6
_SSPCONbits                         (abs)        000FC6
_SSPSTAT                            (abs)        000FC7
_SSPSTATbits                        (abs)        000FC7
_StateProgram                       mediumconst  001C97
_TRISA                              (abs)        000F92
_TRISB                              (abs)        000F93
_TRISC                              (abs)        000F94
_TRISCbits                          (abs)        000F94
_TXREG                              (abs)        000FAD
_TXSTAbits                          (abs)        000FAC
__CFG_BOREN$ON                      (abs)        000000
__CFG_CP0$OFF                       (abs)        000000
__CFG_CP1$OFF                       (abs)        000000
__CFG_CPB$OFF                       (abs)        000000
__CFG_CPD$OFF                       (abs)        000000
__CFG_EBTR0$OFF                     (abs)        000000
__CFG_EBTR1$OFF                     (abs)        000000
__CFG_EBTRB$OFF                     (abs)        000000
__CFG_FCMEN$ON                      (abs)        000000
__CFG_HPOL$HIGH                     (abs)        000000
__CFG_IESO$ON                       (abs)        000000
__CFG_LPOL$HIGH                     (abs)        000000
__CFG_LVP$OFF                       (abs)        000000
__CFG_MCLRE$OFF                     (abs)        000000
__CFG_OSC$IRCIO                     (abs)        000000
__CFG_PWMPIN$OFF                    (abs)        000000
__CFG_PWRTEN$OFF                    (abs)        000000
__CFG_STVREN$ON                     (abs)        000000
__CFG_T1OSCMX$ON                    (abs)        000000
__CFG_WDPS$32768                    (abs)        000000
__CFG_WDTEN$OFF                     (abs)        000000
__CFG_WINEN$OFF                     (abs)        000000
__CFG_WRT0$OFF                      (abs)        000000
__CFG_WRT1$OFF                      (abs)        000000
__CFG_WRTB$OFF                      (abs)        000000
__CFG_WRTC$OFF                      (abs)        000000
__CFG_WRTD$OFF                      (abs)        000000
__HRAM                              (abs)        000000
__Habs1                             abs1         000000
__Hbank0                            bank0        000000
__Hbank1                            bank1        000000
__Hbank2                            bank2        000000
__Hbigbss                           bigbss       000000
__Hbigdata                          bigdata      000000
__Hbigram                           bigram       000000
__Hbss                              bss          000000
__HbssBANK0                         bssBANK0     000000
__HbssCOMRAM                        bssCOMRAM    000000
__Hcinit                            cinit        000000
__Hclrtext                          clrtext      000000
__Hcomram                           comram       000000
__Hconfig                           config       30000E
__Hconst                            const        000000
__HcstackCOMRAM                     cstackCOMRAM 000000
__Hdata                             data         000000
__HdataBANK0                        dataBANK0    000000
__Heeprom_data                      eeprom_data  000000
__Hfarbss                           farbss       000000
__Hfardata                          fardata      000000
__Hibigdata                         ibigdata     000000
__Hidata                            idata        000000
__HidataBANK0                       idataBANK0   000000
__Hidloc                            idloc        200008
__Hifardata                         ifardata     000000
__Hinit                             init         000006
__Hintcode                          intcode      000002
__Hintcode_body                     intcode_body 000000
__Hintcodelo                        intcodelo    000002
__Hintentry                         intentry     000000
__Hintret                           intret       000000
__Hintsave_regs                     intsave_regs 000000
__Hirdata                           irdata       000000
__Hmediumconst                      mediumconst  001D00
__HnvFARRAM                         nvFARRAM     000000
__Hnvbit                            nvbit        000000
__Hnvrram                           nvrram       000000
__Hparam                            rparam       000000
__Hpowerup                          powerup      000002
__Hram                              ram          000000
__Hramtop                           ramtop       000300
__Hrbit                             rbit         000000
__Hrbss                             rbss         000000
__Hrdata                            rdata        000000
__Hreset_vec                        reset_vec    000002
__Hrparam                           rparam       000000
__Hsfr                              sfr          000000
__Hsmallconst                       smallconst   000000
__Hspace_0                          (abs)        30000E
__Hspace_1                          (abs)        00008C
__Hspace_2                          (abs)        000000
__Hstack                            stack        000000
__Hstruct                           struct       000000
__Htemp                             temp         000000
__Htext                             text         000000
__Htext0                            text0        000000
__Htext1                            text1        000000
__Htext10                           text10       000000
__Htext11                           text11       000000
__Htext12                           text12       000000
__Htext13                           text13       000000
__Htext14                           text14       000000
__Htext15                           text15       000000
__Htext16                           text16       000000
__Htext17                           text17       000000
__Htext2                            text2        000000
__Htext3                            text3        000000
__Htext4                            text4        000000
__Htext5                            text5        000000
__Htext6                            text6        000000
__Htext7                            text7        000000
__Htext8                            text8        000000
__Htext9                            text9        000000
__LRAM                              (abs)        000001
__Labs1                             abs1         000000
__Lbank0                            bank0        000000
__Lbank1                            bank1        000000
__Lbank2                            bank2        000000
__Lbigbss                           bigbss       000000
__Lbigdata                          bigdata      000000
__Lbigram                           bigram       000000
__Lbss                              bss          000000
__LbssBANK0                         bssBANK0     000000
__LbssCOMRAM                        bssCOMRAM    000000
__Lcinit                            cinit        000000
__Lclrtext                          clrtext      000000
__Lcomram                           comram       000000
__Lconfig                           config       300000
__Lconst                            const        000000
__LcstackCOMRAM                     cstackCOMRAM 000000
__Ldata                             data         000000
__LdataBANK0                        dataBANK0    000000
__Leeprom_data                      eeprom_data  000000
__Lfarbss                           farbss       000000
__Lfardata                          fardata      000000
__Libigdata                         ibigdata     000000
__Lidata                            idata        000000
__LidataBANK0                       idataBANK0   000000
__Lidloc                            idloc        200000
__Lifardata                         ifardata     000000
__Linit                             init         000002
__Lintcode                          intcode      000002
__Lintcode_body                     intcode_body 000000
__Lintcodelo                        intcodelo    000002
__Lintentry                         intentry     000000
__Lintret                           intret       000000
__Lintsave_regs                     intsave_regs 000000
__Lirdata                           irdata       000000
__Lmediumconst                      mediumconst  001AB6
__LnvFARRAM                         nvFARRAM     000000
__Lnvbit                            nvbit        000000
__Lnvrram                           nvrram       000000
__Lparam                            rparam       000000
__Lpowerup                          powerup      000002
__Lram                              ram          000000
__Lramtop                           ramtop       000300
__Lrbit                             rbit         000000
__Lrbss                             rbss         000000
__Lrdata                            rdata        000000
__Lreset_vec                        reset_vec    000000
__Lrparam                           rparam       000000
__Lsfr                              sfr          000000
__Lsmallconst                       smallconst   000000
__Lspace_0                          (abs)        000000
__Lspace_1                          (abs)        000000
__Lspace_2                          (abs)        000000
__Lstack                            stack        000000
__Lstruct                           struct       000000
__Ltemp                             temp         000000
__Ltext                             text         000000
__Ltext0                            text0        000000
__Ltext1                            text1        000000
__Ltext10                           text10       000000
__Ltext11                           text11       000000
__Ltext12                           text12       000000
__Ltext13                           text13       000000
__Ltext14                           text14       000000
__Ltext15                           text15       000000
__Ltext16                           text16       000000
__Ltext17                           text17       000000
__Ltext2                            text2        000000
__Ltext3                            text3        000000
__Ltext4                            text4        000000
__Ltext5                            text5        000000
__Ltext6                            text6        000000
__Ltext7                            text7        000000
__Ltext8                            text8        000000
__Ltext9                            text9        000000
__S0                                (abs)        30000E
__S1                                (abs)        00008C
__S2                                (abs)        000000
___inthi_sp                         stack        000000
___intlo_sp                         stack        000000
___param_bank                       (abs)        000000
___rparam_used                      (abs)        000001
___sp                               stack        000000
___wmul                             text6        001584
___wmul@multiplicand                cstackCOMRAM 000048
___wmul@multiplier                  cstackCOMRAM 000046
___wmul@product                     cstackCOMRAM 00004A
__accesstop                         (abs)        000060
__activetblptr                      (abs)        000002
__end_of_ASCII                      mediumconst  001C97
__end_of_ButtonInt_config           text16       00162E
__end_of_GPIO_clearPIN              text14       0018EA
__end_of_GPIO_dataDirectionPIN      text17       001AB6
__end_of_GPIO_setPIN                text13       00187C
__end_of_GPIO_sourceClock           text15       001814
__end_of_LCDNokia_clear             text9        001698
__end_of_LCDNokia_gotoXY            text10       00155E
__end_of_LCDNokia_init              text7        00195C
__end_of_LCDNokia_sendChar          text5        0019DA
__end_of_LCDNokia_writeByte         text11       001584
__end_of_LCD_delay                  text8        001660
__end_of_SPI_Config                 mediumconst  001CFF
__end_of_SPI_enableClock            text4        0016D6
__end_of_SPI_enablePins             text3        0015FE
__end_of_SPI_init                   text2        001760
__end_of_SPI_write                  text12       001542
__end_of_StateProgram               mediumconst  001CA7
__end_of___wmul                     text6        0015AA
__end_of__initialization            cinit        00170E
__end_of_delay                      text1        0015D2
__end_of_main                       text0        0017B4
__end_of_phasesFrequency            mediumconst  001CF8
__end_of_phasesMainMenu             mediumconst  001CCD
__end_of_phasesPhaseAngle           mediumconst  001CDA
__end_of_phasesPower1               mediumconst  001CC5
__end_of_phasesPower2               mediumconst  001CE6
__end_of_phasesPowerFactor          mediumconst  001CFC
__end_of_phasesRmsVI                mediumconst  001CE0
__end_of_phasesTemperature          mediumconst  001CF4
__end_ofgeneralView@F3411           mediumconst  001CB3
__end_ofgeneralView@F3413           mediumconst  001CBD
__end_ofgeneralView@F3415           mediumconst  001CD4
__end_ofgeneralView@F3417           mediumconst  001CF0
__end_ofsendData@F3425              mediumconst  001CEB
__initialization                    cinit        0016D6
__mediumconst                       mediumconst  001AB6
__pbssBANK0                         bssBANK0     000060
__pbssCOMRAM                        bssCOMRAM    000001
__pcinit                            cinit        0016D6
__pcstackCOMRAM                     cstackCOMRAM 000046
__pdataBANK0                        dataBANK0    000081
__pidataBANK0                       idataBANK0   001529
__pmediumconst                      mediumconst  001AB6
__ptext0                            text0        001760
__ptext1                            text1        0015AA
__ptext10                           text10       001542
__ptext11                           text11       00155E
__ptext12                           text12       001534
__ptext13                           text13       001814
__ptext14                           text14       00187C
__ptext15                           text15       0017B4
__ptext16                           text16       0015FE
__ptext17                           text17       0019DA
__ptext2                            text2        001718
__ptext3                            text3        0015D2
__ptext4                            text4        001698
__ptext5                            text5        00195C
__ptext6                            text6        001584
__ptext7                            text7        0018EA
__ptext8                            text8        00162E
__ptext9                            text9        001660
__ramtop                            ramtop       000300
__size_of_ButtonInt_config          (abs)        000000
__size_of_GPIO_clearPIN             (abs)        000000
__size_of_GPIO_dataDirectionPIN     (abs)        000000
__size_of_GPIO_setPIN               (abs)        000000
__size_of_GPIO_sourceClock          (abs)        000000
__size_of_LCDNokia_clear            (abs)        000000
__size_of_LCDNokia_gotoXY           (abs)        000000
__size_of_LCDNokia_init             (abs)        000000
__size_of_LCDNokia_sendChar         (abs)        000000
__size_of_LCDNokia_writeByte        (abs)        000000
__size_of_LCD_delay                 (abs)        000000
__size_of_SPI_enableClock           (abs)        000000
__size_of_SPI_enablePins            (abs)        000000
__size_of_SPI_init                  (abs)        000000
__size_of_SPI_write                 (abs)        000000
__size_of___wmul                    (abs)        000000
__size_of_delay                     (abs)        000000
__size_of_main                      (abs)        000000
__smallconst                        smallconst   000000
_delay                              text1        0015AA
_exitFrequency                      (abs)        000000
_exitPhaseAngle                     (abs)        000000
_exitPower1                         (abs)        000000
_exitPower2                         (abs)        000000
_exitPowerFactor                    (abs)        000000
_exitRmsVI                          (abs)        000000
_exitTemperature                    (abs)        000000
_fhPower2                           (abs)        000000
_generalView                        (abs)        000000
_initialLoad                        (abs)        000000
_main                               text0        001760
_neutralRmsVI                       (abs)        000000
_phPhaseAngle                       (abs)        000000
_phPower1                           (abs)        000000
_phPower2                           (abs)        000000
_phPowerFactor                      (abs)        000000
_phRmsVI                            (abs)        000000
_phasesFrequency                    mediumconst  001CF4
_phasesMainMenu                     mediumconst  001CC5
_phasesPhaseAngle                   mediumconst  001CD4
_phasesPower1                       mediumconst  001CBD
_phasesPower2                       mediumconst  001CE0
_phasesPowerFactor                  mediumconst  001CF8
_phasesRmsVI                        mediumconst  001CDA
_phasesTemperature                  mediumconst  001CF0
_sendData                           (abs)        000000
_showFrequency                      (abs)        000000
_showTemperature                    (abs)        000000
_stateFrequency                     (abs)        000000
_stateMainMenu                      (abs)        000000
_statePhaseAngle                    (abs)        000000
_statePower1                        (abs)        000000
_statePower2                        (abs)        000000
_statePowerFactor                   (abs)        000000
_stateRmsVI                         (abs)        000000
_stateTemperature                   (abs)        000000
_typesPower1                        (abs)        000000
_vectorPower1                       (abs)        000000
_viPhaseAngle                       (abs)        000000
_viewMenu                           (abs)        000000
delay@counter                       cstackCOMRAM 00004A
delay@delay                         cstackCOMRAM 000046
end_of_initialization               cinit        00170E
exitFrequency@currentFrequency2     bssBANK0     000066
exitPhaseAngle@currentPhaseAngle3   bssBANK0     00006C
exitPower1@currentPower1_4          bssCOMRAM    00000B
exitPower2@currentPower2_3          bssBANK0     00007E
exitPowerFactor@currentPowerFactor2 bssCOMRAM    000029
exitRmsVI@currentRms3               bssBANK0     000075
exitTemperature@currentTemperature2 bssBANK0     000060
expBASE10@value                     bssCOMRAM    000001
fhPower2@currentPower2_1            bssCOMRAM    000008
generalView@F3411                   mediumconst  001CA7
generalView@F3413                   mediumconst  001CB3
generalView@F3415                   mediumconst  001CCD
generalView@F3417                   mediumconst  001CEB
generalView@currentMainMenu2        bssCOMRAM    000031
generalView@lockClear               bssCOMRAM    00003D
generalView@lockWrite               bssCOMRAM    00003C
initialLoad@currentMainMenu1        bssCOMRAM    000033
intlevel0                           text         000000
intlevel1                           text         000000
intlevel2                           text         000000
intlevel3                           text         000000
main@F3300                          dataBANK0    000081
main@arrayTest                      cstackCOMRAM 000053
main@currentState                   cstackCOMRAM 00005E
main@test                           cstackCOMRAM 00005F
neutralRmsVI@currentRms2            bssBANK0     000078
phPhaseAngle@currentPhaseAngle1     bssBANK0     000072
phPower1@currentPower1_2            bssCOMRAM    000011
phPower2@currentPower2_2            bssCOMRAM    000005
phPowerFactor@currentPowerFactor1   bssCOMRAM    00002B
phRmsVI@currentRms1                 bssBANK0     00007B
sendData@F3425                      mediumconst  001CE6
sendData@currentMainMenu4           bssCOMRAM    00002D
showFrequency@currentFrequency1     bssBANK0     000069
showTemperature@currentTemperature1 bssBANK0     000063
stackhi                             (abs)        0002EE
stacklo                             (abs)        00008C
start                               init         000002
start_initialization                cinit        0016D6
stateFrequency@phase                bssCOMRAM    00003F
stateFrequency@phaseFrequency       bssCOMRAM    00001A
stateMainMenu@phase                 bssCOMRAM    000045
stateMainMenu@phaseMain             bssCOMRAM    000037
statePhaseAngle@phase               bssCOMRAM    000040
statePhaseAngle@phasePhaseAngle     bssCOMRAM    00001D
statePower1@phase                   bssCOMRAM    000044
statePower1@phasePower1             bssCOMRAM    000026
statePower2@phase                   bssCOMRAM    000043
statePower2@phasePower2             bssCOMRAM    000023
statePowerFactor@phase              bssCOMRAM    000041
statePowerFactor@phasePowerFactor   bssCOMRAM    000035
stateRmsVI@phase                    bssCOMRAM    000042
stateRmsVI@phaseRmsVI               bssCOMRAM    000020
stateTemperature@phase              bssCOMRAM    00003E
stateTemperature@phaseTemperature   bssCOMRAM    000017
typesPower1@currentPower1_1         bssCOMRAM    000014
vectorPower1@currentPower1_3        bssCOMRAM    00000E
viPhaseAngle@currentPhaseAngle2     bssBANK0     00006F
viewMenu@currentMainMenu3           bssCOMRAM    00002F


FUNCTION INFORMATION:

 *************** function _main *****************
 Defined at:
		line 89 in file "main.c"
 Parameters:    Size  Location     Type
		None
 Auto vars:     Size  Location     Type
  arrayTest      11   13[COMRAM] unsigned char [11]
  mainFunction    2    0        PTR FTN()enum E3248
  test            1   25[COMRAM] unsigned char 
  currentState    1   24[COMRAM] enum E3248
 Return value:  Size  Location     Type
                  1    wreg      void 
 Registers used:
		wreg, fsr1l, fsr1h, fsr2l, fsr2h, status,2, status,0, tblptrl, tblptrh, tblptru, prodl, prodh, cstack
 Tracked objects:
		On entry : 
		On exit  : 
		Unchanged: 
 Data sizes:     COMRAM   BANK0   BANK1   BANK2
      Params:         0       0       0       0
      Locals:        13       0       0       0
      Temps:          0       0       0       0
      Totals:        13       0       0       0
Total ram usage:       13 bytes
 Hardware stack levels required when called:    4
 This function calls:
		_ButtonInt_config
		_GPIO_sourceClock
		_LCDNokia_clear
		_LCDNokia_init
		_LCDNokia_sendChar
		_SPI_init
		_delay
 This function is called by:
		Startup code after reset
 This function uses a non-reentrant model


 *************** function _delay *****************
 Defined at:
		line 189 in file "GPIO.c"
 Parameters:    Size  Location     Type
  delay           4    0[COMRAM] unsigned long 
 Auto vars:     Size  Location     Type
  counter         4    4[COMRAM] volatile unsigned long 
 Return value:  Size  Location     Type
                  1    wreg      void 
 Registers used:
		wreg, status,2, status,0
 Tracked objects:
		On entry : 
		On exit  : 
		Unchanged: 
 Data sizes:     COMRAM   BANK0   BANK1   BANK2
      Params:         4       0       0       0
      Locals:         4       0       0       0
      Temps:          0       0       0       0
      Totals:         8       0       0       0
Total ram usage:        8 bytes
 Hardware stack levels used:    1
 This function calls:
		Nothing
 This function is called by:
		_main
		_UART_putString
 This function uses a non-reentrant model


 *************** function _SPI_init *****************
 Defined at:
		line 80 in file "SPI.c"
 Parameters:    Size  Location     Type
  SPI_Config      2    2[COMRAM] PTR const struct .
		 -> SPI_Config(3), 
 Auto vars:     Size  Location     Type
		None
 Return value:  Size  Location     Type
                  1    wreg      void 
 Registers used:
		wreg, status,2, status,0, tblptrl, tblptrh, tblptru, cstack
 Tracked objects:
		On entry : 
		On exit  : 
		Unchanged: 
 Data sizes:     COMRAM   BANK0   BANK1   BANK2
      Params:         2       0       0       0
      Locals:         0       0       0       0
      Temps:          2       0       0       0
      Totals:         4       0       0       0
Total ram usage:        4 bytes
 Hardware stack levels used:    1
 Hardware stack levels required when called:    1
 This function calls:
		_SPI_enableClock
		_SPI_enablePins
 This function is called by:
		_main
 This function uses a non-reentrant model


 *************** function _SPI_enablePins *****************
 Defined at:
		line 56 in file "SPI.c"
 Parameters:    Size  Location     Type
  serial          1    wreg     enum E3069
 Auto vars:     Size  Location     Type
  serial          1    0[COMRAM] enum E3069
 Return value:  Size  Location     Type
                  1    wreg      void 
 Registers used:
		wreg, status,2, status,0
 Tracked objects:
		On entry : 
		On exit  : 
		Unchanged: 
 Data sizes:     COMRAM   BANK0   BANK1   BANK2
      Params:         0       0       0       0
      Locals:         1       0       0       0
      Temps:          0       0       0       0
      Totals:         1       0       0       0
Total ram usage:        1 bytes
 Hardware stack levels used:    1
 This function calls:
		Nothing
 This function is called by:
		_SPI_init
 This function uses a non-reentrant model


 *************** function _SPI_enableClock *****************
 Defined at:
		line 14 in file "SPI.c"
 Parameters:    Size  Location     Type
  phase           1    wreg     enum E3065
  cpol            1    0[COMRAM] enum E3061
 Auto vars:     Size  Location     Type
  phase           1    1[COMRAM] enum E3065
 Return value:  Size  Location     Type
                  1    wreg      void 
 Registers used:
		wreg, status,2, status,0
 Tracked objects:
		On entry : 
		On exit  : 
		Unchanged: 
 Data sizes:     COMRAM   BANK0   BANK1   BANK2
      Params:         1       0       0       0
      Locals:         1       0       0       0
      Temps:          0       0       0       0
      Totals:         2       0       0       0
Total ram usage:        2 bytes
 Hardware stack levels used:    1
 This function calls:
		Nothing
 This function is called by:
		_SPI_init
 This function uses a non-reentrant model


 *************** function _LCDNokia_sendChar *****************
 Defined at:
		line 150 in file "LCDNokia5110.c"
 Parameters:    Size  Location     Type
  character       1    wreg     unsigned char 
 Auto vars:     Size  Location     Type
  character       1   10[COMRAM] unsigned char 
  index           2   11[COMRAM] unsigned int 
 Return value:  Size  Location     Type
                  1    wreg      void 
 Registers used:
		wreg, status,2, status,0, tblptrl, tblptrh, tblptru, prodl, prodh, cstack
 Tracked objects:
		On entry : 
		On exit  : 
		Unchanged: 
 Data sizes:     COMRAM   BANK0   BANK1   BANK2
      Params:         0       0       0       0
      Locals:         3       0       0       0
      Temps:          2       0       0       0
      Totals:         5       0       0       0
Total ram usage:        5 bytes
 Hardware stack levels used:    1
 Hardware stack levels required when called:    2
 This function calls:
		_LCDNokia_writeByte
		___wmul
 This function is called by:
		_main
		_LCDNokia_sendString
		_LCDNokia_printValue
		_LCDNokia_printFloatValue
 This function uses a non-reentrant model


 *************** function ___wmul *****************
 Defined at:
		line 15 in file "C:\Program Files (x86)\Microchip\xc8\v1.44\sources\common\Umul16.c"
 Parameters:    Size  Location     Type
  multiplier      2    0[COMRAM] unsigned int 
  multiplicand    2    2[COMRAM] unsigned int 
 Auto vars:     Size  Location     Type
  product         2    4[COMRAM] unsigned int 
 Return value:  Size  Location     Type
                  2    0[COMRAM] unsigned int 
 Registers used:
		wreg, status,2, status,0, prodl, prodh
 Tracked objects:
		On entry : 
		On exit  : 
		Unchanged: 
 Data sizes:     COMRAM   BANK0   BANK1   BANK2
      Params:         4       0       0       0
      Locals:         2       0       0       0
      Temps:          0       0       0       0
      Totals:         6       0       0       0
Total ram usage:        6 bytes
 Hardware stack levels used:    1
 This function calls:
		Nothing
 This function is called by:
		_LCDNokia_sendChar
 This function uses a non-reentrant model


 *************** function _LCDNokia_init *****************
 Defined at:
		line 108 in file "LCDNokia5110.c"
 Parameters:    Size  Location     Type
		None
 Auto vars:     Size  Location     Type
		None
 Return value:  Size  Location     Type
                  1    wreg      void 
 Registers used:
		wreg, status,2, status,0, cstack
 Tracked objects:
		On entry : 
		On exit  : 
		Unchanged: 
 Data sizes:     COMRAM   BANK0   BANK1   BANK2
      Params:         0       0       0       0
      Locals:         0       0       0       0
      Temps:          0       0       0       0
      Totals:         0       0       0       0
Total ram usage:        0 bytes
 Hardware stack levels used:    1
 Hardware stack levels required when called:    2
 This function calls:
		_GPIO_clearPIN
		_GPIO_dataDirectionPIN
		_GPIO_setPIN
		_LCDNokia_writeByte
		_LCD_delay
 This function is called by:
		_main
 This function uses a non-reentrant model


 *************** function _LCD_delay *****************
 Defined at:
		line 193 in file "LCDNokia5110.c"
 Parameters:    Size  Location     Type
		None
 Auto vars:     Size  Location     Type
  counter         4    0[COMRAM] unsigned long 
 Return value:  Size  Location     Type
                  1    wreg      void 
 Registers used:
		wreg, status,2, status,0
 Tracked objects:
		On entry : 
		On exit  : 
		Unchanged: 
 Data sizes:     COMRAM   BANK0   BANK1   BANK2
      Params:         0       0       0       0
      Locals:         4       0       0       0
      Temps:          0       0       0       0
      Totals:         4       0       0       0
Total ram usage:        4 bytes
 Hardware stack levels used:    1
 This function calls:
		Nothing
 This function is called by:
		_LCDNokia_init
 This function uses a non-reentrant model


 *************** function _LCDNokia_clear *****************
 Defined at:
		line 175 in file "LCDNokia5110.c"
 Parameters:    Size  Location     Type
		None
 Auto vars:     Size  Location     Type
  index           2   10[COMRAM] unsigned int 
 Return value:  Size  Location     Type
                  1    wreg      void 
 Registers used:
		wreg, status,2, status,0, cstack
 Tracked objects:
		On entry : 
		On exit  : 
		Unchanged: 
 Data sizes:     COMRAM   BANK0   BANK1   BANK2
      Params:         0       0       0       0
      Locals:         2       0       0       0
      Temps:          0       0       0       0
      Totals:         2       0       0       0
Total ram usage:        2 bytes
 Hardware stack levels used:    1
 Hardware stack levels required when called:    3
 This function calls:
		_LCDNokia_gotoXY
		_LCDNokia_writeByte
 This function is called by:
		_main
		_generalView
		_viewMenu
 This function uses a non-reentrant model


 *************** function _LCDNokia_gotoXY *****************
 Defined at:
		line 187 in file "LCDNokia5110.c"
 Parameters:    Size  Location     Type
  x               1    wreg     unsigned char 
  y               1    8[COMRAM] unsigned char 
 Auto vars:     Size  Location     Type
  x               1    9[COMRAM] unsigned char 
 Return value:  Size  Location     Type
                  1    wreg      void 
 Registers used:
		wreg, status,2, status,0, cstack
 Tracked objects:
		On entry : 
		On exit  : 
		Unchanged: 
 Data sizes:     COMRAM   BANK0   BANK1   BANK2
      Params:         1       0       0       0
      Locals:         1       0       0       0
      Temps:          0       0       0       0
      Totals:         2       0       0       0
Total ram usage:        2 bytes
 Hardware stack levels used:    1
 Hardware stack levels required when called:    2
 This function calls:
		_LCDNokia_writeByte
 This function is called by:
		_LCDNokia_clear
		_generalView
 This function uses a non-reentrant model


 *************** function _LCDNokia_writeByte *****************
 Defined at:
		line 136 in file "LCDNokia5110.c"
 Parameters:    Size  Location     Type
  DataOrCmd       1    wreg     unsigned char 
  data            1    6[COMRAM] unsigned char 
 Auto vars:     Size  Location     Type
  DataOrCmd       1    7[COMRAM] unsigned char 
 Return value:  Size  Location     Type
                  1    wreg      void 
 Registers used:
		wreg, status,2, status,0, cstack
 Tracked objects:
		On entry : 
		On exit  : 
		Unchanged: 
 Data sizes:     COMRAM   BANK0   BANK1   BANK2
      Params:         1       0       0       0
      Locals:         1       0       0       0
      Temps:          0       0       0       0
      Totals:         2       0       0       0
Total ram usage:        2 bytes
 Hardware stack levels used:    1
 Hardware stack levels required when called:    1
 This function calls:
		_GPIO_clearPIN
		_GPIO_setPIN
		_SPI_write
 This function is called by:
		_LCDNokia_init
		_LCDNokia_sendChar
		_LCDNokia_clear
		_LCDNokia_gotoXY
		_LCDNokia_bitmap
 This function uses a non-reentrant model


 *************** function _SPI_write *****************
 Defined at:
		line 86 in file "SPI.c"
 Parameters:    Size  Location     Type
  data            1    wreg     unsigned char 
 Auto vars:     Size  Location     Type
  data            1    0[COMRAM] unsigned char 
  flushData       1    0        unsigned char 
 Return value:  Size  Location     Type
                  1    wreg      void 
 Registers used:
		wreg
 Tracked objects:
		On entry : 
		On exit  : 
		Unchanged: 
 Data sizes:     COMRAM   BANK0   BANK1   BANK2
      Params:         0       0       0       0
      Locals:         1       0       0       0
      Temps:          0       0       0       0
      Totals:         1       0       0       0
Total ram usage:        1 bytes
 Hardware stack levels used:    1
 This function calls:
		Nothing
 This function is called by:
		_LCDNokia_writeByte
 This function uses a non-reentrant model


 *************** function _GPIO_setPIN *****************
 Defined at:
		line 151 in file "GPIO.c"
 Parameters:    Size  Location     Type
  portName        1    wreg     enum E3075
  pin             1    0[COMRAM] unsigned char 
 Auto vars:     Size  Location     Type
  portName        1    3[COMRAM] enum E3075
 Return value:  Size  Location     Type
                  1    wreg      void 
 Registers used:
		wreg, status,2, status,0
 Tracked objects:
		On entry : 
		On exit  : 
		Unchanged: 
 Data sizes:     COMRAM   BANK0   BANK1   BANK2
      Params:         1       0       0       0
      Locals:         1       0       0       0
      Temps:          2       0       0       0
      Totals:         4       0       0       0
Total ram usage:        4 bytes
 Hardware stack levels used:    1
 This function calls:
		Nothing
 This function is called by:
		_LCDNokia_init
		_LCDNokia_writeByte
 This function uses a non-reentrant model


 *************** function _GPIO_clearPIN *****************
 Defined at:
		line 170 in file "GPIO.c"
 Parameters:    Size  Location     Type
  portName        1    wreg     enum E3075
  pin             1    0[COMRAM] unsigned char 
 Auto vars:     Size  Location     Type
  portName        1    3[COMRAM] enum E3075
 Return value:  Size  Location     Type
                  1    wreg      void 
 Registers used:
		wreg, status,2, status,0
 Tracked objects:
		On entry : 
		On exit  : 
		Unchanged: 
 Data sizes:     COMRAM   BANK0   BANK1   BANK2
      Params:         1       0       0       0
      Locals:         1       0       0       0
      Temps:          2       0       0       0
      Totals:         4       0       0       0
Total ram usage:        4 bytes
 Hardware stack levels used:    1
 This function calls:
		Nothing
 This function is called by:
		_LCDNokia_init
		_LCDNokia_writeByte
 This function uses a non-reentrant model


 *************** function _GPIO_sourceClock *****************
 Defined at:
		line 18 in file "GPIO.c"
 Parameters:    Size  Location     Type
  clk             1    wreg     enum E3061
 Auto vars:     Size  Location     Type
  clk             1    0[COMRAM] enum E3061
 Return value:  Size  Location     Type
                  1    wreg      void 
 Registers used:
		wreg, status,2, status,0
 Tracked objects:
		On entry : 
		On exit  : 
		Unchanged: 
 Data sizes:     COMRAM   BANK0   BANK1   BANK2
      Params:         0       0       0       0
      Locals:         1       0       0       0
      Temps:          0       0       0       0
      Totals:         1       0       0       0
Total ram usage:        1 bytes
 Hardware stack levels used:    1
 This function calls:
		Nothing
 This function is called by:
		_main
 This function uses a non-reentrant model


 *************** function _ButtonInt_config *****************
 Defined at:
		line 63 in file "Buttons.c"
 Parameters:    Size  Location     Type
		None
 Auto vars:     Size  Location     Type
		None
 Return value:  Size  Location     Type
                  1    wreg      void 
 Registers used:
		wreg, status,2, status,0, cstack
 Tracked objects:
		On entry : 
		On exit  : 
		Unchanged: 
 Data sizes:     COMRAM   BANK0   BANK1   BANK2
      Params:         0       0       0       0
      Locals:         0       0       0       0
      Temps:          0       0       0       0
      Totals:         0       0       0       0
Total ram usage:        0 bytes
 Hardware stack levels used:    1
 Hardware stack levels required when called:    1
 This function calls:
		_GPIO_dataDirectionPIN
 This function is called by:
		_main
 This function uses a non-reentrant model


 *************** function _GPIO_dataDirectionPIN *****************
 Defined at:
		line 51 in file "GPIO.c"
 Parameters:    Size  Location     Type
  portName        1    wreg     enum E3075
  pin             1    0[COMRAM] unsigned char 
  state           1    1[COMRAM] enum E3071
 Auto vars:     Size  Location     Type
  portName        1    4[COMRAM] enum E3075
 Return value:  Size  Location     Type
                  1    wreg      void 
 Registers used:
		wreg, status,2, status,0
 Tracked objects:
		On entry : 
		On exit  : 
		Unchanged: 
 Data sizes:     COMRAM   BANK0   BANK1   BANK2
      Params:         2       0       0       0
      Locals:         1       0       0       0
      Temps:          2       0       0       0
      Totals:         5       0       0       0
Total ram usage:        5 bytes
 Hardware stack levels used:    1
 This function calls:
		Nothing
 This function is called by:
		_LCDNokia_init
		_ButtonInt_config
		_UART_init
		_ATM_IC
 This function uses a non-reentrant model



MODULE INFORMATION

Module		Function		Class		Link	Load	Size
LCDNokia5110.c
		_LCDNokia_init 		CODE           	18EA	0000	115
		_LCDNokia_sendChar		CODE           	195C	0000	127
		_LCDNokia_clear		CODE           	1660	0000	57
		_LCDNokia_gotoXY		CODE           	1542	0000	29
		_LCDNokia_writeByte		CODE           	155E	0000	39
		_LCD_delay     		CODE           	162E	0000	51

LCDNokia5110.c estimated size: 418

C:\Program Files (x86)\Microchip\xc8\v1.44\sources\common\Umul16.c
		___wmul        		CODE           	1584	0000	39

C:\Program Files (x86)\Microchip\xc8\v1.44\sources\common\Umul16.c estimated size: 39

Buttons.c
		_ButtonInt_config		CODE           	15FE	0000	49

Buttons.c estimated size: 49

shared
		sendData@F3425 		MEDIUMCONST    	1CE6	0000	6
		generalView@F3411		MEDIUMCONST    	1CA7	0000	13
		_phasesFrequency		MEDIUMCONST    	1CF4	0000	5
		_ASCII         		MEDIUMCONST    	1AB7	0000	481
		generalView@F3413		MEDIUMCONST    	1CB3	0000	11
		generalView@F3415		MEDIUMCONST    	1CCD	0000	8
		generalView@F3417		MEDIUMCONST    	1CEB	0000	6
		_SPI_Config    		MEDIUMCONST    	1CFC	0000	4
		__initialization		CODE           	16D6	0000	57
		_phasesPower1  		MEDIUMCONST    	1CBD	0000	9
		_phasesPower2  		MEDIUMCONST    	1CE0	0000	7
		_phasesTemperature		MEDIUMCONST    	1CF0	0000	5
		_phasesPhaseAngle		MEDIUMCONST    	1CD4	0000	7
		_phasesMainMenu		MEDIUMCONST    	1CC5	0000	9
		_phasesPowerFactor		MEDIUMCONST    	1CF8	0000	5
		_phasesRmsVI   		MEDIUMCONST    	1CDA	0000	7
		_StateProgram  		MEDIUMCONST    	1C97	0000	17

shared estimated size: 657

GPIO.c
		_delay         		CODE           	15AA	0000	41
		_GPIO_clearPIN 		CODE           	187C	0000	111
		_GPIO_dataDirectionPIN		CODE           	19DA	0000	221
		_GPIO_sourceClock		CODE           	17B4	0000	97
		_GPIO_setPIN   		CODE           	1814	0000	105

GPIO.c estimated size: 575

SPI.c
		_SPI_init      		CODE           	1718	0000	73
		_SPI_enablePins		CODE           	15D2	0000	45
		_SPI_enableClock		CODE           	1698	0000	63
		_SPI_write     		CODE           	1534	0000	15

SPI.c estimated size: 196

main.c
		_main          		CODE           	1760	0000	85

main.c estimated size: 85

