Microchip MPLAB XC8 Compiler V1.44 ()

Linker command line:

-W-3 --edf=C:\Program Files (x86)\Microchip\xc8\v1.44\dat\en_msgs.txt -cs \
  -h+dist/default/debug\Project_Measurement.X.debug.sym \
  --cmf=dist/default/debug\Project_Measurement.X.debug.cmf -z -Q18F2331 \
  -oC:\Users\ANDRES~1\AppData\Local\Temp\s24ig.2 \
  -Mdist/default/debug/Project_Measurement.X.debug.map -E1 -ver=XC8 \
  -ASTACK=0AEh-02eeh -pstack=STACK -ACODE=00h-01CFFh -ACONST=00h-01CFFh \
  -ASMALLCONST=0300h-03FFhx26 -AMEDIUMCONST=0300h-01CFFh -ACOMRAM=01h-05Fh \
  -AABS1=00h-02EEh -ABIGRAM=01h-02EEh \
  -ARAM=060h-0FFh,0100h-01FFh,0200h-02EEh -ABANK0=060h-0FFh \
  -ABANK1=0100h-01FFh -ABANK2=0200h-02EEh \
  -ASFR=0F60h-0F9Bh,0F9Dh-0FD3h,0FD5h-0FDAh,0FE0h-0FE2h,0FE8h-0FEAh,0FF0h-0FFBh \
  -preset_vec=00h,intcode=08h,intcodelo,powerup,init -pramtop=0300h \
  -psmallconst=SMALLCONST -pmediumconst=MEDIUMCONST -pconst=CONST \
  -AFARRAM=00h-00h -ACONFIG=0300000h-030000Dh -pconfig=CONFIG \
  -AIDLOC=0200000h-0200007h -pidloc=IDLOC -AEEDATA=0F00000h-0F000FFh \
  -peeprom_data=EEDATA \
  -prdata=COMRAM,nvrram=COMRAM,nvbit=COMRAM,rbss=COMRAM,rbit=COMRAM \
  -pfarbss=FARRAM,fardata=FARRAM,nvFARRAM=FARRAM \
  -pintsave_regs=BIGRAM,bigbss=BIGRAM,bigdata=BIGRAM -pbss=RAM \
  -pidata=CODE,irdata=CODE,ibigdata=CODE,ifardata=CODE -prparam=COMRAM \
  C:\Users\ANDRES~1\AppData\Local\Temp\s24ig.obj \
  dist/default/debug\Project_Measurement.X.debug.obj 

Object code version is 3.11

Machine type is 18F2331

Call graph: (short form)




                Name                               Link     Load   Length Selector   Space Scale
C:\Users\ANDRES~1\AppData\Local\Temp\s24ig.obj
                init                                 A2       A2        4        4       0
                reset_vec                             0        0        6        0       0
                idloc                            200000   200000        8   200000       0
                config                           300000   300000        E   300000       0
dist/default/debug\Project_Measurement.X.debug.obj
                intcode                               8        8       9A        4       0
                temp                                 4C       4C        1        1       1
                mediumconst                        1ADE     1ADE      222      D6F       0
                text17                              352      352       60        4       0
                text16                              27C      27C       6E        4       0
                text15                              2EA      2EA       68        4       0
                text14                              628      628       1A        4       0
                text13                              5E6      5E6       26        4       0
                text12                              60C      60C       1C        4       0
                text11                              4D4      4D4       3C        4       0
                text10                               A6       A6       DC        4       0
                text9                               510      510       32        4       0
                text8                               20A      20A       72        4       0
                text7                               5C0      5C0       26        4       0
                text6                               182      182       88        4       0
                text5                               59A      59A       26        4       0
                text4                               496      496       3E        4       0
                text3                               542      542       30        4       0
                text2                               408      408       48        4       0
                text1                               572      572       28        4       0
                text0                               3B2      3B2       56        4       0
                cstackCOMRAM                         30       30       1C        1       1
                cstackBANK0                          90       90       12       60       1
                dataBANK0                            A2       A2        C       60       1
                bssBANK0                             60       60       30       60       1
                bssCOMRAM                             1        1       2F        1       1
                cinit                               450      450       46        4       0
                idataBANK0                          642      642        C        4       0

TOTAL           Name                               Link     Load   Length     Space
        CLASS   STACK          

        CLASS   CODE           
                intcode                               8        8       9A         0
                init                                 A2       A2        4         0
                reset_vec                             0        0        6         0
                text17                              352      352       60         0
                text16                              27C      27C       6E         0
                text15                              2EA      2EA       68         0
                text14                              628      628       1A         0
                text13                              5E6      5E6       26         0
                text12                              60C      60C       1C         0
                text11                              4D4      4D4       3C         0
                text10                               A6       A6       DC         0
                text9                               510      510       32         0
                text8                               20A      20A       72         0
                text7                               5C0      5C0       26         0
                text6                               182      182       88         0
                text5                               59A      59A       26         0
                text4                               496      496       3E         0
                text3                               542      542       30         0
                text2                               408      408       48         0
                text1                               572      572       28         0
                text0                               3B2      3B2       56         0
                cinit                               450      450       46         0
                idataBANK0                          642      642        C         0

        CLASS   CONST          

        CLASS   SMALLCONST     

        CLASS   MEDIUMCONST    
                mediumconst                        1ADE     1ADE      222         0

        CLASS   COMRAM         
                temp                                 4C       4C        1         1
                cstackCOMRAM                         30       30       1C         1
                bssCOMRAM                             1        1       2F         1

        CLASS   ABS1           

        CLASS   BIGRAM         

        CLASS   RAM            

        CLASS   BANK0          
                cstackBANK0                          90       90       12         1
                dataBANK0                            A2       A2        C         1
                bssBANK0                             60       60       30         1

        CLASS   BANK1          

        CLASS   BANK2          

        CLASS   SFR            

        CLASS   FARRAM         

        CLASS   CONFIG         
                config                           300000   300000        E         0

        CLASS   IDLOC          
                idloc                            200000   200000        8         0

        CLASS   EEDATA         



SEGMENTS        Name                           Load    Length   Top    Selector   Space  Class

                reset_vec                      000000  000006  000006         0       0  CODE    
                bssCOMRAM                      000001  00004C  00004D         1       1  COMRAM  
                intcode                        000008  000646  00064E         4       0  CODE    
                bssBANK0                       000060  00004E  0000AE        60       1  BANK0   
                mediumconst                    001ADE  000222  001D00       D6F       0  MEDIUMCO
                idloc                          200000  000008  200008    200000       0  IDLOC   
                config                         300000  00000E  30000E    300000       0  CONFIG  


UNUSED ADDRESS RANGES

        Name                Unused          Largest block    Delta
        BANK0            0000AE-0000FF               52
        BANK1            000100-0001FF              100
        BANK2            000200-0002EE               EF
        BIGRAM           00004D-00005F               13
                         0000AE-0002EE              241
        CODE             000006-000007                2
                         00064E-001ADD             1490
        COMRAM           00004D-00005F               13
        CONST            000006-000007                2
                         00064E-001ADD             1490
        EEDATA           F00000-F000FF              100
        MEDIUMCONST      00064E-001ADD             1490
        RAM              0000AE-0002EE              100
        SFR              000F60-000F9B               3C
                         000F9D-000FD3               37
                         000FD5-000FDA                6
                         000FE0-000FE2                3
                         000FE8-000FEA                3
                         000FF0-000FFB                C
        SMALLCONST       00064E-001ADD              100
        STACK            0000AE-0002EE              241

                                  Symbol Table

?___wmul                            cstackCOMRAM 000042
GPIO_clearPIN@pin                   cstackCOMRAM 000042
GPIO_clearPIN@portName              cstackCOMRAM 000045
GPIO_dataDirectionPIN@pin           cstackCOMRAM 000042
GPIO_dataDirectionPIN@portName      cstackCOMRAM 000046
GPIO_dataDirectionPIN@state         cstackCOMRAM 000043
GPIO_setPIN@pin                     cstackCOMRAM 000042
GPIO_setPIN@portName                cstackCOMRAM 000045
GPIO_sourceClock@clk                cstackCOMRAM 000042
LCDNokia_clear@index                cstackBANK0  000090
LCDNokia_gotoXY@x                   cstackCOMRAM 00004B
LCDNokia_gotoXY@y                   cstackCOMRAM 00004A
LCDNokia_sendChar@character         cstackBANK0  000090
LCDNokia_sendChar@index             cstackBANK0  000091
LCDNokia_sendString@characters      cstackBANK0  000093
LCDNokia_writeByte@DataOrCmd        cstackCOMRAM 000049
LCDNokia_writeByte@data             cstackCOMRAM 000048
LCD_delay@counter                   cstackCOMRAM 000042
SPI_enableClock@cpol                cstackCOMRAM 000042
SPI_enableClock@phase               cstackCOMRAM 000043
SPI_enablePins@serial               cstackCOMRAM 000042
SPI_init@SPI_Config                 cstackCOMRAM 000044
SPI_write@data                      cstackCOMRAM 000043
SPI_write@success                   cstackCOMRAM 000042
_ANSEL0                             (abs)        000FB8
_ASCII                              mediumconst  001ADF
_BAUDCTLbits                        (abs)        000FAA
_Button1                            intcode      000008
_GIE                                (abs)        007F97
_GPIO_clearPIN                      text16       00027C
_GPIO_dataDirectionPIN              text10       0000A6
_GPIO_setPIN                        text15       0002EA
_GPIO_sourceClock                   text17       000352
_INT0IE                             (abs)        007F94
_INT0IF                             (abs)        007F91
_LCDNokia_clear                     text11       0004D4
_LCDNokia_gotoXY                    text12       00060C
_LCDNokia_init                      text8        00020A
_LCDNokia_sendChar                  text6        000182
_LCDNokia_sendString                text5        00059A
_LCDNokia_writeByte                 text13       0005E6
_LCD_delay                          text9        000510
_OSCCON                             (abs)        000FD3
_PORTA                              (abs)        000F80
_PORTB                              (abs)        000F81
_PORTC                              (abs)        000F82
_RCSTAbits                          (abs)        000FAB
_SPBRG                              (abs)        000FAF
_SPI_Config                         mediumconst  001CFB
_SPI_enableClock                    text4        000496
_SPI_enablePins                     text3        000542
_SPI_init                           text2        000408
_SPI_write                          text14       000628
_SSPBUF                             (abs)        000FC9
_SSPCON                             (abs)        000FC6
_SSPCONbits                         (abs)        000FC6
_SSPSTAT                            (abs)        000FC7
_SSPSTATbits                        (abs)        000FC7
_StateProgram                       mediumconst  001CBF
_TRISA                              (abs)        000F92
_TRISB                              (abs)        000F93
_TRISC                              (abs)        000F94
_TRISCbits                          (abs)        000F94
_TXREG                              (abs)        000FAD
_TXSTAbits                          (abs)        000FAC
__CFG_BOREN$ON                      (abs)        000000
__CFG_CP0$OFF                       (abs)        000000
__CFG_CP1$OFF                       (abs)        000000
__CFG_CPB$OFF                       (abs)        000000
__CFG_CPD$OFF                       (abs)        000000
__CFG_EBTR0$OFF                     (abs)        000000
__CFG_EBTR1$OFF                     (abs)        000000
__CFG_EBTRB$OFF                     (abs)        000000
__CFG_FCMEN$ON                      (abs)        000000
__CFG_HPOL$HIGH                     (abs)        000000
__CFG_IESO$ON                       (abs)        000000
__CFG_LPOL$HIGH                     (abs)        000000
__CFG_LVP$OFF                       (abs)        000000
__CFG_MCLRE$OFF                     (abs)        000000
__CFG_OSC$IRCIO                     (abs)        000000
__CFG_PWMPIN$OFF                    (abs)        000000
__CFG_PWRTEN$OFF                    (abs)        000000
__CFG_STVREN$ON                     (abs)        000000
__CFG_T1OSCMX$ON                    (abs)        000000
__CFG_WDPS$32768                    (abs)        000000
__CFG_WDTEN$OFF                     (abs)        000000
__CFG_WINEN$OFF                     (abs)        000000
__CFG_WRT0$OFF                      (abs)        000000
__CFG_WRT1$OFF                      (abs)        000000
__CFG_WRTB$OFF                      (abs)        000000
__CFG_WRTC$OFF                      (abs)        000000
__CFG_WRTD$OFF                      (abs)        000000
__HRAM                              (abs)        000000
__Habs1                             abs1         000000
__Hbank0                            bank0        000000
__Hbank1                            bank1        000000
__Hbank2                            bank2        000000
__Hbigbss                           bigbss       000000
__Hbigdata                          bigdata      000000
__Hbigram                           bigram       000000
__Hbss                              bss          000000
__HbssBANK0                         bssBANK0     000000
__HbssCOMRAM                        bssCOMRAM    000000
__Hcinit                            cinit        000000
__Hclrtext                          clrtext      000000
__Hcomram                           comram       000000
__Hconfig                           config       30000E
__Hconst                            const        000000
__HcstackBANK0                      cstackBANK0  000000
__HcstackCOMRAM                     cstackCOMRAM 000000
__Hdata                             data         000000
__HdataBANK0                        dataBANK0    000000
__Heeprom_data                      eeprom_data  000000
__Hfarbss                           farbss       000000
__Hfardata                          fardata      000000
__Hibigdata                         ibigdata     000000
__Hidata                            idata        000000
__HidataBANK0                       idataBANK0   000000
__Hidloc                            idloc        200008
__Hifardata                         ifardata     000000
__Hinit                             init         0000A6
__Hintcode                          intcode      0000A2
__Hintcode_body                     intcode_body 000000
__Hintcodelo                        intcodelo    0000A2
__Hintentry                         intentry     000000
__Hintret                           intret       000000
__Hintsave_regs                     intsave_regs 000000
__Hirdata                           irdata       000000
__Hmediumconst                      mediumconst  001D00
__HnvFARRAM                         nvFARRAM     000000
__Hnvbit                            nvbit        000000
__Hnvrram                           nvrram       000000
__Hparam                            rparam       000000
__Hpowerup                          powerup      0000A2
__Hram                              ram          000000
__Hramtop                           ramtop       000300
__Hrbit                             rbit         000000
__Hrbss                             rbss         000000
__Hrdata                            rdata        000000
__Hreset_vec                        reset_vec    000006
__Hrparam                           rparam       000000
__Hsfr                              sfr          000000
__Hsmallconst                       smallconst   000000
__Hspace_0                          (abs)        30000E
__Hspace_1                          (abs)        0000AE
__Hspace_2                          (abs)        000000
__Hstack                            stack        000000
__Hstruct                           struct       000000
__Htemp                             temp         00004D
__Htext                             text         000000
__Htext0                            text0        000000
__Htext1                            text1        000000
__Htext10                           text10       000000
__Htext11                           text11       000000
__Htext12                           text12       000000
__Htext13                           text13       000000
__Htext14                           text14       000000
__Htext15                           text15       000000
__Htext16                           text16       000000
__Htext17                           text17       000000
__Htext2                            text2        000000
__Htext3                            text3        000000
__Htext4                            text4        000000
__Htext5                            text5        000000
__Htext6                            text6        000000
__Htext7                            text7        000000
__Htext8                            text8        000000
__Htext9                            text9        000000
__LRAM                              (abs)        000001
__Labs1                             abs1         000000
__Lbank0                            bank0        000000
__Lbank1                            bank1        000000
__Lbank2                            bank2        000000
__Lbigbss                           bigbss       000000
__Lbigdata                          bigdata      000000
__Lbigram                           bigram       000000
__Lbss                              bss          000000
__LbssBANK0                         bssBANK0     000000
__LbssCOMRAM                        bssCOMRAM    000000
__Lcinit                            cinit        000000
__Lclrtext                          clrtext      000000
__Lcomram                           comram       000000
__Lconfig                           config       300000
__Lconst                            const        000000
__LcstackBANK0                      cstackBANK0  000000
__LcstackCOMRAM                     cstackCOMRAM 000000
__Ldata                             data         000000
__LdataBANK0                        dataBANK0    000000
__Leeprom_data                      eeprom_data  000000
__Lfarbss                           farbss       000000
__Lfardata                          fardata      000000
__Libigdata                         ibigdata     000000
__Lidata                            idata        000000
__LidataBANK0                       idataBANK0   000000
__Lidloc                            idloc        200000
__Lifardata                         ifardata     000000
__Linit                             init         0000A2
__Lintcode                          intcode      000008
__Lintcode_body                     intcode_body 000000
__Lintcodelo                        intcodelo    0000A2
__Lintentry                         intentry     000000
__Lintret                           intret       000000
__Lintsave_regs                     intsave_regs 000000
__Lirdata                           irdata       000000
__Lmediumconst                      mediumconst  001ADE
__LnvFARRAM                         nvFARRAM     000000
__Lnvbit                            nvbit        000000
__Lnvrram                           nvrram       000000
__Lparam                            rparam       000000
__Lpowerup                          powerup      0000A2
__Lram                              ram          000000
__Lramtop                           ramtop       000300
__Lrbit                             rbit         000000
__Lrbss                             rbss         000000
__Lrdata                            rdata        000000
__Lreset_vec                        reset_vec    000000
__Lrparam                           rparam       000000
__Lsfr                              sfr          000000
__Lsmallconst                       smallconst   000000
__Lspace_0                          (abs)        000000
__Lspace_1                          (abs)        000000
__Lspace_2                          (abs)        000000
__Lstack                            stack        000000
__Lstruct                           struct       000000
__Ltemp                             temp         00004C
__Ltext                             text         000000
__Ltext0                            text0        000000
__Ltext1                            text1        000000
__Ltext10                           text10       000000
__Ltext11                           text11       000000
__Ltext12                           text12       000000
__Ltext13                           text13       000000
__Ltext14                           text14       000000
__Ltext15                           text15       000000
__Ltext16                           text16       000000
__Ltext17                           text17       000000
__Ltext2                            text2        000000
__Ltext3                            text3        000000
__Ltext4                            text4        000000
__Ltext5                            text5        000000
__Ltext6                            text6        000000
__Ltext7                            text7        000000
__Ltext8                            text8        000000
__Ltext9                            text9        000000
__S0                                (abs)        30000E
__S1                                (abs)        0000AE
__S2                                (abs)        000000
___inthi_sp                         stack        000000
___intlo_sp                         stack        000000
___param_bank                       (abs)        000000
___rparam_used                      (abs)        000001
___sp                               stack        000000
___wmul                             text7        0005C0
___wmul@multiplicand                cstackCOMRAM 000044
___wmul@multiplier                  cstackCOMRAM 000042
___wmul@product                     cstackCOMRAM 000046
__accesstop                         (abs)        000060
__activetblptr                      (abs)        000002
__end_of_ASCII                      mediumconst  001CBF
__end_of_Button1                    intcode      0000A2
__end_of_GPIO_clearPIN              text16       0002EA
__end_of_GPIO_dataDirectionPIN      text10       000182
__end_of_GPIO_setPIN                text15       000352
__end_of_GPIO_sourceClock           text17       0003B2
__end_of_LCDNokia_clear             text11       000510
__end_of_LCDNokia_gotoXY            text12       000628
__end_of_LCDNokia_init              text8        00027C
__end_of_LCDNokia_sendChar          text6        00020A
__end_of_LCDNokia_sendString        text5        0005C0
__end_of_LCDNokia_writeByte         text13       00060C
__end_of_LCD_delay                  text9        000542
__end_of_SPI_Config                 mediumconst  001CFE
__end_of_SPI_enableClock            text4        0004D4
__end_of_SPI_enablePins             text3        000572
__end_of_SPI_init                   text2        000450
__end_of_SPI_write                  text14       000642
__end_of_StateProgram               mediumconst  001CCF
__end_of___wmul                     text7        0005E6
__end_of__initialization            cinit        000488
__end_of_delay                      text1        00059A
__end_of_main                       text0        000408
__end_of_phasesFrequency            mediumconst  001CF7
__end_of_phasesMainMenu             mediumconst  001CEF
__end_of_phasesPhaseAngle           mediumconst  001CDD
__end_of_phasesPower1               mediumconst  001CD7
__end_of_phasesPower2               mediumconst  001CE9
__end_of_phasesPowerFactor          mediumconst  001CFB
__end_of_phasesRmsVI                mediumconst  001CE3
__end_of_phasesTemperature          mediumconst  001CF3
__initialization                    cinit        000450
__mediumconst                       mediumconst  001ADE
__pbssBANK0                         bssBANK0     000060
__pbssCOMRAM                        bssCOMRAM    000001
__pcinit                            cinit        000450
__pcstackBANK0                      cstackBANK0  000090
__pcstackCOMRAM                     cstackCOMRAM 000030
__pdataBANK0                        dataBANK0    0000A2
__pidataBANK0                       idataBANK0   000642
__pintcode                          intcode      000008
__pmediumconst                      mediumconst  001ADE
__ptext0                            text0        0003B2
__ptext1                            text1        000572
__ptext10                           text10       0000A6
__ptext11                           text11       0004D4
__ptext12                           text12       00060C
__ptext13                           text13       0005E6
__ptext14                           text14       000628
__ptext15                           text15       0002EA
__ptext16                           text16       00027C
__ptext17                           text17       000352
__ptext2                            text2        000408
__ptext3                            text3        000542
__ptext4                            text4        000496
__ptext5                            text5        00059A
__ptext6                            text6        000182
__ptext7                            text7        0005C0
__ptext8                            text8        00020A
__ptext9                            text9        000510
__ramtop                            ramtop       000300
__size_of_Button1                   (abs)        000000
__size_of_GPIO_clearPIN             (abs)        000000
__size_of_GPIO_dataDirectionPIN     (abs)        000000
__size_of_GPIO_setPIN               (abs)        000000
__size_of_GPIO_sourceClock          (abs)        000000
__size_of_LCDNokia_clear            (abs)        000000
__size_of_LCDNokia_gotoXY           (abs)        000000
__size_of_LCDNokia_init             (abs)        000000
__size_of_LCDNokia_sendChar         (abs)        000000
__size_of_LCDNokia_sendString       (abs)        000000
__size_of_LCDNokia_writeByte        (abs)        000000
__size_of_LCD_delay                 (abs)        000000
__size_of_SPI_enableClock           (abs)        000000
__size_of_SPI_enablePins            (abs)        000000
__size_of_SPI_init                  (abs)        000000
__size_of_SPI_write                 (abs)        000000
__size_of___wmul                    (abs)        000000
__size_of_delay                     (abs)        000000
__size_of_main                      (abs)        000000
__smallconst                        smallconst   000000
_delay                              text1        000572
_exitFrequency                      (abs)        000000
_exitPhaseAngle                     (abs)        000000
_exitPower1                         (abs)        000000
_exitPower2                         (abs)        000000
_exitPowerFactor                    (abs)        000000
_exitRmsVI                          (abs)        000000
_exitTemperature                    (abs)        000000
_fhPower2                           (abs)        000000
_generalView                        (abs)        000000
_initialLoad                        (abs)        000000
_main                               text0        0003B2
_neutralRmsVI                       (abs)        000000
_phPhaseAngle                       (abs)        000000
_phPower1                           (abs)        000000
_phPower2                           (abs)        000000
_phPowerFactor                      (abs)        000000
_phRmsVI                            (abs)        000000
_phasesFrequency                    mediumconst  001CF3
_phasesMainMenu                     mediumconst  001CE9
_phasesPhaseAngle                   mediumconst  001CD7
_phasesPower1                       mediumconst  001CCF
_phasesPower2                       mediumconst  001CE3
_phasesPowerFactor                  mediumconst  001CF7
_phasesRmsVI                        mediumconst  001CDD
_phasesTemperature                  mediumconst  001CEF
_showFrequency                      (abs)        000000
_showTemperature                    (abs)        000000
_stateFrequency                     (abs)        000000
_stateMainMenu                      (abs)        000000
_statePhaseAngle                    (abs)        000000
_statePower1                        (abs)        000000
_statePower2                        (abs)        000000
_statePowerFactor                   (abs)        000000
_stateRmsVI                         (abs)        000000
_stateTemperature                   (abs)        000000
_typesPower1                        (abs)        000000
_vectorPower1                       (abs)        000000
_viPhaseAngle                       (abs)        000000
_viewMenu                           (abs)        000000
btemp                               temp         00004C
delay@counter                       cstackCOMRAM 000046
delay@delay                         cstackCOMRAM 000042
end_of_initialization               cinit        000488
exitFrequency@currentFrequency2     bssBANK0     000066
exitPhaseAngle@currentPhaseAngle3   bssBANK0     00006C
exitPower1@currentPower1_4          bssBANK0     000087
exitPower2@currentPower2_3          bssBANK0     00007E
exitPowerFactor@currentPowerFactor2 bssCOMRAM    00001A
exitRmsVI@currentRms3               bssBANK0     000075
exitTemperature@currentTemperature2 bssBANK0     000060
expBASE10@value                     bssCOMRAM    000001
fhPower2@currentPower2_1            bssBANK0     000084
generalView@currentMainMenu2        bssCOMRAM    000020
initialLoad@currentMainMenu1        bssCOMRAM    000022
int$flags                           temp         00004C
intlevel0                           text         000000
intlevel1                           text         000000
intlevel2                           text         000000
intlevel3                           text         000000
main@F3282                          dataBANK0    0000A2
main@arrayTest                      cstackBANK0  000095
main@test                           cstackBANK0  0000A1
neutralRmsVI@currentRms2            bssBANK0     000078
phPhaseAngle@currentPhaseAngle1     bssBANK0     000072
phPower1@currentPower1_2            bssBANK0     00008D
phPower2@currentPower2_2            bssBANK0     000081
phPowerFactor@currentPowerFactor1   bssCOMRAM    00001C
phRmsVI@currentRms1                 bssBANK0     00007B
showFrequency@currentFrequency1     bssBANK0     000069
showTemperature@currentTemperature1 bssBANK0     000063
stackhi                             (abs)        0002EE
stacklo                             (abs)        0000AE
start                               init         0000A2
start_initialization                cinit        000450
stateFrequency@phase                bssCOMRAM    000029
stateFrequency@phaseFrequency       bssCOMRAM    00000B
stateMainMenu@phase                 bssCOMRAM    00002F
stateMainMenu@phaseMain             bssCOMRAM    000026
statePhaseAngle@phase               bssCOMRAM    00002A
statePhaseAngle@phasePhaseAngle     bssCOMRAM    00000E
statePower1@phase                   bssCOMRAM    00002E
statePower1@phasePower1             bssCOMRAM    000017
statePower2@phase                   bssCOMRAM    00002D
statePower2@phasePower2             bssCOMRAM    000014
statePowerFactor@phase              bssCOMRAM    00002B
statePowerFactor@phasePowerFactor   bssCOMRAM    000024
stateRmsVI@phase                    bssCOMRAM    00002C
stateRmsVI@phaseRmsVI               bssCOMRAM    000011
stateTemperature@phase              bssCOMRAM    000028
stateTemperature@phaseTemperature   bssCOMRAM    000008
typesPower1@currentPower1_1         bssCOMRAM    000005
vectorPower1@currentPower1_3        bssBANK0     00008A
viPhaseAngle@currentPhaseAngle2     bssBANK0     00006F
viewMenu@currentMainMenu3           bssCOMRAM    00001E
wtemp6                              temp         00004D


FUNCTION INFORMATION:

 *************** function _main *****************
 Defined at:
		line 88 in file "main.c"
 Parameters:    Size  Location     Type
		None
 Auto vars:     Size  Location     Type
  arrayTest      12    5[BANK0 ] unsigned char [12]
  test            1   17[BANK0 ] unsigned char 
 Return value:  Size  Location     Type
                  1    wreg      void 
 Registers used:
		wreg, fsr1l, fsr1h, fsr2l, fsr2h, status,2, status,0, tblptrl, tblptrh, tblptru, prodl, prodh, cstack
 Tracked objects:
		On entry : 
		On exit  : 
		Unchanged: 
 Data sizes:     COMRAM   BANK0   BANK1   BANK2
      Params:         0       0       0       0
      Locals:         0      13       0       0
      Temps:          0       0       0       0
      Totals:         0      13       0       0
Total ram usage:       13 bytes
 Hardware stack levels required when called:    5
 This function calls:
		_GPIO_sourceClock
		_LCDNokia_clear
		_LCDNokia_init
		_LCDNokia_sendString
		_SPI_init
		_delay
 This function is called by:
		Startup code after reset
 This function uses a non-reentrant model


 *************** function _delay *****************
 Defined at:
		line 189 in file "GPIO.c"
 Parameters:    Size  Location     Type
  delay           4   18[COMRAM] unsigned long 
 Auto vars:     Size  Location     Type
  counter         4   22[COMRAM] volatile unsigned long 
 Return value:  Size  Location     Type
                  1    wreg      void 
 Registers used:
		wreg, status,2, status,0
 Tracked objects:
		On entry : 
		On exit  : 
		Unchanged: 
 Data sizes:     COMRAM   BANK0   BANK1   BANK2
      Params:         4       0       0       0
      Locals:         4       0       0       0
      Temps:          0       0       0       0
      Totals:         8       0       0       0
Total ram usage:        8 bytes
 Hardware stack levels used:    1
 Hardware stack levels required when called:    1
 This function calls:
		Nothing
 This function is called by:
		_main
		_UART_putChar
		_UART_putString
 This function uses a non-reentrant model


 *************** function _SPI_init *****************
 Defined at:
		line 76 in file "SPI.c"
 Parameters:    Size  Location     Type
  SPI_Config      2   20[COMRAM] PTR const struct .
		 -> SPI_Config(3), 
 Auto vars:     Size  Location     Type
		None
 Return value:  Size  Location     Type
                  1    wreg      void 
 Registers used:
		wreg, status,2, status,0, tblptrl, tblptrh, tblptru, cstack
 Tracked objects:
		On entry : 
		On exit  : 
		Unchanged: 
 Data sizes:     COMRAM   BANK0   BANK1   BANK2
      Params:         2       0       0       0
      Locals:         0       0       0       0
      Temps:          2       0       0       0
      Totals:         4       0       0       0
Total ram usage:        4 bytes
 Hardware stack levels used:    1
 Hardware stack levels required when called:    2
 This function calls:
		_SPI_enableClock
		_SPI_enablePins
 This function is called by:
		_main
 This function uses a non-reentrant model


 *************** function _SPI_enablePins *****************
 Defined at:
		line 48 in file "SPI.c"
 Parameters:    Size  Location     Type
  serial          1    wreg     enum E3069
 Auto vars:     Size  Location     Type
  serial          1   18[COMRAM] enum E3069
 Return value:  Size  Location     Type
                  1    wreg      void 
 Registers used:
		wreg, status,2, status,0
 Tracked objects:
		On entry : 
		On exit  : 
		Unchanged: 
 Data sizes:     COMRAM   BANK0   BANK1   BANK2
      Params:         0       0       0       0
      Locals:         1       0       0       0
      Temps:          0       0       0       0
      Totals:         1       0       0       0
Total ram usage:        1 bytes
 Hardware stack levels used:    1
 Hardware stack levels required when called:    1
 This function calls:
		Nothing
 This function is called by:
		_SPI_init
 This function uses a non-reentrant model


 *************** function _SPI_enableClock *****************
 Defined at:
		line 14 in file "SPI.c"
 Parameters:    Size  Location     Type
  phase           1    wreg     enum E3065
  cpol            1   18[COMRAM] enum E3061
 Auto vars:     Size  Location     Type
  phase           1   19[COMRAM] enum E3065
 Return value:  Size  Location     Type
                  1    wreg      void 
 Registers used:
		wreg, status,2, status,0
 Tracked objects:
		On entry : 
		On exit  : 
		Unchanged: 
 Data sizes:     COMRAM   BANK0   BANK1   BANK2
      Params:         1       0       0       0
      Locals:         1       0       0       0
      Temps:          0       0       0       0
      Totals:         2       0       0       0
Total ram usage:        2 bytes
 Hardware stack levels used:    1
 Hardware stack levels required when called:    1
 This function calls:
		Nothing
 This function is called by:
		_SPI_init
 This function uses a non-reentrant model


 *************** function _LCDNokia_sendString *****************
 Defined at:
		line 166 in file "LCDNokia5110.c"
 Parameters:    Size  Location     Type
  characters      2    3[BANK0 ] PTR unsigned char 
		 -> main@arrayTest(12), 
 Auto vars:     Size  Location     Type
		None
 Return value:  Size  Location     Type
                  1    wreg      void 
 Registers used:
		wreg, fsr2l, fsr2h, status,2, status,0, tblptrl, tblptrh, tblptru, prodl, prodh, cstack
 Tracked objects:
		On entry : 
		On exit  : 
		Unchanged: 
 Data sizes:     COMRAM   BANK0   BANK1   BANK2
      Params:         0       2       0       0
      Locals:         0       0       0       0
      Temps:          0       0       0       0
      Totals:         0       2       0       0
Total ram usage:        2 bytes
 Hardware stack levels used:    1
 Hardware stack levels required when called:    4
 This function calls:
		_LCDNokia_sendChar
 This function is called by:
		_main
 This function uses a non-reentrant model


 *************** function _LCDNokia_sendChar *****************
 Defined at:
		line 149 in file "LCDNokia5110.c"
 Parameters:    Size  Location     Type
  character       1    wreg     unsigned char 
 Auto vars:     Size  Location     Type
  character       1    0[BANK0 ] unsigned char 
  index           2    1[BANK0 ] unsigned int 
 Return value:  Size  Location     Type
                  1    wreg      void 
 Registers used:
		wreg, status,2, status,0, tblptrl, tblptrh, tblptru, prodl, prodh, cstack
 Tracked objects:
		On entry : 
		On exit  : 
		Unchanged: 
 Data sizes:     COMRAM   BANK0   BANK1   BANK2
      Params:         0       0       0       0
      Locals:         0       3       0       0
      Temps:          2       0       0       0
      Totals:         2       3       0       0
Total ram usage:        5 bytes
 Hardware stack levels used:    1
 Hardware stack levels required when called:    3
 This function calls:
		_LCDNokia_writeByte
		___wmul
 This function is called by:
		_LCDNokia_sendString
		_LCDNokia_printValue
		_LCDNokia_printFloatValue
 This function uses a non-reentrant model


 *************** function ___wmul *****************
 Defined at:
		line 15 in file "C:\Program Files (x86)\Microchip\xc8\v1.44\sources\common\Umul16.c"
 Parameters:    Size  Location     Type
  multiplier      2   18[COMRAM] unsigned int 
  multiplicand    2   20[COMRAM] unsigned int 
 Auto vars:     Size  Location     Type
  product         2   22[COMRAM] unsigned int 
 Return value:  Size  Location     Type
                  2   18[COMRAM] unsigned int 
 Registers used:
		wreg, status,2, status,0, prodl, prodh
 Tracked objects:
		On entry : 
		On exit  : 
		Unchanged: 
 Data sizes:     COMRAM   BANK0   BANK1   BANK2
      Params:         4       0       0       0
      Locals:         2       0       0       0
      Temps:          0       0       0       0
      Totals:         6       0       0       0
Total ram usage:        6 bytes
 Hardware stack levels used:    1
 Hardware stack levels required when called:    1
 This function calls:
		Nothing
 This function is called by:
		_LCDNokia_sendChar
 This function uses a non-reentrant model


 *************** function _LCDNokia_init *****************
 Defined at:
		line 106 in file "LCDNokia5110.c"
 Parameters:    Size  Location     Type
		None
 Auto vars:     Size  Location     Type
		None
 Return value:  Size  Location     Type
                  1    wreg      void 
 Registers used:
		wreg, status,2, status,0, cstack
 Tracked objects:
		On entry : 
		On exit  : 
		Unchanged: 
 Data sizes:     COMRAM   BANK0   BANK1   BANK2
      Params:         0       0       0       0
      Locals:         0       0       0       0
      Temps:          0       0       0       0
      Totals:         0       0       0       0
Total ram usage:        0 bytes
 Hardware stack levels used:    1
 Hardware stack levels required when called:    3
 This function calls:
		_GPIO_clearPIN
		_GPIO_dataDirectionPIN
		_GPIO_setPIN
		_LCDNokia_writeByte
		_LCD_delay
 This function is called by:
		_main
 This function uses a non-reentrant model


 *************** function _LCD_delay *****************
 Defined at:
		line 192 in file "LCDNokia5110.c"
 Parameters:    Size  Location     Type
		None
 Auto vars:     Size  Location     Type
  counter         4   18[COMRAM] unsigned long 
 Return value:  Size  Location     Type
                  1    wreg      void 
 Registers used:
		wreg, status,2, status,0
 Tracked objects:
		On entry : 
		On exit  : 
		Unchanged: 
 Data sizes:     COMRAM   BANK0   BANK1   BANK2
      Params:         0       0       0       0
      Locals:         4       0       0       0
      Temps:          0       0       0       0
      Totals:         4       0       0       0
Total ram usage:        4 bytes
 Hardware stack levels used:    1
 Hardware stack levels required when called:    1
 This function calls:
		Nothing
 This function is called by:
		_LCDNokia_init
 This function uses a non-reentrant model


 *************** function _GPIO_dataDirectionPIN *****************
 Defined at:
		line 51 in file "GPIO.c"
 Parameters:    Size  Location     Type
  portName        1    wreg     enum E3075
  pin             1   18[COMRAM] unsigned char 
  state           1   19[COMRAM] enum E3071
 Auto vars:     Size  Location     Type
  portName        1   22[COMRAM] enum E3075
 Return value:  Size  Location     Type
                  1    wreg      void 
 Registers used:
		wreg, status,2, status,0
 Tracked objects:
		On entry : 
		On exit  : 
		Unchanged: 
 Data sizes:     COMRAM   BANK0   BANK1   BANK2
      Params:         2       0       0       0
      Locals:         1       0       0       0
      Temps:          2       0       0       0
      Totals:         5       0       0       0
Total ram usage:        5 bytes
 Hardware stack levels used:    1
 Hardware stack levels required when called:    1
 This function calls:
		Nothing
 This function is called by:
		_LCDNokia_init
		_UART_init
		_ButtonInt_config
 This function uses a non-reentrant model


 *************** function _LCDNokia_clear *****************
 Defined at:
		line 174 in file "LCDNokia5110.c"
 Parameters:    Size  Location     Type
		None
 Auto vars:     Size  Location     Type
  index           2    0[BANK0 ] unsigned int 
 Return value:  Size  Location     Type
                  1    wreg      void 
 Registers used:
		wreg, status,2, status,0, cstack
 Tracked objects:
		On entry : 
		On exit  : 
		Unchanged: 
 Data sizes:     COMRAM   BANK0   BANK1   BANK2
      Params:         0       0       0       0
      Locals:         0       2       0       0
      Temps:          0       0       0       0
      Totals:         0       2       0       0
Total ram usage:        2 bytes
 Hardware stack levels used:    1
 Hardware stack levels required when called:    4
 This function calls:
		_LCDNokia_gotoXY
		_LCDNokia_writeByte
 This function is called by:
		_main
		_initialLoad
 This function uses a non-reentrant model


 *************** function _LCDNokia_gotoXY *****************
 Defined at:
		line 186 in file "LCDNokia5110.c"
 Parameters:    Size  Location     Type
  x               1    wreg     unsigned char 
  y               1   26[COMRAM] unsigned char 
 Auto vars:     Size  Location     Type
  x               1   27[COMRAM] unsigned char 
 Return value:  Size  Location     Type
                  1    wreg      void 
 Registers used:
		wreg, status,2, status,0, cstack
 Tracked objects:
		On entry : 
		On exit  : 
		Unchanged: 
 Data sizes:     COMRAM   BANK0   BANK1   BANK2
      Params:         1       0       0       0
      Locals:         1       0       0       0
      Temps:          0       0       0       0
      Totals:         2       0       0       0
Total ram usage:        2 bytes
 Hardware stack levels used:    1
 Hardware stack levels required when called:    3
 This function calls:
		_LCDNokia_writeByte
 This function is called by:
		_LCDNokia_clear
 This function uses a non-reentrant model


 *************** function _LCDNokia_writeByte *****************
 Defined at:
		line 135 in file "LCDNokia5110.c"
 Parameters:    Size  Location     Type
  DataOrCmd       1    wreg     unsigned char 
  data            1   24[COMRAM] unsigned char 
 Auto vars:     Size  Location     Type
  DataOrCmd       1   25[COMRAM] unsigned char 
 Return value:  Size  Location     Type
                  1    wreg      void 
 Registers used:
		wreg, status,2, status,0, cstack
 Tracked objects:
		On entry : 
		On exit  : 
		Unchanged: 
 Data sizes:     COMRAM   BANK0   BANK1   BANK2
      Params:         1       0       0       0
      Locals:         1       0       0       0
      Temps:          0       0       0       0
      Totals:         2       0       0       0
Total ram usage:        2 bytes
 Hardware stack levels used:    1
 Hardware stack levels required when called:    2
 This function calls:
		_GPIO_clearPIN
		_GPIO_setPIN
		_SPI_write
 This function is called by:
		_LCDNokia_init
		_LCDNokia_sendChar
		_LCDNokia_clear
		_LCDNokia_gotoXY
		_LCDNokia_bitmap
 This function uses a non-reentrant model


 *************** function _SPI_write *****************
 Defined at:
		line 82 in file "SPI.c"
 Parameters:    Size  Location     Type
  data            1    wreg     unsigned char 
 Auto vars:     Size  Location     Type
  data            1   19[COMRAM] unsigned char 
  success         1   18[COMRAM] char 
 Return value:  Size  Location     Type
                  1    wreg      char 
 Registers used:
		wreg, status,2
 Tracked objects:
		On entry : 
		On exit  : 
		Unchanged: 
 Data sizes:     COMRAM   BANK0   BANK1   BANK2
      Params:         0       0       0       0
      Locals:         2       0       0       0
      Temps:          0       0       0       0
      Totals:         2       0       0       0
Total ram usage:        2 bytes
 Hardware stack levels used:    1
 Hardware stack levels required when called:    1
 This function calls:
		Nothing
 This function is called by:
		_LCDNokia_writeByte
 This function uses a non-reentrant model


 *************** function _GPIO_setPIN *****************
 Defined at:
		line 151 in file "GPIO.c"
 Parameters:    Size  Location     Type
  portName        1    wreg     enum E3075
  pin             1   18[COMRAM] unsigned char 
 Auto vars:     Size  Location     Type
  portName        1   21[COMRAM] enum E3075
 Return value:  Size  Location     Type
                  1    wreg      void 
 Registers used:
		wreg, status,2, status,0
 Tracked objects:
		On entry : 
		On exit  : 
		Unchanged: 
 Data sizes:     COMRAM   BANK0   BANK1   BANK2
      Params:         1       0       0       0
      Locals:         1       0       0       0
      Temps:          2       0       0       0
      Totals:         4       0       0       0
Total ram usage:        4 bytes
 Hardware stack levels used:    1
 Hardware stack levels required when called:    1
 This function calls:
		Nothing
 This function is called by:
		_LCDNokia_init
		_LCDNokia_writeByte
 This function uses a non-reentrant model


 *************** function _GPIO_clearPIN *****************
 Defined at:
		line 170 in file "GPIO.c"
 Parameters:    Size  Location     Type
  portName        1    wreg     enum E3075
  pin             1   18[COMRAM] unsigned char 
 Auto vars:     Size  Location     Type
  portName        1   21[COMRAM] enum E3075
 Return value:  Size  Location     Type
                  1    wreg      void 
 Registers used:
		wreg, status,2, status,0
 Tracked objects:
		On entry : 
		On exit  : 
		Unchanged: 
 Data sizes:     COMRAM   BANK0   BANK1   BANK2
      Params:         1       0       0       0
      Locals:         1       0       0       0
      Temps:          2       0       0       0
      Totals:         4       0       0       0
Total ram usage:        4 bytes
 Hardware stack levels used:    1
 Hardware stack levels required when called:    1
 This function calls:
		Nothing
 This function is called by:
		_LCDNokia_init
		_LCDNokia_writeByte
 This function uses a non-reentrant model


 *************** function _GPIO_sourceClock *****************
 Defined at:
		line 18 in file "GPIO.c"
 Parameters:    Size  Location     Type
  clk             1    wreg     enum E3061
 Auto vars:     Size  Location     Type
  clk             1   18[COMRAM] enum E3061
 Return value:  Size  Location     Type
                  1    wreg      void 
 Registers used:
		wreg, status,2, status,0
 Tracked objects:
		On entry : 
		On exit  : 
		Unchanged: 
 Data sizes:     COMRAM   BANK0   BANK1   BANK2
      Params:         0       0       0       0
      Locals:         1       0       0       0
      Temps:          0       0       0       0
      Totals:         1       0       0       0
Total ram usage:        1 bytes
 Hardware stack levels used:    1
 Hardware stack levels required when called:    1
 This function calls:
		Nothing
 This function is called by:
		_main
 This function uses a non-reentrant model


 *************** function _Button1 *****************
 Defined at:
		line 5 in file "Buttons.c"
 Parameters:    Size  Location     Type
		None
 Auto vars:     Size  Location     Type
		None
 Return value:  Size  Location     Type
                  1    wreg      void 
 Registers used:
		None
 Tracked objects:
		On entry : 
		On exit  : 
		Unchanged: 
 Data sizes:     COMRAM   BANK0   BANK1   BANK2
      Params:         0       0       0       0
      Locals:         0       0       0       0
      Temps:         18       0       0       0
      Totals:        18       0       0       0
Total ram usage:       18 bytes
 Hardware stack levels used:    1
 This function calls:
		Nothing
 This function is called by:
		Interrupt level 2
 This function uses a non-reentrant model



MODULE INFORMATION

Module		Function		Class		Link	Load	Size
LCDNokia5110.c
		_LCDNokia_sendString		CODE           	059A	0000	39
		_LCDNokia_init 		CODE           	020A	0000	115
		_LCDNokia_sendChar		CODE           	0182	0000	137
		_LCDNokia_clear		CODE           	04D4	0000	61
		_LCDNokia_gotoXY		CODE           	060C	0000	29
		_LCDNokia_writeByte		CODE           	05E6	0000	39
		_LCD_delay     		CODE           	0510	0000	51

LCDNokia5110.c estimated size: 471

C:\Program Files (x86)\Microchip\xc8\v1.44\sources\common\Umul16.c
		___wmul        		CODE           	05C0	0000	39

C:\Program Files (x86)\Microchip\xc8\v1.44\sources\common\Umul16.c estimated size: 39

Buttons.c
		_Button1       		CODE           	0008	0000	155

Buttons.c estimated size: 155

shared
		_phasesFrequency		MEDIUMCONST    	1CF3	0000	5
		_ASCII         		MEDIUMCONST    	1ADF	0000	481
		_SPI_Config    		MEDIUMCONST    	1CFB	0000	4
		__initialization		CODE           	0450	0000	57
		_phasesPower1  		MEDIUMCONST    	1CCF	0000	9
		_phasesPower2  		MEDIUMCONST    	1CE3	0000	7
		_phasesTemperature		MEDIUMCONST    	1CEF	0000	5
		_phasesPhaseAngle		MEDIUMCONST    	1CD7	0000	7
		_phasesMainMenu		MEDIUMCONST    	1CE9	0000	7
		_phasesPowerFactor		MEDIUMCONST    	1CF7	0000	5
		_phasesRmsVI   		MEDIUMCONST    	1CDD	0000	7
		_StateProgram  		MEDIUMCONST    	1CBF	0000	17

shared estimated size: 611

GPIO.c
		_delay         		CODE           	0572	0000	41
		_GPIO_clearPIN 		CODE           	027C	0000	111
		_GPIO_dataDirectionPIN		CODE           	00A6	0000	221
		_GPIO_sourceClock		CODE           	0352	0000	97
		_GPIO_setPIN   		CODE           	02EA	0000	105

GPIO.c estimated size: 575

SPI.c
		_SPI_init      		CODE           	0408	0000	73
		_SPI_enablePins		CODE           	0542	0000	49
		_SPI_enableClock		CODE           	0496	0000	63
		_SPI_write     		CODE           	0628	0000	27

SPI.c estimated size: 212

main.c
		_main          		CODE           	03B2	0000	87

main.c estimated size: 87

