Microchip MPLAB XC8 Compiler V1.44 ()

Linker command line:

-W-3 --edf=C:\Program Files (x86)\Microchip\xc8\v1.44\dat\en_msgs.txt -cs \
  -h+dist/default/production\Project_Measurement.X.production.sym \
  --cmf=dist/default/production\Project_Measurement.X.production.cmf -z \
  -Q18F2331 -oC:\Users\ANDRES~1\AppData\Local\Temp\s398.2 \
  -Mdist/default/production/Project_Measurement.X.production.map -E1 \
  -ver=XC8 -ASTACK=0A9h-02ffh -pstack=STACK -ACODE=00h-01FFFh \
  -ACONST=00h-01FFFh -ASMALLCONST=0300h-03FFhx29 -AMEDIUMCONST=0300h-01FFFh \
  -ACOMRAM=01h-05Fh -AABS1=00h-02FFh -ABIGRAM=01h-02FFh \
  -ARAM=060h-0FFh,0100h-01FFhx2 -ABANK0=060h-0FFh -ABANK1=0100h-01FFh \
  -ABANK2=0200h-02FFh -ASFR=0F60h-0FFFh \
  -preset_vec=00h,intcode=08h,intcodelo,powerup,init -pramtop=0300h \
  -psmallconst=SMALLCONST -pmediumconst=MEDIUMCONST -pconst=CONST \
  -AFARRAM=00h-00h -ACONFIG=0300000h-030000Dh -pconfig=CONFIG \
  -AIDLOC=0200000h-0200007h -pidloc=IDLOC -AEEDATA=0F00000h-0F000FFh \
  -peeprom_data=EEDATA \
  -prdata=COMRAM,nvrram=COMRAM,nvbit=COMRAM,rbss=COMRAM,rbit=COMRAM \
  -pfarbss=FARRAM,fardata=FARRAM,nvFARRAM=FARRAM \
  -pintsave_regs=BIGRAM,bigbss=BIGRAM,bigdata=BIGRAM -pbss=RAM \
  -pidata=CODE,irdata=CODE,ibigdata=CODE,ifardata=CODE -prparam=COMRAM \
  C:\Users\ANDRES~1\AppData\Local\Temp\s398.obj \
  dist/default/production\Project_Measurement.X.production.obj 

Object code version is 3.11

Machine type is 18F2331

Call graph: (short form)




                Name                               Link     Load   Length Selector   Space Scale
C:\Users\ANDRES~1\AppData\Local\Temp\s398.obj
                init                                 A2       A2        4        4       0
                reset_vec                             0        0        4        0       0
                idloc                            200000   200000        8   200000       0
                config                           300000   300000        E   300000       0
dist/default/production\Project_Measurement.X.production.obj
                intcode                               8        8       9A        4       0
                temp                                 4D       4D        1        1       1
                mediumconst                        1DDE     1DDE      222      EEF       0
                text16                              3CA      3CA       60        4       0
                text15                              2F4      2F4       6E        4       0
                text14                              362      362       68        4       0
                text13                              678      678       1A        4       0
                text12                              630      630       26        4       0
                text11                              656      656       22        4       0
                text10                              546      546       3C        4       0
                text9                               190      190       DC        4       0
                text8                               582      582       34        4       0
                text7                               5E2      5E2       28        4       0
                text6                                A6       A6       EA        4       0
                text5                               60A      60A       26        4       0
                text4                               26C      26C       88        4       0
                text3                               508      508       3E        4       0
                text2                               5B6      5B6       2C        4       0
                text1                               47A      47A       48        4       0
                text0                               42A      42A       50        4       0
                cstackCOMRAM                         33       33       1A        1       1
                cstackBANK0                          8D       8D       11       60       1
                dataBANK0                            9E       9E        B       60       1
                bssBANK0                             60       60       2D       60       1
                bssCOMRAM                             1        1       32        1       1
                cinit                               4C2      4C2       46        4       0
                idataBANK0                          692      692        B        4       0

TOTAL           Name                               Link     Load   Length     Space
        CLASS   STACK          

        CLASS   CODE           
                intcode                               8        8       9A         0
                init                                 A2       A2        4         0
                reset_vec                             0        0        4         0
                text16                              3CA      3CA       60         0
                text15                              2F4      2F4       6E         0
                text14                              362      362       68         0
                text13                              678      678       1A         0
                text12                              630      630       26         0
                text11                              656      656       22         0
                text10                              546      546       3C         0
                text9                               190      190       DC         0
                text8                               582      582       34         0
                text7                               5E2      5E2       28         0
                text6                                A6       A6       EA         0
                text5                               60A      60A       26         0
                text4                               26C      26C       88         0
                text3                               508      508       3E         0
                text2                               5B6      5B6       2C         0
                text1                               47A      47A       48         0
                text0                               42A      42A       50         0
                cinit                               4C2      4C2       46         0
                idataBANK0                          692      692        B         0

        CLASS   CONST          

        CLASS   SMALLCONST     

        CLASS   MEDIUMCONST    
                mediumconst                        1DDE     1DDE      222         0

        CLASS   COMRAM         
                temp                                 4D       4D        1         1
                cstackCOMRAM                         33       33       1A         1
                bssCOMRAM                             1        1       32         1

        CLASS   ABS1           

        CLASS   BIGRAM         

        CLASS   RAM            

        CLASS   BANK0          
                cstackBANK0                          8D       8D       11         1
                dataBANK0                            9E       9E        B         1
                bssBANK0                             60       60       2D         1

        CLASS   BANK1          

        CLASS   BANK2          

        CLASS   SFR            

        CLASS   FARRAM         

        CLASS   CONFIG         
                config                           300000   300000        E         0

        CLASS   IDLOC          
                idloc                            200000   200000        8         0

        CLASS   EEDATA         



SEGMENTS        Name                           Load    Length   Top    Selector   Space  Class

                reset_vec                      000000  000004  000004         0       0  CODE    
                bssCOMRAM                      000001  00004D  00004E         1       1  COMRAM  
                intcode                        000008  000695  00069D         4       0  CODE    
                bssBANK0                       000060  000049  0000A9        60       1  BANK0   
                mediumconst                    001DDE  000222  002000       EEF       0  MEDIUMCO
                idloc                          200000  000008  200008    200000       0  IDLOC   
                config                         300000  00000E  30000E    300000       0  CONFIG  


UNUSED ADDRESS RANGES

        Name                Unused          Largest block    Delta
        BANK0            0000A9-0000FF               57
        BANK1            000100-0001FF              100
        BANK2            000200-0002FF              100
        BIGRAM           00004E-00005F               12
                         0000A9-0002FF              257
        CODE             000004-000007                4
                         00069D-001DDD             1741
        COMRAM           00004E-00005F               12
        CONST            000004-000007                4
                         00069D-001DDD             1741
        EEDATA           F00000-F000FF              100
        MEDIUMCONST      00069D-001DDD             1741
        RAM              0000A9-0002FF              100
        SFR              000F60-000FFF               A0
        SMALLCONST       00069D-001DDD              100
        STACK            0000A9-0002FF              257

                                  Symbol Table

?___wmul                            cstackCOMRAM 000045
GPIO_clearPIN@pin                   cstackCOMRAM 000045
GPIO_clearPIN@portName              cstackCOMRAM 000048
GPIO_dataDirectionPIN@pin           cstackCOMRAM 000045
GPIO_dataDirectionPIN@portName      cstackCOMRAM 000049
GPIO_dataDirectionPIN@state         cstackCOMRAM 000046
GPIO_setPIN@pin                     cstackCOMRAM 000045
GPIO_setPIN@portName                cstackCOMRAM 000048
GPIO_sourceClock@clk                cstackCOMRAM 000045
LCDNokia_clear@index                cstackBANK0  00008F
LCDNokia_gotoXY@x                   cstackBANK0  00008E
LCDNokia_gotoXY@y                   cstackBANK0  00008D
LCDNokia_sendChar@character         cstackBANK0  00008F
LCDNokia_sendChar@index             cstackBANK0  000090
LCDNokia_writeByte@DataOrCmd        cstackCOMRAM 00004C
LCDNokia_writeByte@data             cstackCOMRAM 00004B
LCD_delay@counter                   cstackCOMRAM 000045
SPI_enableClock@cpol                cstackCOMRAM 000045
SPI_enableClock@phase               cstackCOMRAM 000046
SPI_enablePins@serial               cstackCOMRAM 000045
SPI_init@SPI_Config                 cstackCOMRAM 000047
SPI_write@data                      cstackCOMRAM 000046
SPI_write@dummy                     cstackCOMRAM 000047
SPI_write@success                   cstackCOMRAM 000045
_ANSEL0                             (abs)        000FB8
_ASCII                              mediumconst  001DDF
_BAUDCTLbits                        (abs)        000FAA
_Button1                            intcode      000008
_GIE                                (abs)        007F97
_GPIO_clearPIN                      text15       0002F4
_GPIO_dataDirectionPIN              text9        000190
_GPIO_setPIN                        text14       000362
_GPIO_sourceClock                   text16       0003CA
_INT0IE                             (abs)        007F94
_INT0IF                             (abs)        007F91
_LCDNokia_clear                     text10       000546
_LCDNokia_gotoXY                    text11       000656
_LCDNokia_init                      text6        0000A6
_LCDNokia_sendChar                  text4        00026C
_LCDNokia_writeByte                 text12       000630
_LCD_delay                          text8        000582
_OSCCON                             (abs)        000FD3
_PIR1bits                           (abs)        000F9E
_PORTA                              (abs)        000F80
_PORTB                              (abs)        000F81
_PORTC                              (abs)        000F82
_RCSTAbits                          (abs)        000FAB
_SPBRG                              (abs)        000FAF
_SPI_Config                         mediumconst  001FFB
_SPI_enableClock                    text3        000508
_SPI_enablePins                     text2        0005B6
_SPI_init                           text1        00047A
_SPI_write                          text13       000678
_SSPBUF                             (abs)        000FC9
_SSPCON                             (abs)        000FC6
_SSPCONbits                         (abs)        000FC6
_SSPSTAT                            (abs)        000FC7
_SSPSTATbits                        (abs)        000FC7
_StateProgram                       mediumconst  001FBF
_TRISA                              (abs)        000F92
_TRISB                              (abs)        000F93
_TRISC                              (abs)        000F94
_TRISCbits                          (abs)        000F94
_TXREG                              (abs)        000FAD
_TXSTAbits                          (abs)        000FAC
__CFG_BOREN$ON                      (abs)        000000
__CFG_CP0$OFF                       (abs)        000000
__CFG_CP1$OFF                       (abs)        000000
__CFG_CPB$OFF                       (abs)        000000
__CFG_CPD$OFF                       (abs)        000000
__CFG_EBTR0$OFF                     (abs)        000000
__CFG_EBTR1$OFF                     (abs)        000000
__CFG_EBTRB$OFF                     (abs)        000000
__CFG_FCMEN$ON                      (abs)        000000
__CFG_HPOL$HIGH                     (abs)        000000
__CFG_IESO$ON                       (abs)        000000
__CFG_LPOL$HIGH                     (abs)        000000
__CFG_LVP$OFF                       (abs)        000000
__CFG_MCLRE$OFF                     (abs)        000000
__CFG_OSC$IRCIO                     (abs)        000000
__CFG_PWMPIN$OFF                    (abs)        000000
__CFG_PWRTEN$OFF                    (abs)        000000
__CFG_STVREN$ON                     (abs)        000000
__CFG_T1OSCMX$ON                    (abs)        000000
__CFG_WDPS$32768                    (abs)        000000
__CFG_WDTEN$OFF                     (abs)        000000
__CFG_WINEN$OFF                     (abs)        000000
__CFG_WRT0$OFF                      (abs)        000000
__CFG_WRT1$OFF                      (abs)        000000
__CFG_WRTB$OFF                      (abs)        000000
__CFG_WRTC$OFF                      (abs)        000000
__CFG_WRTD$OFF                      (abs)        000000
__HRAM                              (abs)        000000
__Habs1                             abs1         000000
__Hbank0                            bank0        000000
__Hbank1                            bank1        000000
__Hbank2                            bank2        000000
__Hbigbss                           bigbss       000000
__Hbigdata                          bigdata      000000
__Hbigram                           bigram       000000
__Hbss                              bss          000000
__HbssBANK0                         bssBANK0     000000
__HbssCOMRAM                        bssCOMRAM    000000
__Hcinit                            cinit        000000
__Hclrtext                          clrtext      000000
__Hcomram                           comram       000000
__Hconfig                           config       30000E
__Hconst                            const        000000
__HcstackBANK0                      cstackBANK0  000000
__HcstackCOMRAM                     cstackCOMRAM 000000
__Hdata                             data         000000
__HdataBANK0                        dataBANK0    000000
__Heeprom_data                      eeprom_data  000000
__Hfarbss                           farbss       000000
__Hfardata                          fardata      000000
__Hibigdata                         ibigdata     000000
__Hidata                            idata        000000
__HidataBANK0                       idataBANK0   000000
__Hidloc                            idloc        200008
__Hifardata                         ifardata     000000
__Hinit                             init         0000A6
__Hintcode                          intcode      0000A2
__Hintcode_body                     intcode_body 000000
__Hintcodelo                        intcodelo    0000A2
__Hintentry                         intentry     000000
__Hintret                           intret       000000
__Hintsave_regs                     intsave_regs 000000
__Hirdata                           irdata       000000
__Hmediumconst                      mediumconst  002000
__HnvFARRAM                         nvFARRAM     000000
__Hnvbit                            nvbit        000000
__Hnvrram                           nvrram       000000
__Hparam                            rparam       000000
__Hpowerup                          powerup      0000A2
__Hram                              ram          000000
__Hramtop                           ramtop       000300
__Hrbit                             rbit         000000
__Hrbss                             rbss         000000
__Hrdata                            rdata        000000
__Hreset_vec                        reset_vec    000004
__Hrparam                           rparam       000000
__Hsfr                              sfr          000000
__Hsmallconst                       smallconst   000000
__Hspace_0                          (abs)        30000E
__Hspace_1                          (abs)        0000A9
__Hspace_2                          (abs)        000000
__Hstack                            stack        000000
__Hstruct                           struct       000000
__Htemp                             temp         00004E
__Htext                             text         000000
__Htext0                            text0        000000
__Htext1                            text1        000000
__Htext10                           text10       000000
__Htext11                           text11       000000
__Htext12                           text12       000000
__Htext13                           text13       000000
__Htext14                           text14       000000
__Htext15                           text15       000000
__Htext16                           text16       000000
__Htext2                            text2        000000
__Htext3                            text3        000000
__Htext4                            text4        000000
__Htext5                            text5        000000
__Htext6                            text6        000000
__Htext7                            text7        000000
__Htext8                            text8        000000
__Htext9                            text9        000000
__LRAM                              (abs)        000001
__Labs1                             abs1         000000
__Lbank0                            bank0        000000
__Lbank1                            bank1        000000
__Lbank2                            bank2        000000
__Lbigbss                           bigbss       000000
__Lbigdata                          bigdata      000000
__Lbigram                           bigram       000000
__Lbss                              bss          000000
__LbssBANK0                         bssBANK0     000000
__LbssCOMRAM                        bssCOMRAM    000000
__Lcinit                            cinit        000000
__Lclrtext                          clrtext      000000
__Lcomram                           comram       000000
__Lconfig                           config       300000
__Lconst                            const        000000
__LcstackBANK0                      cstackBANK0  000000
__LcstackCOMRAM                     cstackCOMRAM 000000
__Ldata                             data         000000
__LdataBANK0                        dataBANK0    000000
__Leeprom_data                      eeprom_data  000000
__Lfarbss                           farbss       000000
__Lfardata                          fardata      000000
__Libigdata                         ibigdata     000000
__Lidata                            idata        000000
__LidataBANK0                       idataBANK0   000000
__Lidloc                            idloc        200000
__Lifardata                         ifardata     000000
__Linit                             init         0000A2
__Lintcode                          intcode      000008
__Lintcode_body                     intcode_body 000000
__Lintcodelo                        intcodelo    0000A2
__Lintentry                         intentry     000000
__Lintret                           intret       000000
__Lintsave_regs                     intsave_regs 000000
__Lirdata                           irdata       000000
__Lmediumconst                      mediumconst  001DDE
__LnvFARRAM                         nvFARRAM     000000
__Lnvbit                            nvbit        000000
__Lnvrram                           nvrram       000000
__Lparam                            rparam       000000
__Lpowerup                          powerup      0000A2
__Lram                              ram          000000
__Lramtop                           ramtop       000300
__Lrbit                             rbit         000000
__Lrbss                             rbss         000000
__Lrdata                            rdata        000000
__Lreset_vec                        reset_vec    000000
__Lrparam                           rparam       000000
__Lsfr                              sfr          000000
__Lsmallconst                       smallconst   000000
__Lspace_0                          (abs)        000000
__Lspace_1                          (abs)        000000
__Lspace_2                          (abs)        000000
__Lstack                            stack        000000
__Lstruct                           struct       000000
__Ltemp                             temp         00004D
__Ltext                             text         000000
__Ltext0                            text0        000000
__Ltext1                            text1        000000
__Ltext10                           text10       000000
__Ltext11                           text11       000000
__Ltext12                           text12       000000
__Ltext13                           text13       000000
__Ltext14                           text14       000000
__Ltext15                           text15       000000
__Ltext16                           text16       000000
__Ltext2                            text2        000000
__Ltext3                            text3        000000
__Ltext4                            text4        000000
__Ltext5                            text5        000000
__Ltext6                            text6        000000
__Ltext7                            text7        000000
__Ltext8                            text8        000000
__Ltext9                            text9        000000
__S0                                (abs)        30000E
__S1                                (abs)        0000A9
__S2                                (abs)        000000
___inthi_sp                         stack        000000
___intlo_sp                         stack        000000
___param_bank                       (abs)        000000
___rparam_used                      (abs)        000001
___sp                               stack        000000
___wmul                             text5        00060A
___wmul@multiplicand                cstackCOMRAM 000047
___wmul@multiplier                  cstackCOMRAM 000045
___wmul@product                     cstackCOMRAM 000049
__accesstop                         (abs)        000060
__activetblptr                      (abs)        000002
__end_of_ASCII                      mediumconst  001FBF
__end_of_Button1                    intcode      0000A2
__end_of_GPIO_clearPIN              text15       000362
__end_of_GPIO_dataDirectionPIN      text9        00026C
__end_of_GPIO_setPIN                text14       0003CA
__end_of_GPIO_sourceClock           text16       00042A
__end_of_LCDNokia_clear             text10       000582
__end_of_LCDNokia_gotoXY            text11       000678
__end_of_LCDNokia_init              text6        000190
__end_of_LCDNokia_sendChar          text4        0002F4
__end_of_LCDNokia_writeByte         text12       000656
__end_of_LCD_delay                  text8        0005B6
__end_of_SPI_Config                 mediumconst  001FFE
__end_of_SPI_enableClock            text3        000546
__end_of_SPI_enablePins             text2        0005E2
__end_of_SPI_init                   text1        0004C2
__end_of_SPI_write                  text13       000692
__end_of_StateProgram               mediumconst  001FCF
__end_of___wmul                     text5        000630
__end_of__initialization            cinit        0004FA
__end_of_delay                      text7        00060A
__end_of_main                       text0        00047A
__end_of_phasesFrequency            mediumconst  001FF7
__end_of_phasesMainMenu             mediumconst  001FEF
__end_of_phasesPhaseAngle           mediumconst  001FDD
__end_of_phasesPower1               mediumconst  001FD7
__end_of_phasesPower2               mediumconst  001FE9
__end_of_phasesPowerFactor          mediumconst  001FFB
__end_of_phasesRmsVI                mediumconst  001FE3
__end_of_phasesTemperature          mediumconst  001FF3
__initialization                    cinit        0004C2
__mediumconst                       mediumconst  001DDE
__pbssBANK0                         bssBANK0     000060
__pbssCOMRAM                        bssCOMRAM    000001
__pcinit                            cinit        0004C2
__pcstackBANK0                      cstackBANK0  00008D
__pcstackCOMRAM                     cstackCOMRAM 000033
__pdataBANK0                        dataBANK0    00009E
__pidataBANK0                       idataBANK0   000692
__pintcode                          intcode      000008
__pmediumconst                      mediumconst  001DDE
__ptext0                            text0        00042A
__ptext1                            text1        00047A
__ptext10                           text10       000546
__ptext11                           text11       000656
__ptext12                           text12       000630
__ptext13                           text13       000678
__ptext14                           text14       000362
__ptext15                           text15       0002F4
__ptext16                           text16       0003CA
__ptext2                            text2        0005B6
__ptext3                            text3        000508
__ptext4                            text4        00026C
__ptext5                            text5        00060A
__ptext6                            text6        0000A6
__ptext7                            text7        0005E2
__ptext8                            text8        000582
__ptext9                            text9        000190
__ramtop                            ramtop       000300
__size_of_Button1                   (abs)        000000
__size_of_GPIO_clearPIN             (abs)        000000
__size_of_GPIO_dataDirectionPIN     (abs)        000000
__size_of_GPIO_setPIN               (abs)        000000
__size_of_GPIO_sourceClock          (abs)        000000
__size_of_LCDNokia_clear            (abs)        000000
__size_of_LCDNokia_gotoXY           (abs)        000000
__size_of_LCDNokia_init             (abs)        000000
__size_of_LCDNokia_sendChar         (abs)        000000
__size_of_LCDNokia_writeByte        (abs)        000000
__size_of_LCD_delay                 (abs)        000000
__size_of_SPI_enableClock           (abs)        000000
__size_of_SPI_enablePins            (abs)        000000
__size_of_SPI_init                  (abs)        000000
__size_of_SPI_write                 (abs)        000000
__size_of___wmul                    (abs)        000000
__size_of_delay                     (abs)        000000
__size_of_main                      (abs)        000000
__smallconst                        smallconst   000000
_delay                              text7        0005E2
_exitFrequency                      (abs)        000000
_exitPhaseAngle                     (abs)        000000
_exitPower1                         (abs)        000000
_exitPower2                         (abs)        000000
_exitPowerFactor                    (abs)        000000
_exitRmsVI                          (abs)        000000
_exitTemperature                    (abs)        000000
_fhPower2                           (abs)        000000
_generalView                        (abs)        000000
_initialLoad                        (abs)        000000
_main                               text0        00042A
_neutralRmsVI                       (abs)        000000
_phPhaseAngle                       (abs)        000000
_phPower1                           (abs)        000000
_phPower2                           (abs)        000000
_phPowerFactor                      (abs)        000000
_phRmsVI                            (abs)        000000
_phasesFrequency                    mediumconst  001FF3
_phasesMainMenu                     mediumconst  001FE9
_phasesPhaseAngle                   mediumconst  001FD7
_phasesPower1                       mediumconst  001FCF
_phasesPower2                       mediumconst  001FE3
_phasesPowerFactor                  mediumconst  001FF7
_phasesRmsVI                        mediumconst  001FDD
_phasesTemperature                  mediumconst  001FEF
_showFrequency                      (abs)        000000
_showTemperature                    (abs)        000000
_stateFrequency                     (abs)        000000
_stateMainMenu                      (abs)        000000
_statePhaseAngle                    (abs)        000000
_statePower1                        (abs)        000000
_statePower2                        (abs)        000000
_statePowerFactor                   (abs)        000000
_stateRmsVI                         (abs)        000000
_stateTemperature                   (abs)        000000
_typesPower1                        (abs)        000000
_vectorPower1                       (abs)        000000
_viPhaseAngle                       (abs)        000000
_viewMenu                           (abs)        000000
btemp                               temp         00004D
delay@counter                       cstackCOMRAM 000049
delay@delay                         cstackCOMRAM 000045
end_of_initialization               cinit        0004FA
exitFrequency@currentFrequency2     bssBANK0     000066
exitPhaseAngle@currentPhaseAngle3   bssBANK0     00006C
exitPower1@currentPower1_4          bssBANK0     000087
exitPower2@currentPower2_3          bssBANK0     00007E
exitPowerFactor@currentPowerFactor2 bssCOMRAM    00001D
exitRmsVI@currentRms3               bssBANK0     000075
exitTemperature@currentTemperature2 bssBANK0     000060
expBASE10@value                     bssCOMRAM    000001
fhPower2@currentPower2_1            bssBANK0     000084
generalView@currentMainMenu2        bssCOMRAM    000023
initialLoad@currentMainMenu1        bssCOMRAM    000025
int$flags                           temp         00004D
intlevel0                           text         000000
intlevel1                           text         000000
intlevel2                           text         000000
intlevel3                           text         000000
main@F3282                          dataBANK0    00009E
main@arrayTest                      cstackBANK0  000092
main@test                           cstackBANK0  00009D
neutralRmsVI@currentRms2            bssBANK0     000078
phPhaseAngle@currentPhaseAngle1     bssBANK0     000072
phPower1@currentPower1_2            bssCOMRAM    000005
phPower2@currentPower2_2            bssBANK0     000081
phPowerFactor@currentPowerFactor1   bssCOMRAM    00001F
phRmsVI@currentRms1                 bssBANK0     00007B
showFrequency@currentFrequency1     bssBANK0     000069
showTemperature@currentTemperature1 bssBANK0     000063
stackhi                             (abs)        0002FF
stacklo                             (abs)        0000A9
start                               init         0000A2
start_initialization                cinit        0004C2
stateFrequency@phase                bssCOMRAM    00002C
stateFrequency@phaseFrequency       bssCOMRAM    00000E
stateMainMenu@phase                 bssCOMRAM    000032
stateMainMenu@phaseMain             bssCOMRAM    000029
statePhaseAngle@phase               bssCOMRAM    00002D
statePhaseAngle@phasePhaseAngle     bssCOMRAM    000011
statePower1@phase                   bssCOMRAM    000031
statePower1@phasePower1             bssCOMRAM    00001A
statePower2@phase                   bssCOMRAM    000030
statePower2@phasePower2             bssCOMRAM    000017
statePowerFactor@phase              bssCOMRAM    00002E
statePowerFactor@phasePowerFactor   bssCOMRAM    000027
stateRmsVI@phase                    bssCOMRAM    00002F
stateRmsVI@phaseRmsVI               bssCOMRAM    000014
stateTemperature@phase              bssCOMRAM    00002B
stateTemperature@phaseTemperature   bssCOMRAM    00000B
typesPower1@currentPower1_1         bssCOMRAM    000008
vectorPower1@currentPower1_3        bssBANK0     00008A
viPhaseAngle@currentPhaseAngle2     bssBANK0     00006F
viewMenu@currentMainMenu3           bssCOMRAM    000021
wtemp6                              temp         00004E


FUNCTION INFORMATION:

 *************** function _main *****************
 Defined at:
		line 88 in file "main.c"
 Parameters:    Size  Location     Type
		None
 Auto vars:     Size  Location     Type
  arrayTest      11    5[BANK0 ] unsigned char [11]
  test            1   16[BANK0 ] unsigned char 
 Return value:  Size  Location     Type
                  1    wreg      void 
 Registers used:
		wreg, fsr1l, fsr1h, fsr2l, fsr2h, status,2, status,0, tblptrl, tblptrh, tblptru, prodl, prodh, cstack
 Tracked objects:
		On entry : 
		On exit  : 
		Unchanged: 
 Data sizes:     COMRAM   BANK0   BANK1   BANK2
      Params:         0       0       0       0
      Locals:         0      12       0       0
      Temps:          0       0       0       0
      Totals:         0      12       0       0
Total ram usage:       12 bytes
 Hardware stack levels required when called:    5
 This function calls:
		_GPIO_sourceClock
		_LCDNokia_clear
		_LCDNokia_init
		_LCDNokia_sendChar
		_SPI_init
		_delay
 This function is called by:
		Startup code after reset
 This function uses a non-reentrant model


 *************** function _SPI_init *****************
 Defined at:
		line 80 in file "SPI.c"
 Parameters:    Size  Location     Type
  SPI_Config      2   20[COMRAM] PTR const struct .
		 -> SPI_Config(3), 
 Auto vars:     Size  Location     Type
		None
 Return value:  Size  Location     Type
                  1    wreg      void 
 Registers used:
		wreg, status,2, status,0, tblptrl, tblptrh, tblptru, cstack
 Tracked objects:
		On entry : 
		On exit  : 
		Unchanged: 
 Data sizes:     COMRAM   BANK0   BANK1   BANK2
      Params:         2       0       0       0
      Locals:         0       0       0       0
      Temps:          2       0       0       0
      Totals:         4       0       0       0
Total ram usage:        4 bytes
 Hardware stack levels used:    1
 Hardware stack levels required when called:    2
 This function calls:
		_SPI_enableClock
		_SPI_enablePins
 This function is called by:
		_main
 This function uses a non-reentrant model


 *************** function _SPI_enablePins *****************
 Defined at:
		line 56 in file "SPI.c"
 Parameters:    Size  Location     Type
  serial          1    wreg     enum E3069
 Auto vars:     Size  Location     Type
  serial          1   18[COMRAM] enum E3069
 Return value:  Size  Location     Type
                  1    wreg      void 
 Registers used:
		wreg, status,2, status,0
 Tracked objects:
		On entry : 
		On exit  : 
		Unchanged: 
 Data sizes:     COMRAM   BANK0   BANK1   BANK2
      Params:         0       0       0       0
      Locals:         1       0       0       0
      Temps:          0       0       0       0
      Totals:         1       0       0       0
Total ram usage:        1 bytes
 Hardware stack levels used:    1
 Hardware stack levels required when called:    1
 This function calls:
		Nothing
 This function is called by:
		_SPI_init
 This function uses a non-reentrant model


 *************** function _SPI_enableClock *****************
 Defined at:
		line 14 in file "SPI.c"
 Parameters:    Size  Location     Type
  phase           1    wreg     enum E3065
  cpol            1   18[COMRAM] enum E3061
 Auto vars:     Size  Location     Type
  phase           1   19[COMRAM] enum E3065
 Return value:  Size  Location     Type
                  1    wreg      void 
 Registers used:
		wreg, status,2, status,0
 Tracked objects:
		On entry : 
		On exit  : 
		Unchanged: 
 Data sizes:     COMRAM   BANK0   BANK1   BANK2
      Params:         1       0       0       0
      Locals:         1       0       0       0
      Temps:          0       0       0       0
      Totals:         2       0       0       0
Total ram usage:        2 bytes
 Hardware stack levels used:    1
 Hardware stack levels required when called:    1
 This function calls:
		Nothing
 This function is called by:
		_SPI_init
 This function uses a non-reentrant model


 *************** function _LCDNokia_sendChar *****************
 Defined at:
		line 157 in file "LCDNokia5110.c"
 Parameters:    Size  Location     Type
  character       1    wreg     unsigned char 
 Auto vars:     Size  Location     Type
  character       1    2[BANK0 ] unsigned char 
  index           2    3[BANK0 ] unsigned int 
 Return value:  Size  Location     Type
                  1    wreg      void 
 Registers used:
		wreg, status,2, status,0, tblptrl, tblptrh, tblptru, prodl, prodh, cstack
 Tracked objects:
		On entry : 
		On exit  : 
		Unchanged: 
 Data sizes:     COMRAM   BANK0   BANK1   BANK2
      Params:         0       0       0       0
      Locals:         0       3       0       0
      Temps:          0       2       0       0
      Totals:         0       5       0       0
Total ram usage:        5 bytes
 Hardware stack levels used:    1
 Hardware stack levels required when called:    3
 This function calls:
		_LCDNokia_writeByte
		___wmul
 This function is called by:
		_main
		_LCDNokia_sendString
		_LCDNokia_printValue
		_LCDNokia_printFloatValue
 This function uses a non-reentrant model


 *************** function ___wmul *****************
 Defined at:
		line 15 in file "C:\Program Files (x86)\Microchip\xc8\v1.44\sources\common\Umul16.c"
 Parameters:    Size  Location     Type
  multiplier      2   18[COMRAM] unsigned int 
  multiplicand    2   20[COMRAM] unsigned int 
 Auto vars:     Size  Location     Type
  product         2   22[COMRAM] unsigned int 
 Return value:  Size  Location     Type
                  2   18[COMRAM] unsigned int 
 Registers used:
		wreg, status,2, status,0, prodl, prodh
 Tracked objects:
		On entry : 
		On exit  : 
		Unchanged: 
 Data sizes:     COMRAM   BANK0   BANK1   BANK2
      Params:         4       0       0       0
      Locals:         2       0       0       0
      Temps:          0       0       0       0
      Totals:         6       0       0       0
Total ram usage:        6 bytes
 Hardware stack levels used:    1
 Hardware stack levels required when called:    1
 This function calls:
		Nothing
 This function is called by:
		_LCDNokia_sendChar
 This function uses a non-reentrant model


 *************** function _LCDNokia_init *****************
 Defined at:
		line 108 in file "LCDNokia5110.c"
 Parameters:    Size  Location     Type
		None
 Auto vars:     Size  Location     Type
		None
 Return value:  Size  Location     Type
                  1    wreg      void 
 Registers used:
		wreg, status,2, status,0, cstack
 Tracked objects:
		On entry : 
		On exit  : 
		Unchanged: 
 Data sizes:     COMRAM   BANK0   BANK1   BANK2
      Params:         0       0       0       0
      Locals:         0       0       0       0
      Temps:          0       0       0       0
      Totals:         0       0       0       0
Total ram usage:        0 bytes
 Hardware stack levels used:    1
 Hardware stack levels required when called:    3
 This function calls:
		_GPIO_clearPIN
		_GPIO_dataDirectionPIN
		_GPIO_setPIN
		_LCDNokia_writeByte
		_LCD_delay
		_delay
 This function is called by:
		_main
 This function uses a non-reentrant model


 *************** function _delay *****************
 Defined at:
		line 189 in file "GPIO.c"
 Parameters:    Size  Location     Type
  delay           4   18[COMRAM] unsigned long 
 Auto vars:     Size  Location     Type
  counter         4   22[COMRAM] volatile unsigned long 
 Return value:  Size  Location     Type
                  1    wreg      void 
 Registers used:
		wreg, status,2, status,0
 Tracked objects:
		On entry : 
		On exit  : 
		Unchanged: 
 Data sizes:     COMRAM   BANK0   BANK1   BANK2
      Params:         4       0       0       0
      Locals:         4       0       0       0
      Temps:          0       0       0       0
      Totals:         8       0       0       0
Total ram usage:        8 bytes
 Hardware stack levels used:    1
 Hardware stack levels required when called:    1
 This function calls:
		Nothing
 This function is called by:
		_main
		_LCDNokia_init
		_UART_putString
 This function uses a non-reentrant model


 *************** function _LCD_delay *****************
 Defined at:
		line 200 in file "LCDNokia5110.c"
 Parameters:    Size  Location     Type
		None
 Auto vars:     Size  Location     Type
  counter         4   18[COMRAM] unsigned long 
 Return value:  Size  Location     Type
                  1    wreg      void 
 Registers used:
		wreg, status,2, status,0
 Tracked objects:
		On entry : 
		On exit  : 
		Unchanged: 
 Data sizes:     COMRAM   BANK0   BANK1   BANK2
      Params:         0       0       0       0
      Locals:         4       0       0       0
      Temps:          0       0       0       0
      Totals:         4       0       0       0
Total ram usage:        4 bytes
 Hardware stack levels used:    1
 Hardware stack levels required when called:    1
 This function calls:
		Nothing
 This function is called by:
		_LCDNokia_init
 This function uses a non-reentrant model


 *************** function _GPIO_dataDirectionPIN *****************
 Defined at:
		line 51 in file "GPIO.c"
 Parameters:    Size  Location     Type
  portName        1    wreg     enum E3075
  pin             1   18[COMRAM] unsigned char 
  state           1   19[COMRAM] enum E3071
 Auto vars:     Size  Location     Type
  portName        1   22[COMRAM] enum E3075
 Return value:  Size  Location     Type
                  1    wreg      void 
 Registers used:
		wreg, status,2, status,0
 Tracked objects:
		On entry : 
		On exit  : 
		Unchanged: 
 Data sizes:     COMRAM   BANK0   BANK1   BANK2
      Params:         2       0       0       0
      Locals:         1       0       0       0
      Temps:          2       0       0       0
      Totals:         5       0       0       0
Total ram usage:        5 bytes
 Hardware stack levels used:    1
 Hardware stack levels required when called:    1
 This function calls:
		Nothing
 This function is called by:
		_LCDNokia_init
		_UART_init
		_ButtonInt_config
 This function uses a non-reentrant model


 *************** function _LCDNokia_clear *****************
 Defined at:
		line 182 in file "LCDNokia5110.c"
 Parameters:    Size  Location     Type
		None
 Auto vars:     Size  Location     Type
  index           2    2[BANK0 ] unsigned int 
 Return value:  Size  Location     Type
                  1    wreg      void 
 Registers used:
		wreg, status,2, status,0, cstack
 Tracked objects:
		On entry : 
		On exit  : 
		Unchanged: 
 Data sizes:     COMRAM   BANK0   BANK1   BANK2
      Params:         0       0       0       0
      Locals:         0       2       0       0
      Temps:          0       0       0       0
      Totals:         0       2       0       0
Total ram usage:        2 bytes
 Hardware stack levels used:    1
 Hardware stack levels required when called:    4
 This function calls:
		_LCDNokia_gotoXY
		_LCDNokia_writeByte
 This function is called by:
		_main
		_initialLoad
 This function uses a non-reentrant model


 *************** function _LCDNokia_gotoXY *****************
 Defined at:
		line 194 in file "LCDNokia5110.c"
 Parameters:    Size  Location     Type
  x               1    wreg     unsigned char 
  y               1    0[BANK0 ] unsigned char 
 Auto vars:     Size  Location     Type
  x               1    1[BANK0 ] unsigned char 
 Return value:  Size  Location     Type
                  1    wreg      void 
 Registers used:
		wreg, status,2, status,0, cstack
 Tracked objects:
		On entry : 
		On exit  : 
		Unchanged: 
 Data sizes:     COMRAM   BANK0   BANK1   BANK2
      Params:         0       1       0       0
      Locals:         0       1       0       0
      Temps:          0       0       0       0
      Totals:         0       2       0       0
Total ram usage:        2 bytes
 Hardware stack levels used:    1
 Hardware stack levels required when called:    3
 This function calls:
		_LCDNokia_writeByte
 This function is called by:
		_LCDNokia_clear
 This function uses a non-reentrant model


 *************** function _LCDNokia_writeByte *****************
 Defined at:
		line 143 in file "LCDNokia5110.c"
 Parameters:    Size  Location     Type
  DataOrCmd       1    wreg     unsigned char 
  data            1   24[COMRAM] unsigned char 
 Auto vars:     Size  Location     Type
  DataOrCmd       1   25[COMRAM] unsigned char 
 Return value:  Size  Location     Type
                  1    wreg      void 
 Registers used:
		wreg, status,2, status,0, cstack
 Tracked objects:
		On entry : 
		On exit  : 
		Unchanged: 
 Data sizes:     COMRAM   BANK0   BANK1   BANK2
      Params:         1       0       0       0
      Locals:         1       0       0       0
      Temps:          0       0       0       0
      Totals:         2       0       0       0
Total ram usage:        2 bytes
 Hardware stack levels used:    1
 Hardware stack levels required when called:    2
 This function calls:
		_GPIO_clearPIN
		_GPIO_setPIN
		_SPI_write
 This function is called by:
		_LCDNokia_init
		_LCDNokia_sendChar
		_LCDNokia_clear
		_LCDNokia_gotoXY
		_LCDNokia_bitmap
 This function uses a non-reentrant model


 *************** function _SPI_write *****************
 Defined at:
		line 86 in file "SPI.c"
 Parameters:    Size  Location     Type
  data            1    wreg     unsigned char 
 Auto vars:     Size  Location     Type
  data            1   19[COMRAM] unsigned char 
  dummy           1   20[COMRAM] const unsigned char 
  success         1   18[COMRAM] char 
 Return value:  Size  Location     Type
                  1    wreg      char 
 Registers used:
		wreg, status,2
 Tracked objects:
		On entry : 
		On exit  : 
		Unchanged: 
 Data sizes:     COMRAM   BANK0   BANK1   BANK2
      Params:         0       0       0       0
      Locals:         3       0       0       0
      Temps:          0       0       0       0
      Totals:         3       0       0       0
Total ram usage:        3 bytes
 Hardware stack levels used:    1
 Hardware stack levels required when called:    1
 This function calls:
		Nothing
 This function is called by:
		_LCDNokia_writeByte
 This function uses a non-reentrant model


 *************** function _GPIO_setPIN *****************
 Defined at:
		line 151 in file "GPIO.c"
 Parameters:    Size  Location     Type
  portName        1    wreg     enum E3075
  pin             1   18[COMRAM] unsigned char 
 Auto vars:     Size  Location     Type
  portName        1   21[COMRAM] enum E3075
 Return value:  Size  Location     Type
                  1    wreg      void 
 Registers used:
		wreg, status,2, status,0
 Tracked objects:
		On entry : 
		On exit  : 
		Unchanged: 
 Data sizes:     COMRAM   BANK0   BANK1   BANK2
      Params:         1       0       0       0
      Locals:         1       0       0       0
      Temps:          2       0       0       0
      Totals:         4       0       0       0
Total ram usage:        4 bytes
 Hardware stack levels used:    1
 Hardware stack levels required when called:    1
 This function calls:
		Nothing
 This function is called by:
		_LCDNokia_init
		_LCDNokia_writeByte
 This function uses a non-reentrant model


 *************** function _GPIO_clearPIN *****************
 Defined at:
		line 170 in file "GPIO.c"
 Parameters:    Size  Location     Type
  portName        1    wreg     enum E3075
  pin             1   18[COMRAM] unsigned char 
 Auto vars:     Size  Location     Type
  portName        1   21[COMRAM] enum E3075
 Return value:  Size  Location     Type
                  1    wreg      void 
 Registers used:
		wreg, status,2, status,0
 Tracked objects:
		On entry : 
		On exit  : 
		Unchanged: 
 Data sizes:     COMRAM   BANK0   BANK1   BANK2
      Params:         1       0       0       0
      Locals:         1       0       0       0
      Temps:          2       0       0       0
      Totals:         4       0       0       0
Total ram usage:        4 bytes
 Hardware stack levels used:    1
 Hardware stack levels required when called:    1
 This function calls:
		Nothing
 This function is called by:
		_LCDNokia_init
		_LCDNokia_writeByte
 This function uses a non-reentrant model


 *************** function _GPIO_sourceClock *****************
 Defined at:
		line 18 in file "GPIO.c"
 Parameters:    Size  Location     Type
  clk             1    wreg     enum E3061
 Auto vars:     Size  Location     Type
  clk             1   18[COMRAM] enum E3061
 Return value:  Size  Location     Type
                  1    wreg      void 
 Registers used:
		wreg, status,2, status,0
 Tracked objects:
		On entry : 
		On exit  : 
		Unchanged: 
 Data sizes:     COMRAM   BANK0   BANK1   BANK2
      Params:         0       0       0       0
      Locals:         1       0       0       0
      Temps:          0       0       0       0
      Totals:         1       0       0       0
Total ram usage:        1 bytes
 Hardware stack levels used:    1
 Hardware stack levels required when called:    1
 This function calls:
		Nothing
 This function is called by:
		_main
 This function uses a non-reentrant model


 *************** function _Button1 *****************
 Defined at:
		line 5 in file "Buttons.c"
 Parameters:    Size  Location     Type
		None
 Auto vars:     Size  Location     Type
		None
 Return value:  Size  Location     Type
                  1    wreg      void 
 Registers used:
		None
 Tracked objects:
		On entry : 
		On exit  : 
		Unchanged: 
 Data sizes:     COMRAM   BANK0   BANK1   BANK2
      Params:         0       0       0       0
      Locals:         0       0       0       0
      Temps:         18       0       0       0
      Totals:        18       0       0       0
Total ram usage:       18 bytes
 Hardware stack levels used:    1
 This function calls:
		Nothing
 This function is called by:
		Interrupt level 2
 This function uses a non-reentrant model



MODULE INFORMATION

Module		Function		Class		Link	Load	Size
LCDNokia5110.c
		_LCDNokia_init 		CODE           	00A6	0000	235
		_LCDNokia_sendChar		CODE           	026C	0000	137
		_LCDNokia_clear		CODE           	0546	0000	61
		_LCDNokia_gotoXY		CODE           	0656	0000	35
		_LCDNokia_writeByte		CODE           	0630	0000	39
		_LCD_delay     		CODE           	0582	0000	53

LCDNokia5110.c estimated size: 560

C:\Program Files (x86)\Microchip\xc8\v1.44\sources\common\Umul16.c
		___wmul        		CODE           	060A	0000	39

C:\Program Files (x86)\Microchip\xc8\v1.44\sources\common\Umul16.c estimated size: 39

Buttons.c
		_Button1       		CODE           	0008	0000	155

Buttons.c estimated size: 155

shared
		_phasesFrequency		MEDIUMCONST    	1FF3	0000	5
		_ASCII         		MEDIUMCONST    	1DDF	0000	481
		_SPI_Config    		MEDIUMCONST    	1FFB	0000	4
		__initialization		CODE           	04C2	0000	57
		_phasesPower1  		MEDIUMCONST    	1FCF	0000	9
		_phasesPower2  		MEDIUMCONST    	1FE3	0000	7
		_phasesTemperature		MEDIUMCONST    	1FEF	0000	5
		_phasesPhaseAngle		MEDIUMCONST    	1FD7	0000	7
		_phasesMainMenu		MEDIUMCONST    	1FE9	0000	7
		_phasesPowerFactor		MEDIUMCONST    	1FF7	0000	5
		_phasesRmsVI   		MEDIUMCONST    	1FDD	0000	7
		_StateProgram  		MEDIUMCONST    	1FBF	0000	17

shared estimated size: 611

GPIO.c
		_delay         		CODE           	05E2	0000	41
		_GPIO_clearPIN 		CODE           	02F4	0000	111
		_GPIO_dataDirectionPIN		CODE           	0190	0000	221
		_GPIO_sourceClock		CODE           	03CA	0000	97
		_GPIO_setPIN   		CODE           	0362	0000	105

GPIO.c estimated size: 575

SPI.c
		_SPI_init      		CODE           	047A	0000	73
		_SPI_enablePins		CODE           	05B6	0000	45
		_SPI_enableClock		CODE           	0508	0000	63
		_SPI_write     		CODE           	0678	0000	27

SPI.c estimated size: 208

main.c
		_main          		CODE           	042A	0000	81

main.c estimated size: 81

