Microchip MPLAB XC8 Compiler V1.44 ()

Linker command line:

-W-3 --edf=C:\Program Files (x86)\Microchip\xc8\v1.44\dat\en_msgs.txt -cs \
  -h+dist/default/production\Project_Measurement.X.production.sym \
  --cmf=dist/default/production\Project_Measurement.X.production.cmf -z \
  -Q18F2331 -oC:\Users\ANDRES~1\AppData\Local\Temp\skks.2 \
  -Mdist/default/production/Project_Measurement.X.production.map -E1 \
  -ver=XC8 -ASTACK=083h-02ffh -pstack=STACK -ACODE=00h-01FFFh \
  -ACONST=00h-01FFFh -ASMALLCONST=0300h-03FFhx29 -AMEDIUMCONST=0300h-01FFFh \
  -ACOMRAM=01h-05Fh -AABS1=00h-02FFh -ABIGRAM=01h-02FFh \
  -ARAM=060h-0FFh,0100h-01FFhx2 -ABANK0=060h-0FFh -ABANK1=0100h-01FFh \
  -ABANK2=0200h-02FFh -ASFR=0F60h-0FFFh \
  -preset_vec=00h,intcode,intcodelo,powerup,init -pramtop=0300h \
  -psmallconst=SMALLCONST -pmediumconst=MEDIUMCONST -pconst=CONST \
  -AFARRAM=00h-00h -ACONFIG=0300000h-030000Dh -pconfig=CONFIG \
  -AIDLOC=0200000h-0200007h -pidloc=IDLOC -AEEDATA=0F00000h-0F000FFh \
  -peeprom_data=EEDATA \
  -prdata=COMRAM,nvrram=COMRAM,nvbit=COMRAM,rbss=COMRAM,rbit=COMRAM \
  -pfarbss=FARRAM,fardata=FARRAM,nvFARRAM=FARRAM \
  -pintsave_regs=BIGRAM,bigbss=BIGRAM,bigdata=BIGRAM -pbss=RAM \
  -pidata=CODE,irdata=CODE,ibigdata=CODE,ifardata=CODE -prparam=COMRAM \
  C:\Users\ANDRES~1\AppData\Local\Temp\skks.obj \
  dist/default/production\Project_Measurement.X.production.obj 

Object code version is 3.11

Machine type is 18F2331

Call graph: (short form)




                Name                               Link     Load   Length Selector   Space Scale
C:\Users\ANDRES~1\AppData\Local\Temp\skks.obj
                init                                  0        0        4        0       0
                idloc                            200000   200000        8   200000       0
                config                           300000   300000        E   300000       0
dist/default/production\Project_Measurement.X.production.obj
                mediumconst                        1DB6     1DB6      24A      EDB       0
                text7                              1CDA     1CDA       DC      E6D       0
                text6                              1AD0     1AD0       30      D68       0
                text5                              1C6C     1C6C       6E      E36       0
                text4                              1C04     1C04       68      E02       0
                text3                              1B42     1B42       60      DA1       0
                text2                              1AB0     1AB0       10      D58       0
                text1                              1AC0     1AC0       10      D60       0
                text0                              1BA2     1BA2       62      DD1       0
                cstackCOMRAM                         4E       4E       11        1       1
                dataBANK0                            78       78        B       60       1
                bssBANK0                             60       60       18       60       1
                bssCOMRAM                             1        1       4D        1       1
                cinit                              1B00     1B00       42      D80       0
                idataBANK0                         1AA5     1AA5        B     1AA5       0

TOTAL           Name                               Link     Load   Length     Space
        CLASS   STACK          

        CLASS   CODE           
                init                                  0        0        4         0
                text7                              1CDA     1CDA       DC         0
                text6                              1AD0     1AD0       30         0
                text5                              1C6C     1C6C       6E         0
                text4                              1C04     1C04       68         0
                text3                              1B42     1B42       60         0
                text2                              1AB0     1AB0       10         0
                text1                              1AC0     1AC0       10         0
                text0                              1BA2     1BA2       62         0
                cinit                              1B00     1B00       42         0
                idataBANK0                         1AA5     1AA5        B         0

        CLASS   CONST          

        CLASS   SMALLCONST     

        CLASS   MEDIUMCONST    
                mediumconst                        1DB6     1DB6      24A         0

        CLASS   COMRAM         
                cstackCOMRAM                         4E       4E       11         1
                bssCOMRAM                             1        1       4D         1

        CLASS   ABS1           

        CLASS   BIGRAM         

        CLASS   RAM            

        CLASS   BANK0          
                dataBANK0                            78       78        B         1
                bssBANK0                             60       60       18         1

        CLASS   BANK1          

        CLASS   BANK2          

        CLASS   SFR            

        CLASS   FARRAM         

        CLASS   CONFIG         
                config                           300000   300000        E         0

        CLASS   IDLOC          
                idloc                            200000   200000        8         0

        CLASS   EEDATA         



SEGMENTS        Name                           Load    Length   Top    Selector   Space  Class

                reset_vec                      000000  000004  000004         0       0  CODE    
                bssCOMRAM                      000001  00005E  00005F         1       1  COMRAM  
                bssBANK0                       000060  000023  000083        60       1  BANK0   
                idataBANK0                     001AA5  00000B  001AB0      1AA5       0  CODE    
                text2                          001AB0  000010  001AC0       D58       0  CODE    
                text1                          001AC0  000010  001AD0       D60       0  CODE    
                text6                          001AD0  000030  001B00       D68       0  CODE    
                cinit                          001B00  000042  001B42       D80       0  CODE    
                text3                          001B42  000060  001BA2       DA1       0  CODE    
                text0                          001BA2  000062  001C04       DD1       0  CODE    
                text4                          001C04  000068  001C6C       E02       0  CODE    
                text5                          001C6C  00006E  001CDA       E36       0  CODE    
                text7                          001CDA  0000DC  001DB6       E6D       0  CODE    
                mediumconst                    001DB6  00024A  002000       EDB       0  MEDIUMCO
                idloc                          200000  000008  200008    200000       0  IDLOC   
                config                         300000  00000E  30000E    300000       0  CONFIG  


UNUSED ADDRESS RANGES

        Name                Unused          Largest block    Delta
        BANK0            000083-0000FF               7D
        BANK1            000100-0001FF              100
        BANK2            000200-0002FF              100
        BIGRAM           00005F-00005F                1
                         000083-0002FF              27D
        CODE             000004-001AA4             1AA1
        COMRAM           00005F-00005F                1
        CONST            000004-001AA4             1AA1
        EEDATA           F00000-F000FF              100
        MEDIUMCONST      000300-001AA4             17A5
        RAM              000083-0002FF              100
        SFR              000F60-000FFF               A0
        SMALLCONST       000300-001AA4              100
        STACK            000083-0002FF              27D

                                  Symbol Table

GPIO_clearPIN@pin                   cstackCOMRAM 00004E
GPIO_clearPIN@portName              cstackCOMRAM 000051
GPIO_dataDirectionPIN@pin           cstackCOMRAM 00004E
GPIO_dataDirectionPIN@portName      cstackCOMRAM 000052
GPIO_dataDirectionPIN@state         cstackCOMRAM 00004F
GPIO_setPIN@pin                     cstackCOMRAM 00004E
GPIO_setPIN@portName                cstackCOMRAM 000051
GPIO_sourceClock@clk                cstackCOMRAM 00004E
_ANSEL0                             (abs)        000FB8
_ANSEL0bits                         (abs)        000FB8
_ASCII                              mediumconst  001DB7
_BAUDCTLbits                        (abs)        000FAA
_ButtonInt_config                   text6        001AD0
_FlagButton1                        bssCOMRAM    000044
_FlagButton2                        bssCOMRAM    000043
_FlagButton3                        bssCOMRAM    000042
_GPIO_clearPIN                      text5        001C6C
_GPIO_dataDirectionPIN              text7        001CDA
_GPIO_setPIN                        text4        001C04
_GPIO_sourceClock                   text3        001B42
_OSCCON                             (abs)        000FD3
_PIR1bits                           (abs)        000F9E
_PORTA                              (abs)        000F80
_PORTAbits                          (abs)        000F80
_PORTB                              (abs)        000F81
_PORTC                              (abs)        000F82
_PORTCbits                          (abs)        000F82
_RCSTAbits                          (abs)        000FAB
_SPBRG                              (abs)        000FAF
_SPI_Config                         mediumconst  001FFC
_SSPBUF                             (abs)        000FC9
_SSPCON                             (abs)        000FC6
_SSPCONbits                         (abs)        000FC6
_SSPSTAT                            (abs)        000FC7
_SSPSTATbits                        (abs)        000FC7
_StateProgram                       mediumconst  001F97
_TRISA                              (abs)        000F92
_TRISB                              (abs)        000F93
_TRISC                              (abs)        000F94
_TRISCbits                          (abs)        000F94
_TXREG                              (abs)        000FAD
_TXSTAbits                          (abs)        000FAC
__CFG_BOREN$ON                      (abs)        000000
__CFG_CP0$OFF                       (abs)        000000
__CFG_CP1$OFF                       (abs)        000000
__CFG_CPB$OFF                       (abs)        000000
__CFG_CPD$OFF                       (abs)        000000
__CFG_EBTR0$OFF                     (abs)        000000
__CFG_EBTR1$OFF                     (abs)        000000
__CFG_EBTRB$OFF                     (abs)        000000
__CFG_FCMEN$ON                      (abs)        000000
__CFG_HPOL$HIGH                     (abs)        000000
__CFG_IESO$ON                       (abs)        000000
__CFG_LPOL$HIGH                     (abs)        000000
__CFG_LVP$OFF                       (abs)        000000
__CFG_MCLRE$OFF                     (abs)        000000
__CFG_OSC$IRCIO                     (abs)        000000
__CFG_PWMPIN$OFF                    (abs)        000000
__CFG_PWRTEN$OFF                    (abs)        000000
__CFG_STVREN$ON                     (abs)        000000
__CFG_T1OSCMX$ON                    (abs)        000000
__CFG_WDPS$32768                    (abs)        000000
__CFG_WDTEN$OFF                     (abs)        000000
__CFG_WINEN$OFF                     (abs)        000000
__CFG_WRT0$OFF                      (abs)        000000
__CFG_WRT1$OFF                      (abs)        000000
__CFG_WRTB$OFF                      (abs)        000000
__CFG_WRTC$OFF                      (abs)        000000
__CFG_WRTD$OFF                      (abs)        000000
__HRAM                              (abs)        000000
__Habs1                             abs1         000000
__Hbank0                            bank0        000000
__Hbank1                            bank1        000000
__Hbank2                            bank2        000000
__Hbigbss                           bigbss       000000
__Hbigdata                          bigdata      000000
__Hbigram                           bigram       000000
__Hbss                              bss          000000
__HbssBANK0                         bssBANK0     000000
__HbssCOMRAM                        bssCOMRAM    000000
__Hcinit                            cinit        000000
__Hclrtext                          clrtext      000000
__Hcomram                           comram       000000
__Hconfig                           config       30000E
__Hconst                            const        000000
__HcstackCOMRAM                     cstackCOMRAM 000000
__Hdata                             data         000000
__HdataBANK0                        dataBANK0    000000
__Heeprom_data                      eeprom_data  000000
__Hfarbss                           farbss       000000
__Hfardata                          fardata      000000
__Hibigdata                         ibigdata     000000
__Hidata                            idata        000000
__HidataBANK0                       idataBANK0   000000
__Hidloc                            idloc        200008
__Hifardata                         ifardata     000000
__Hinit                             init         000004
__Hintcode                          intcode      000000
__Hintcode_body                     intcode_body 000000
__Hintcodelo                        intcodelo    000000
__Hintentry                         intentry     000000
__Hintret                           intret       000000
__Hintsave_regs                     intsave_regs 000000
__Hirdata                           irdata       000000
__Hmediumconst                      mediumconst  002000
__HnvFARRAM                         nvFARRAM     000000
__Hnvbit                            nvbit        000000
__Hnvrram                           nvrram       000000
__Hparam                            rparam       000000
__Hpowerup                          powerup      000000
__Hram                              ram          000000
__Hramtop                           ramtop       000300
__Hrbit                             rbit         000000
__Hrbss                             rbss         000000
__Hrdata                            rdata        000000
__Hreset_vec                        reset_vec    000000
__Hrparam                           rparam       000000
__Hsfr                              sfr          000000
__Hsmallconst                       smallconst   000000
__Hspace_0                          (abs)        30000E
__Hspace_1                          (abs)        000083
__Hspace_2                          (abs)        000000
__Hstack                            stack        000000
__Hstruct                           struct       000000
__Htemp                             temp         000000
__Htext                             text         000000
__Htext0                            text0        000000
__Htext1                            text1        000000
__Htext2                            text2        000000
__Htext3                            text3        000000
__Htext4                            text4        000000
__Htext5                            text5        000000
__Htext6                            text6        000000
__Htext7                            text7        000000
__LRAM                              (abs)        000001
__Labs1                             abs1         000000
__Lbank0                            bank0        000000
__Lbank1                            bank1        000000
__Lbank2                            bank2        000000
__Lbigbss                           bigbss       000000
__Lbigdata                          bigdata      000000
__Lbigram                           bigram       000000
__Lbss                              bss          000000
__LbssBANK0                         bssBANK0     000000
__LbssCOMRAM                        bssCOMRAM    000000
__Lcinit                            cinit        000000
__Lclrtext                          clrtext      000000
__Lcomram                           comram       000000
__Lconfig                           config       300000
__Lconst                            const        000000
__LcstackCOMRAM                     cstackCOMRAM 000000
__Ldata                             data         000000
__LdataBANK0                        dataBANK0    000000
__Leeprom_data                      eeprom_data  000000
__Lfarbss                           farbss       000000
__Lfardata                          fardata      000000
__Libigdata                         ibigdata     000000
__Lidata                            idata        000000
__LidataBANK0                       idataBANK0   000000
__Lidloc                            idloc        200000
__Lifardata                         ifardata     000000
__Linit                             init         000000
__Lintcode                          intcode      000000
__Lintcode_body                     intcode_body 000000
__Lintcodelo                        intcodelo    000000
__Lintentry                         intentry     000000
__Lintret                           intret       000000
__Lintsave_regs                     intsave_regs 000000
__Lirdata                           irdata       000000
__Lmediumconst                      mediumconst  001DB6
__LnvFARRAM                         nvFARRAM     000000
__Lnvbit                            nvbit        000000
__Lnvrram                           nvrram       000000
__Lparam                            rparam       000000
__Lpowerup                          powerup      000000
__Lram                              ram          000000
__Lramtop                           ramtop       000300
__Lrbit                             rbit         000000
__Lrbss                             rbss         000000
__Lrdata                            rdata        000000
__Lreset_vec                        reset_vec    000000
__Lrparam                           rparam       000000
__Lsfr                              sfr          000000
__Lsmallconst                       smallconst   000000
__Lspace_0                          (abs)        000000
__Lspace_1                          (abs)        000000
__Lspace_2                          (abs)        000000
__Lstack                            stack        000000
__Lstruct                           struct       000000
__Ltemp                             temp         000000
__Ltext                             text         000000
__Ltext0                            text0        000000
__Ltext1                            text1        000000
__Ltext2                            text2        000000
__Ltext3                            text3        000000
__Ltext4                            text4        000000
__Ltext5                            text5        000000
__Ltext6                            text6        000000
__Ltext7                            text7        000000
__S0                                (abs)        30000E
__S1                                (abs)        000083
__S2                                (abs)        000000
___inthi_sp                         stack        000000
___intlo_sp                         stack        000000
___param_bank                       (abs)        000000
___rparam_used                      (abs)        000001
___sp                               stack        000000
__accesstop                         (abs)        000060
__activetblptr                      (abs)        000002
__end_of_ASCII                      mediumconst  001F97
__end_of_ButtonInt_config           text6        001B00
__end_of_GPIO_clearPIN              text5        001CDA
__end_of_GPIO_dataDirectionPIN      text7        001DB6
__end_of_GPIO_setPIN                text4        001C6C
__end_of_GPIO_sourceClock           text3        001BA2
__end_of_SPI_Config                 mediumconst  001FFF
__end_of_StateProgram               mediumconst  001FA7
__end_of__initialization            cinit        001B38
__end_of_getButton1                 text2        001AC0
__end_of_getButton2                 text1        001AD0
__end_of_main                       text0        001C04
__end_of_phasesFrequency            mediumconst  001FF8
__end_of_phasesMainMenu             mediumconst  001FCD
__end_of_phasesPhaseAngle           mediumconst  001FDA
__end_of_phasesPower1               mediumconst  001FC5
__end_of_phasesPower2               mediumconst  001FE6
__end_of_phasesPowerFactor          mediumconst  001FFC
__end_of_phasesRmsVI                mediumconst  001FE0
__end_of_phasesTemperature          mediumconst  001FF4
__end_ofgeneralView@F3409           mediumconst  001FB3
__end_ofgeneralView@F3411           mediumconst  001FBD
__end_ofgeneralView@F3413           mediumconst  001FD4
__end_ofgeneralView@F3415           mediumconst  001FF0
__end_ofsendData@F3422              mediumconst  001FEB
__initialization                    cinit        001B00
__mediumconst                       mediumconst  001DB6
__pbssBANK0                         bssBANK0     000060
__pbssCOMRAM                        bssCOMRAM    000001
__pcinit                            cinit        001B00
__pcstackCOMRAM                     cstackCOMRAM 00004E
__pdataBANK0                        dataBANK0    000078
__pidataBANK0                       idataBANK0   001AA5
__pmediumconst                      mediumconst  001DB6
__ptext0                            text0        001BA2
__ptext1                            text1        001AC0
__ptext2                            text2        001AB0
__ptext3                            text3        001B42
__ptext4                            text4        001C04
__ptext5                            text5        001C6C
__ptext6                            text6        001AD0
__ptext7                            text7        001CDA
__ramtop                            ramtop       000300
__size_of_ButtonInt_config          (abs)        000000
__size_of_GPIO_clearPIN             (abs)        000000
__size_of_GPIO_dataDirectionPIN     (abs)        000000
__size_of_GPIO_setPIN               (abs)        000000
__size_of_GPIO_sourceClock          (abs)        000000
__size_of_getButton1                (abs)        000000
__size_of_getButton2                (abs)        000000
__size_of_main                      (abs)        000000
__smallconst                        smallconst   000000
_exitFrequency                      (abs)        000000
_exitPhaseAngle                     (abs)        000000
_exitPower1                         (abs)        000000
_exitPower2                         (abs)        000000
_exitPowerFactor                    (abs)        000000
_exitRmsVI                          (abs)        000000
_exitTemperature                    (abs)        000000
_fhPower2                           (abs)        000000
_generalView                        (abs)        000000
_getButton1                         text2        001AB0
_getButton2                         text1        001AC0
_initialLoad                        (abs)        000000
_main                               text0        001BA2
_neutralRmsVI                       (abs)        000000
_phPhaseAngle                       (abs)        000000
_phPower1                           (abs)        000000
_phPower2                           (abs)        000000
_phPowerFactor                      (abs)        000000
_phRmsVI                            (abs)        000000
_phasesFrequency                    mediumconst  001FF4
_phasesMainMenu                     mediumconst  001FC5
_phasesPhaseAngle                   mediumconst  001FD4
_phasesPower1                       mediumconst  001FBD
_phasesPower2                       mediumconst  001FE0
_phasesPowerFactor                  mediumconst  001FF8
_phasesRmsVI                        mediumconst  001FDA
_phasesTemperature                  mediumconst  001FF0
_sendData                           (abs)        000000
_showFrequency                      (abs)        000000
_showTemperature                    (abs)        000000
_stateFrequency                     (abs)        000000
_stateMainMenu                      (abs)        000000
_statePhaseAngle                    (abs)        000000
_statePower1                        (abs)        000000
_statePower2                        (abs)        000000
_statePowerFactor                   (abs)        000000
_stateRmsVI                         (abs)        000000
_stateTemperature                   (abs)        000000
_typesPower1                        (abs)        000000
_vectorPower1                       (abs)        000000
_viPhaseAngle                       (abs)        000000
_viewMenu                           (abs)        000000
end_of_initialization               cinit        001B38
exitFrequency@currentFrequency2     bssBANK0     000066
exitPhaseAngle@currentPhaseAngle3   bssBANK0     00006C
exitPower1@currentPower1_4          bssCOMRAM    000014
exitPower2@currentPower2_3          bssCOMRAM    00000B
exitPowerFactor@currentPowerFactor2 bssCOMRAM    000032
exitRmsVI@currentRms3               bssBANK0     000075
exitTemperature@currentTemperature2 bssBANK0     000060
expBASE10@value                     bssCOMRAM    000001
fhPower2@currentPower2_1            bssCOMRAM    000011
generalView@F3409                   mediumconst  001FA7
generalView@F3411                   mediumconst  001FB3
generalView@F3413                   mediumconst  001FCD
generalView@F3415                   mediumconst  001FEB
generalView@currentMainMenu2        bssCOMRAM    00003A
generalView@lockClear               bssCOMRAM    000045
initialLoad@currentMainMenu1        bssCOMRAM    00003C
intlevel0                           text         000000
intlevel1                           text         000000
intlevel2                           text         000000
intlevel3                           text         000000
main@F3294                          dataBANK0    000078
main@arrayTest                      cstackCOMRAM 000053
main@test                           cstackCOMRAM 00005E
neutralRmsVI@currentRms2            bssCOMRAM    000005
phPhaseAngle@currentPhaseAngle1     bssBANK0     000072
phPower1@currentPower1_2            bssCOMRAM    00001A
phPower2@currentPower2_2            bssCOMRAM    00000E
phPowerFactor@currentPowerFactor1   bssCOMRAM    000034
phRmsVI@currentRms1                 bssCOMRAM    000008
sendData@F3422                      mediumconst  001FE6
sendData@currentMainMenu4           bssCOMRAM    000036
showFrequency@currentFrequency1     bssBANK0     000069
showTemperature@currentTemperature1 bssBANK0     000063
stackhi                             (abs)        0002FF
stacklo                             (abs)        000083
start                               init         000000
start_initialization                cinit        001B00
stateFrequency@phase                bssCOMRAM    000047
stateFrequency@phaseFrequency       bssCOMRAM    000023
stateMainMenu@phase                 bssCOMRAM    00004D
stateMainMenu@phaseMain             bssCOMRAM    000040
statePhaseAngle@phase               bssCOMRAM    000048
statePhaseAngle@phasePhaseAngle     bssCOMRAM    000026
statePower1@phase                   bssCOMRAM    00004C
statePower1@phasePower1             bssCOMRAM    00002F
statePower2@phase                   bssCOMRAM    00004B
statePower2@phasePower2             bssCOMRAM    00002C
statePowerFactor@phase              bssCOMRAM    000049
statePowerFactor@phasePowerFactor   bssCOMRAM    00003E
stateRmsVI@phase                    bssCOMRAM    00004A
stateRmsVI@phaseRmsVI               bssCOMRAM    000029
stateTemperature@phase              bssCOMRAM    000046
stateTemperature@phaseTemperature   bssCOMRAM    000020
typesPower1@currentPower1_1         bssCOMRAM    00001D
vectorPower1@currentPower1_3        bssCOMRAM    000017
viPhaseAngle@currentPhaseAngle2     bssBANK0     00006F
viewMenu@currentMainMenu3           bssCOMRAM    000038


FUNCTION INFORMATION:

 *************** function _main *****************
 Defined at:
		line 89 in file "main.c"
 Parameters:    Size  Location     Type
		None
 Auto vars:     Size  Location     Type
  arrayTest      11    5[COMRAM] unsigned char [11]
  test            1   16[COMRAM] unsigned char 
 Return value:  Size  Location     Type
                  1    wreg      void 
 Registers used:
		wreg, fsr1l, fsr1h, fsr2l, fsr2h, status,2, status,0, cstack
 Tracked objects:
		On entry : 
		On exit  : 
		Unchanged: 
 Data sizes:     COMRAM   BANK0   BANK1   BANK2
      Params:         0       0       0       0
      Locals:        12       0       0       0
      Temps:          0       0       0       0
      Totals:        12       0       0       0
Total ram usage:       12 bytes
 Hardware stack levels required when called:    2
 This function calls:
		_ButtonInt_config
		_GPIO_clearPIN
		_GPIO_dataDirectionPIN
		_GPIO_setPIN
		_GPIO_sourceClock
		_getButton1
		_getButton2
 This function is called by:
		Startup code after reset
 This function uses a non-reentrant model


 *************** function _getButton2 *****************
 Defined at:
		line 27 in file "Buttons.c"
 Parameters:    Size  Location     Type
		None
 Auto vars:     Size  Location     Type
		None
 Return value:  Size  Location     Type
                  1    wreg      unsigned char 
 Registers used:
		wreg, status,2
 Tracked objects:
		On entry : 
		On exit  : 
		Unchanged: 
 Data sizes:     COMRAM   BANK0   BANK1   BANK2
      Params:         0       0       0       0
      Locals:         0       0       0       0
      Temps:          0       0       0       0
      Totals:         0       0       0       0
Total ram usage:        0 bytes
 Hardware stack levels used:    1
 This function calls:
		Nothing
 This function is called by:
		_main
 This function uses a non-reentrant model


 *************** function _getButton1 *****************
 Defined at:
		line 9 in file "Buttons.c"
 Parameters:    Size  Location     Type
		None
 Auto vars:     Size  Location     Type
		None
 Return value:  Size  Location     Type
                  1    wreg      unsigned char 
 Registers used:
		wreg, status,2
 Tracked objects:
		On entry : 
		On exit  : 
		Unchanged: 
 Data sizes:     COMRAM   BANK0   BANK1   BANK2
      Params:         0       0       0       0
      Locals:         0       0       0       0
      Temps:          0       0       0       0
      Totals:         0       0       0       0
Total ram usage:        0 bytes
 Hardware stack levels used:    1
 This function calls:
		Nothing
 This function is called by:
		_main
		_generalView
 This function uses a non-reentrant model


 *************** function _GPIO_sourceClock *****************
 Defined at:
		line 18 in file "GPIO.c"
 Parameters:    Size  Location     Type
  clk             1    wreg     enum E3061
 Auto vars:     Size  Location     Type
  clk             1    0[COMRAM] enum E3061
 Return value:  Size  Location     Type
                  1    wreg      void 
 Registers used:
		wreg, status,2, status,0
 Tracked objects:
		On entry : 
		On exit  : 
		Unchanged: 
 Data sizes:     COMRAM   BANK0   BANK1   BANK2
      Params:         0       0       0       0
      Locals:         1       0       0       0
      Temps:          0       0       0       0
      Totals:         1       0       0       0
Total ram usage:        1 bytes
 Hardware stack levels used:    1
 This function calls:
		Nothing
 This function is called by:
		_main
 This function uses a non-reentrant model


 *************** function _GPIO_setPIN *****************
 Defined at:
		line 151 in file "GPIO.c"
 Parameters:    Size  Location     Type
  portName        1    wreg     enum E3075
  pin             1    0[COMRAM] unsigned char 
 Auto vars:     Size  Location     Type
  portName        1    3[COMRAM] enum E3075
 Return value:  Size  Location     Type
                  1    wreg      void 
 Registers used:
		wreg, status,2, status,0
 Tracked objects:
		On entry : 
		On exit  : 
		Unchanged: 
 Data sizes:     COMRAM   BANK0   BANK1   BANK2
      Params:         1       0       0       0
      Locals:         1       0       0       0
      Temps:          2       0       0       0
      Totals:         4       0       0       0
Total ram usage:        4 bytes
 Hardware stack levels used:    1
 This function calls:
		Nothing
 This function is called by:
		_main
		_LCDNokia_init
		_LCDNokia_writeByte
 This function uses a non-reentrant model


 *************** function _GPIO_clearPIN *****************
 Defined at:
		line 170 in file "GPIO.c"
 Parameters:    Size  Location     Type
  portName        1    wreg     enum E3075
  pin             1    0[COMRAM] unsigned char 
 Auto vars:     Size  Location     Type
  portName        1    3[COMRAM] enum E3075
 Return value:  Size  Location     Type
                  1    wreg      void 
 Registers used:
		wreg, status,2, status,0
 Tracked objects:
		On entry : 
		On exit  : 
		Unchanged: 
 Data sizes:     COMRAM   BANK0   BANK1   BANK2
      Params:         1       0       0       0
      Locals:         1       0       0       0
      Temps:          2       0       0       0
      Totals:         4       0       0       0
Total ram usage:        4 bytes
 Hardware stack levels used:    1
 This function calls:
		Nothing
 This function is called by:
		_main
		_LCDNokia_init
		_LCDNokia_writeByte
 This function uses a non-reentrant model


 *************** function _ButtonInt_config *****************
 Defined at:
		line 63 in file "Buttons.c"
 Parameters:    Size  Location     Type
		None
 Auto vars:     Size  Location     Type
		None
 Return value:  Size  Location     Type
                  1    wreg      void 
 Registers used:
		wreg, status,2, status,0, cstack
 Tracked objects:
		On entry : 
		On exit  : 
		Unchanged: 
 Data sizes:     COMRAM   BANK0   BANK1   BANK2
      Params:         0       0       0       0
      Locals:         0       0       0       0
      Temps:          0       0       0       0
      Totals:         0       0       0       0
Total ram usage:        0 bytes
 Hardware stack levels used:    1
 Hardware stack levels required when called:    1
 This function calls:
		_GPIO_dataDirectionPIN
 This function is called by:
		_main
 This function uses a non-reentrant model


 *************** function _GPIO_dataDirectionPIN *****************
 Defined at:
		line 51 in file "GPIO.c"
 Parameters:    Size  Location     Type
  portName        1    wreg     enum E3075
  pin             1    0[COMRAM] unsigned char 
  state           1    1[COMRAM] enum E3071
 Auto vars:     Size  Location     Type
  portName        1    4[COMRAM] enum E3075
 Return value:  Size  Location     Type
                  1    wreg      void 
 Registers used:
		wreg, status,2, status,0
 Tracked objects:
		On entry : 
		On exit  : 
		Unchanged: 
 Data sizes:     COMRAM   BANK0   BANK1   BANK2
      Params:         2       0       0       0
      Locals:         1       0       0       0
      Temps:          2       0       0       0
      Totals:         5       0       0       0
Total ram usage:        5 bytes
 Hardware stack levels used:    1
 This function calls:
		Nothing
 This function is called by:
		_main
		_ButtonInt_config
		_UART_init
		_LCDNokia_init
 This function uses a non-reentrant model



MODULE INFORMATION

Module		Function		Class		Link	Load	Size
Buttons.c
		_ButtonInt_config		CODE           	1AD0	0000	49
		_getButton1    		CODE           	1AB0	0000	17
		_getButton2    		CODE           	1AC0	0000	17

Buttons.c estimated size: 83

shared
		sendData@F3422 		MEDIUMCONST    	1FE6	0000	6
		generalView@F3411		MEDIUMCONST    	1FB3	0000	11
		_phasesFrequency		MEDIUMCONST    	1FF4	0000	5
		_ASCII         		MEDIUMCONST    	1DB7	0000	481
		generalView@F3413		MEDIUMCONST    	1FCD	0000	8
		generalView@F3415		MEDIUMCONST    	1FEB	0000	6
		generalView@F3409		MEDIUMCONST    	1FA7	0000	13
		_SPI_Config    		MEDIUMCONST    	1FFC	0000	4
		__initialization		CODE           	1B00	0000	57
		_phasesPower1  		MEDIUMCONST    	1FBD	0000	9
		_phasesPower2  		MEDIUMCONST    	1FE0	0000	7
		_phasesTemperature		MEDIUMCONST    	1FF0	0000	5
		_phasesPhaseAngle		MEDIUMCONST    	1FD4	0000	7
		_phasesMainMenu		MEDIUMCONST    	1FC5	0000	9
		_phasesPowerFactor		MEDIUMCONST    	1FF8	0000	5
		_phasesRmsVI   		MEDIUMCONST    	1FDA	0000	7
		_StateProgram  		MEDIUMCONST    	1F97	0000	17

shared estimated size: 657

GPIO.c
		_GPIO_clearPIN 		CODE           	1C6C	0000	111
		_GPIO_dataDirectionPIN		CODE           	1CDA	0000	221
		_GPIO_sourceClock		CODE           	1B42	0000	97
		_GPIO_setPIN   		CODE           	1C04	0000	105

GPIO.c estimated size: 534

main.c
		_main          		CODE           	1BA2	0000	99

main.c estimated size: 99

