Microchip MPLAB XC8 Compiler V1.44 ()

Linker command line:

-W-3 --edf=C:\Program Files (x86)\Microchip\xc8\v1.44\dat\en_msgs.txt -cs \
  -h+dist/default/production\Project_Measurement.X.production.sym \
  --cmf=dist/default/production\Project_Measurement.X.production.cmf -z \
  -Q18F2331 -oC:\Users\ANDRES~1\AppData\Local\Temp\s1d98.2 \
  -Mdist/default/production/Project_Measurement.X.production.map -E1 \
  -ver=XC8 -ASTACK=060h-02ffh -pstack=STACK -ACODE=00h-01FFFh \
  -ACONST=00h-01FFFh -ASMALLCONST=0300h-03FFhx29 -AMEDIUMCONST=0300h-01FFFh \
  -ACOMRAM=01h-05Fh -AABS1=00h-02FFh -ABIGRAM=01h-02FFh \
  -ARAM=060h-0FFh,0100h-01FFhx2 -ABANK0=060h-0FFh -ABANK1=0100h-01FFh \
  -ABANK2=0200h-02FFh -ASFR=0F60h-0FFFh \
  -preset_vec=00h,intcode,intcodelo,powerup,init -pramtop=0300h \
  -psmallconst=SMALLCONST -pmediumconst=MEDIUMCONST -pconst=CONST \
  -AFARRAM=00h-00h -ACONFIG=0300000h-030000Dh -pconfig=CONFIG \
  -AIDLOC=0200000h-0200007h -pidloc=IDLOC -AEEDATA=0F00000h-0F000FFh \
  -peeprom_data=EEDATA \
  -prdata=COMRAM,nvrram=COMRAM,nvbit=COMRAM,rbss=COMRAM,rbit=COMRAM \
  -pfarbss=FARRAM,fardata=FARRAM,nvFARRAM=FARRAM \
  -pintsave_regs=BIGRAM,bigbss=BIGRAM,bigdata=BIGRAM -pbss=RAM \
  -pidata=CODE,irdata=CODE,ibigdata=CODE,ifardata=CODE -prparam=COMRAM \
  C:\Users\ANDRES~1\AppData\Local\Temp\s1d98.obj \
  dist/default/production\Project_Measurement.X.production.obj 

Object code version is 3.11

Machine type is 18F2331

Call graph: (short form)




                Name                               Link     Load   Length Selector   Space Scale
C:\Users\ANDRES~1\AppData\Local\Temp\s1d98.obj
                init                                  0        0        4        0       0
                idloc                            200000   200000        8   200000       0
                config                           300000   300000        E   300000       0
dist/default/production\Project_Measurement.X.production.obj
                smallconst                          300      300        6      180       0
                text3                               34E      34E       3E      183       0
                text2                               38C      38C       34      183       0
                text1                               306      306       48      183       0
                text0                               3C0      3C0        E      183       0
                cstackCOMRAM                          1        1        6        1       1
                cinit                               3CE      3CE        A      183       0

TOTAL           Name                               Link     Load   Length     Space
        CLASS   STACK          

        CLASS   CODE           
                init                                  0        0        4         0
                text3                               34E      34E       3E         0
                text2                               38C      38C       34         0
                text1                               306      306       48         0
                text0                               3C0      3C0        E         0
                cinit                               3CE      3CE        A         0

        CLASS   CONST          

        CLASS   SMALLCONST     
                smallconst                          300      300        6         0

        CLASS   MEDIUMCONST    

        CLASS   COMRAM         
                cstackCOMRAM                          1        1        6         1

        CLASS   ABS1           

        CLASS   BIGRAM         

        CLASS   RAM            

        CLASS   BANK0          

        CLASS   BANK1          

        CLASS   BANK2          

        CLASS   SFR            

        CLASS   FARRAM         

        CLASS   CONFIG         
                config                           300000   300000        E         0

        CLASS   IDLOC          
                idloc                            200000   200000        8         0

        CLASS   EEDATA         



SEGMENTS        Name                           Load    Length   Top    Selector   Space  Class

                reset_vec                      000000  000004  000004         0       0  CODE    
                cstackCOMRAM                   000001  000006  000007         1       1  COMRAM  
                smallconst                     000300  000006  000306       180       0  SMALLCON
                text1                          000306  0000D2  0003D8       183       0  CODE    
                idloc                          200000  000008  200008    200000       0  IDLOC   
                config                         300000  00000E  30000E    300000       0  CONFIG  


UNUSED ADDRESS RANGES

        Name                Unused          Largest block    Delta
        BANK0            000060-0000FF               A0
        BANK1            000100-0001FF              100
        BANK2            000200-0002FF              100
        BIGRAM           000007-0002FF              2F9
        CODE             000004-0002FF              2FC
                         0003D8-001FFF             1C28
        COMRAM           000007-00005F               59
        CONST            000004-0002FF              2FC
                         0003D8-001FFF             1C28
        EEDATA           F00000-F000FF              100
        MEDIUMCONST      0003D8-001FFF             1C28
        RAM              000060-0002FF              100
        SFR              000F60-000FFF               A0
        SMALLCONST       0003D8-001FFF              100
        STACK            000060-0002FF              2A0

                                  Symbol Table

SPI_enableClock@cpol      cstackCOMRAM 000001
SPI_enableClock@phase     cstackCOMRAM 000002
SPI_enablePins@serial     cstackCOMRAM 000001
SPI_init@SPI_Config       cstackCOMRAM 000003
_ANSEL0                   (abs)        000FB8
_PORTCbits                (abs)        000F82
_SPI_Config               smallconst   000301
_SPI_enableClock          text3        00034E
_SPI_enablePins           text2        00038C
_SPI_init                 text1        000306
_SSPBUF                   (abs)        000FC9
_SSPCON                   (abs)        000FC6
_SSPCONbits               (abs)        000FC6
_SSPSTAT                  (abs)        000FC7
_SSPSTATbits              (abs)        000FC7
_TRISA                    (abs)        000F92
_TRISB                    (abs)        000F93
_TRISC                    (abs)        000F94
_TRISCbits                (abs)        000F94
__HRAM                    (abs)        000000
__Habs1                   abs1         000000
__Hbank0                  bank0        000000
__Hbank1                  bank1        000000
__Hbank2                  bank2        000000
__Hbigbss                 bigbss       000000
__Hbigdata                bigdata      000000
__Hbigram                 bigram       000000
__Hbss                    bss          000000
__Hcinit                  cinit        000000
__Hclrtext                clrtext      000000
__Hcomram                 comram       000000
__Hconfig                 config       30000E
__Hconst                  const        000000
__HcstackCOMRAM           cstackCOMRAM 000000
__Hdata                   data         000000
__Heeprom_data            eeprom_data  000000
__Hfarbss                 farbss       000000
__Hfardata                fardata      000000
__Hibigdata               ibigdata     000000
__Hidata                  idata        000000
__Hidloc                  idloc        200008
__Hifardata               ifardata     000000
__Hinit                   init         000004
__Hintcode                intcode      000000
__Hintcode_body           intcode_body 000000
__Hintcodelo              intcodelo    000000
__Hintentry               intentry     000000
__Hintret                 intret       000000
__Hintsave_regs           intsave_regs 000000
__Hirdata                 irdata       000000
__Hmediumconst            mediumconst  000000
__HnvFARRAM               nvFARRAM     000000
__Hnvbit                  nvbit        000000
__Hnvrram                 nvrram       000000
__Hparam                  rparam       000000
__Hpowerup                powerup      000000
__Hram                    ram          000000
__Hramtop                 ramtop       000300
__Hrbit                   rbit         000000
__Hrbss                   rbss         000000
__Hrdata                  rdata        000000
__Hreset_vec              reset_vec    000000
__Hrparam                 rparam       000000
__Hsfr                    sfr          000000
__Hsmallconst             smallconst   000306
__Hspace_0                (abs)        30000E
__Hspace_1                (abs)        000007
__Hspace_2                (abs)        000000
__Hstack                  stack        000000
__Hstruct                 struct       000000
__Htemp                   temp         000000
__Htext                   text         000000
__Htext0                  text0        000000
__Htext1                  text1        000000
__Htext2                  text2        000000
__Htext3                  text3        000000
__LRAM                    (abs)        000001
__Labs1                   abs1         000000
__Lbank0                  bank0        000000
__Lbank1                  bank1        000000
__Lbank2                  bank2        000000
__Lbigbss                 bigbss       000000
__Lbigdata                bigdata      000000
__Lbigram                 bigram       000000
__Lbss                    bss          000000
__Lcinit                  cinit        000000
__Lclrtext                clrtext      000000
__Lcomram                 comram       000000
__Lconfig                 config       300000
__Lconst                  const        000000
__LcstackCOMRAM           cstackCOMRAM 000000
__Ldata                   data         000000
__Leeprom_data            eeprom_data  000000
__Lfarbss                 farbss       000000
__Lfardata                fardata      000000
__Libigdata               ibigdata     000000
__Lidata                  idata        000000
__Lidloc                  idloc        200000
__Lifardata               ifardata     000000
__Linit                   init         000000
__Lintcode                intcode      000000
__Lintcode_body           intcode_body 000000
__Lintcodelo              intcodelo    000000
__Lintentry               intentry     000000
__Lintret                 intret       000000
__Lintsave_regs           intsave_regs 000000
__Lirdata                 irdata       000000
__Lmediumconst            mediumconst  000000
__LnvFARRAM               nvFARRAM     000000
__Lnvbit                  nvbit        000000
__Lnvrram                 nvrram       000000
__Lparam                  rparam       000000
__Lpowerup                powerup      000000
__Lram                    ram          000000
__Lramtop                 ramtop       000300
__Lrbit                   rbit         000000
__Lrbss                   rbss         000000
__Lrdata                  rdata        000000
__Lreset_vec              reset_vec    000000
__Lrparam                 rparam       000000
__Lsfr                    sfr          000000
__Lsmallconst             smallconst   000300
__Lspace_0                (abs)        000000
__Lspace_1                (abs)        000000
__Lspace_2                (abs)        000000
__Lstack                  stack        000000
__Lstruct                 struct       000000
__Ltemp                   temp         000000
__Ltext                   text         000000
__Ltext0                  text0        000000
__Ltext1                  text1        000000
__Ltext2                  text2        000000
__Ltext3                  text3        000000
__S0                      (abs)        30000E
__S1                      (abs)        000007
__S2                      (abs)        000000
___inthi_sp               stack        000000
___intlo_sp               stack        000000
___param_bank             (abs)        000000
___rparam_used            (abs)        000001
___sp                     stack        000000
__accesstop               (abs)        000060
__activetblptr            (abs)        000002
__end_of_SPI_Config       smallconst   000304
__end_of_SPI_enableClock  text3        00038C
__end_of_SPI_enablePins   text2        0003C0
__end_of_SPI_init         text1        00034E
__end_of__initialization  cinit        0003CE
__end_of_main             text0        0003CE
__initialization          cinit        0003CE
__mediumconst             mediumconst  000000
__pcinit                  cinit        0003CE
__pcstackCOMRAM           cstackCOMRAM 000001
__psmallconst             smallconst   000300
__ptext0                  text0        0003C0
__ptext1                  text1        000306
__ptext2                  text2        00038C
__ptext3                  text3        00034E
__ramtop                  ramtop       000300
__size_of_SPI_enableClock (abs)        000000
__size_of_SPI_enablePins  (abs)        000000
__size_of_SPI_init        (abs)        000000
__size_of_main            (abs)        000000
__smallconst              smallconst   000300
_main                     text0        0003C0
end_of_initialization     cinit        0003CE
intlevel0                 text         000000
intlevel1                 text         000000
intlevel2                 text         000000
intlevel3                 text         000000
stackhi                   (abs)        0002FF
stacklo                   (abs)        000060
start                     init         000000
start_initialization      cinit        0003CE


FUNCTION INFORMATION:

 *************** function _main *****************
 Defined at:
		line 16 in file "main.c"
 Parameters:    Size  Location     Type
		None
 Auto vars:     Size  Location     Type
		None
 Return value:  Size  Location     Type
                  1    wreg      void 
 Registers used:
		wreg, status,2, status,0, tblptrl, tblptrh, tblptru, cstack
 Tracked objects:
		On entry : 
		On exit  : 
		Unchanged: 
 Data sizes:     COMRAM   BANK0   BANK1   BANK2
      Params:         0       0       0       0
      Locals:         0       0       0       0
      Temps:          0       0       0       0
      Totals:         0       0       0       0
Total ram usage:        0 bytes
 Hardware stack levels required when called:    2
 This function calls:
		_SPI_init
 This function is called by:
		Startup code after reset
 This function uses a non-reentrant model


 *************** function _SPI_init *****************
 Defined at:
		line 81 in file "SPI.c"
 Parameters:    Size  Location     Type
  SPI_Config      2    2[COMRAM] PTR const struct .
		 -> SPI_Config(3), 
 Auto vars:     Size  Location     Type
		None
 Return value:  Size  Location     Type
                  1    wreg      void 
 Registers used:
		wreg, status,2, status,0, tblptrl, tblptrh, tblptru, cstack
 Tracked objects:
		On entry : 
		On exit  : 
		Unchanged: 
 Data sizes:     COMRAM   BANK0   BANK1   BANK2
      Params:         2       0       0       0
      Locals:         0       0       0       0
      Temps:          2       0       0       0
      Totals:         4       0       0       0
Total ram usage:        4 bytes
 Hardware stack levels used:    1
 Hardware stack levels required when called:    1
 This function calls:
		_SPI_enableClock
		_SPI_enablePins
 This function is called by:
		_main
 This function uses a non-reentrant model


 *************** function _SPI_enablePins *****************
 Defined at:
		line 49 in file "SPI.c"
 Parameters:    Size  Location     Type
  serial          1    wreg     enum E3069
 Auto vars:     Size  Location     Type
  serial          1    0[COMRAM] enum E3069
 Return value:  Size  Location     Type
                  1    wreg      void 
 Registers used:
		wreg, status,2, status,0
 Tracked objects:
		On entry : 
		On exit  : 
		Unchanged: 
 Data sizes:     COMRAM   BANK0   BANK1   BANK2
      Params:         0       0       0       0
      Locals:         1       0       0       0
      Temps:          0       0       0       0
      Totals:         1       0       0       0
Total ram usage:        1 bytes
 Hardware stack levels used:    1
 This function calls:
		Nothing
 This function is called by:
		_SPI_init
 This function uses a non-reentrant model


 *************** function _SPI_enableClock *****************
 Defined at:
		line 15 in file "SPI.c"
 Parameters:    Size  Location     Type
  phase           1    wreg     enum E3065
  cpol            1    0[COMRAM] enum E3061
 Auto vars:     Size  Location     Type
  phase           1    1[COMRAM] enum E3065
 Return value:  Size  Location     Type
                  1    wreg      void 
 Registers used:
		wreg, status,2, status,0
 Tracked objects:
		On entry : 
		On exit  : 
		Unchanged: 
 Data sizes:     COMRAM   BANK0   BANK1   BANK2
      Params:         1       0       0       0
      Locals:         1       0       0       0
      Temps:          0       0       0       0
      Totals:         2       0       0       0
Total ram usage:        2 bytes
 Hardware stack levels used:    1
 This function calls:
		Nothing
 This function is called by:
		_SPI_init
 This function uses a non-reentrant model



MODULE INFORMATION

Module		Function		Class		Link	Load	Size
shared
		_SPI_Config    		SMALLCONST     	0301	0000	4
		__initialization		CODE           	03CE	0000	1

shared estimated size: 5

SPI.c
		_SPI_init      		CODE           	0306	0000	73
		_SPI_enablePins		CODE           	038C	0000	53
		_SPI_enableClock		CODE           	034E	0000	63

SPI.c estimated size: 189

main.c
		_main          		CODE           	03C0	0000	15

main.c estimated size: 15

