Microchip MPLAB XC8 Compiler V1.44 ()

Linker command line:

-W-3 --edf=C:\Program Files (x86)\Microchip\xc8\v1.44\dat\en_msgs.txt -cs \
  -h+dist/default/production\Project_Measurement.X.production.sym \
  --cmf=dist/default/production\Project_Measurement.X.production.cmf -z \
  -Q18F4550 -oC:\Users\ANDRES~1\AppData\Local\Temp\s6mk.2 \
  -Mdist/default/production/Project_Measurement.X.production.map -E1 \
  -ver=XC8 -ASTACK=0F4h-07ffh -pstack=STACK -ACODE=00h-07FFFh \
  -ACONST=00h-07FFFh -ASMALLCONST=0800h-08FFhx120 \
  -AMEDIUMCONST=0800h-07FFFh -ACOMRAM=01h-05Fh -AABS1=00h-07FFh \
  -ABIGRAM=01h-07FFh -ARAM=060h-0FFh,0100h-01FFhx7 -ABANK0=060h-0FFh \
  -ABANK1=0100h-01FFh -ABANK2=0200h-02FFh -ABANK3=0300h-03FFh \
  -ABANK4=0400h-04FFh -ABANK5=0500h-05FFh -ABANK6=0600h-06FFh \
  -ABANK7=0700h-07FFh -ASFR=0F60h-0FFFh \
  -preset_vec=00h,intcode,intcodelo,powerup,init -pramtop=0800h \
  -psmallconst=SMALLCONST -pmediumconst=MEDIUMCONST -pconst=CONST \
  -AFARRAM=00h-00h -ACONFIG=0300000h-030000Dh -pconfig=CONFIG \
  -AIDLOC=0200000h-0200007h -pidloc=IDLOC -AEEDATA=0F00000h-0F000FFh \
  -peeprom_data=EEDATA \
  -prdata=COMRAM,nvrram=COMRAM,nvbit=COMRAM,rbss=COMRAM,rbit=COMRAM \
  -pfarbss=FARRAM,fardata=FARRAM,nvFARRAM=FARRAM \
  -pintsave_regs=BIGRAM,bigbss=BIGRAM,bigdata=BIGRAM -pbss=RAM \
  -pidata=CODE,irdata=CODE,ibigdata=CODE,ifardata=CODE -prparam=COMRAM \
  C:\Users\ANDRES~1\AppData\Local\Temp\s6mk.obj \
  dist/default/production\Project_Measurement.X.production.obj 

Object code version is 3.11

Machine type is 18F4550

Call graph: (short form)




                Name                               Link     Load   Length Selector   Space Scale
C:\Users\ANDRES~1\AppData\Local\Temp\s6mk.obj
                init                                  0        0        4        0       0
                idloc                            200000   200000        8   200000       0
                config                           300000   300000        E   300000       0
dist/default/production\Project_Measurement.X.production.obj
                mediumconst                        78DA     78DA      726     3C6D       0
                text16                             777E     777E      15C     3BBF       0
                text15                             739A     739A       2C     39CD       0
                text14                             72E6     72E6        E     3973       0
                text13                             72F4     72F4       1A     397A       0
                text12                             730E     730E       1C     3987       0
                text11                             742C     742C       38     3A16       0
                text10                             76CC     76CC       B2     3B66       0
                text9                              7624     7624       A8     3B12       0
                text8                              73C6     73C6       32     39E3       0
                text7                              75A4     75A4       80     3AD2       0
                text6                              734C     734C       26     39A6       0
                text5                              7526     7526       7E     3A93       0
                text4                              74A0     74A0       3E     3A50       0
                text3                              73F8     73F8       34     39FC       0
                text2                              74DE     74DE       48     3A6F       0
                text1                              7372     7372       28     39B9       0
                text0                              7464     7464       3C     3A32       0
                cstackCOMRAM                         51       51        F        1       1
                bssBANK0                             60       60       94       60       1
                bssCOMRAM                             1        1       50        1       1
                cinit                              732A     732A       22     3995       0

TOTAL           Name                               Link     Load   Length     Space
        CLASS   STACK          

        CLASS   CODE           
                init                                  0        0        4         0
                text16                             777E     777E      15C         0
                text15                             739A     739A       2C         0
                text14                             72E6     72E6        E         0
                text13                             72F4     72F4       1A         0
                text12                             730E     730E       1C         0
                text11                             742C     742C       38         0
                text10                             76CC     76CC       B2         0
                text9                              7624     7624       A8         0
                text8                              73C6     73C6       32         0
                text7                              75A4     75A4       80         0
                text6                              734C     734C       26         0
                text5                              7526     7526       7E         0
                text4                              74A0     74A0       3E         0
                text3                              73F8     73F8       34         0
                text2                              74DE     74DE       48         0
                text1                              7372     7372       28         0
                text0                              7464     7464       3C         0
                cinit                              732A     732A       22         0

        CLASS   CONST          

        CLASS   SMALLCONST     

        CLASS   MEDIUMCONST    
                mediumconst                        78DA     78DA      726         0

        CLASS   COMRAM         
                cstackCOMRAM                         51       51        F         1
                bssCOMRAM                             1        1       50         1

        CLASS   ABS1           

        CLASS   BIGRAM         

        CLASS   RAM            

        CLASS   BANK0          
                bssBANK0                             60       60       94         1

        CLASS   BANK1          

        CLASS   BANK2          

        CLASS   BANK3          

        CLASS   BANK4          

        CLASS   BANK5          

        CLASS   BANK6          

        CLASS   BANK7          

        CLASS   SFR            

        CLASS   FARRAM         

        CLASS   CONFIG         
                config                           300000   300000        E         0

        CLASS   IDLOC          
                idloc                            200000   200000        8         0

        CLASS   EEDATA         



SEGMENTS        Name                           Load    Length   Top    Selector   Space  Class

                reset_vec                      000000  000004  000004         0       0  CODE    
                bssCOMRAM                      000001  00005F  000060         1       1  COMRAM  
                bssBANK0                       000060  000094  0000F4        60       1  BANK0   
                text14                         0072E6  00000E  0072F4      3973       0  CODE    
                text13                         0072F4  00001A  00730E      397A       0  CODE    
                text12                         00730E  00001C  00732A      3987       0  CODE    
                cinit                          00732A  000022  00734C      3995       0  CODE    
                text6                          00734C  000026  007372      39A6       0  CODE    
                text1                          007372  000028  00739A      39B9       0  CODE    
                text15                         00739A  00002C  0073C6      39CD       0  CODE    
                text8                          0073C6  000032  0073F8      39E3       0  CODE    
                text3                          0073F8  000034  00742C      39FC       0  CODE    
                text11                         00742C  000038  007464      3A16       0  CODE    
                text0                          007464  00003C  0074A0      3A32       0  CODE    
                text4                          0074A0  00003E  0074DE      3A50       0  CODE    
                text2                          0074DE  000048  007526      3A6F       0  CODE    
                text5                          007526  00007E  0075A4      3A93       0  CODE    
                text7                          0075A4  000080  007624      3AD2       0  CODE    
                text9                          007624  0000A8  0076CC      3B12       0  CODE    
                text10                         0076CC  0000B2  00777E      3B66       0  CODE    
                text16                         00777E  00015C  0078DA      3BBF       0  CODE    
                mediumconst                    0078DA  000726  008000      3C6D       0  MEDIUMCO
                idloc                          200000  000008  200008    200000       0  IDLOC   
                config                         300000  00000E  30000E    300000       0  CONFIG  


UNUSED ADDRESS RANGES

        Name                Unused          Largest block    Delta
        BANK0            0000F4-0000FF                C
        BANK1            000100-0001FF              100
        BANK2            000200-0002FF              100
        BANK3            000300-0003FF              100
        BANK4            000400-0004FF              100
        BANK5            000500-0005FF              100
        BANK6            000600-0006FF              100
        BANK7            000700-0007FF              100
        BIGRAM           0000F4-0007FF              70C
        CODE             000004-0072E5             72E2
        CONST            000004-0072E5             72E2
        EEDATA           F00000-F000FF              100
        MEDIUMCONST      000800-0072E5             6AE6
        RAM              0000F4-0007FF              100
        SFR              000F60-000FFF               A0
        SMALLCONST       000800-0072E5              100
        STACK            0000F4-0007FF              70C

                                  Symbol Table

?___wmul                            cstackCOMRAM 000051
ATM_calibration@F4043               bssBANK0     0000A2
ATM_calibration@F4045               bssBANK0     00008C
ATM_calibration@F4047               bssBANK0     000076
ATM_calibration@F4049               bssBANK0     000060
ATM_calibration@F4051               bssBANK0     0000E2
ATM_calibration@F4053               bssBANK0     0000DC
ATM_calibration@F4055               bssBANK0     0000D6
ATM_calibration@F4057               bssBANK0     0000CC
ATM_calibration@F4059               bssBANK0     0000C2
ATM_calibration@F4061               bssBANK0     0000B8
GPIO_clearPIN@pin                   cstackCOMRAM 000051
GPIO_clearPIN@portName              cstackCOMRAM 000054
GPIO_dataDirectionPIN@pin           cstackCOMRAM 000051
GPIO_dataDirectionPIN@portName      cstackCOMRAM 000055
GPIO_dataDirectionPIN@state         cstackCOMRAM 000052
GPIO_setPIN@pin                     cstackCOMRAM 000051
GPIO_setPIN@portName                cstackCOMRAM 000054
LCDNokia_clear@index                cstackCOMRAM 00005B
LCDNokia_gotoXY@x                   cstackCOMRAM 00005A
LCDNokia_gotoXY@y                   cstackCOMRAM 000059
LCDNokia_sendChar@character         cstackCOMRAM 00005B
LCDNokia_sendChar@index             cstackCOMRAM 00005C
LCDNokia_writeByte@DataOrCmd        cstackCOMRAM 000058
LCDNokia_writeByte@data             cstackCOMRAM 000057
LCD_delay@counter                   cstackCOMRAM 000051
SPI_enableClock@cpol                cstackCOMRAM 000051
SPI_enableClock@phase               cstackCOMRAM 000052
SPI_enablePins@serial               cstackCOMRAM 000051
SPI_init@SPI_Config                 cstackCOMRAM 000053
SPI_write@data                      cstackCOMRAM 000051
THDNPhaseAngle@counter              bssCOMRAM    00003B
THDNPhaseAngle@currentPhaseAngle3   bssBANK0     0000F2
_ADCON0                             (abs)        000FC2
_ADCON1                             (abs)        000FC1
_ASCII                              mediumconst  0078DB
_BAUDCONbits                        (abs)        000FB8
_ButtonInt_config                   text15       00739A
_GPIO_clearPIN                      text10       0076CC
_GPIO_dataDirectionPIN              text16       00777E
_GPIO_setPIN                        text9        007624
_LCDNokia_clear                     text11       00742C
_LCDNokia_gotoXY                    text12       00730E
_LCDNokia_init                      text7        0075A4
_LCDNokia_sendChar                  text5        007526
_LCDNokia_writeByte                 text13       0072F4
_LCD_delay                          text8        0073C6
_PIR1bits                           (abs)        000F9E
_PORTA                              (abs)        000F80
_PORTB                              (abs)        000F81
_PORTBbits                          (abs)        000F81
_PORTC                              (abs)        000F82
_PORTCbits                          (abs)        000F82
_PORTD                              (abs)        000F83
_PORTDbits                          (abs)        000F83
_PORTE                              (abs)        000F84
_RCSTAbits                          (abs)        000FAB
_SPBRG                              (abs)        000FAF
_SPI_Config                         mediumconst  007FFC
_SPI_Config2                        mediumconst  007FF0
_SPI_enableClock                    text4        0074A0
_SPI_enablePins                     text3        0073F8
_SPI_init                           text2        0074DE
_SPI_write                          text14       0072E6
_SSPBUF                             (abs)        000FC9
_SSPCON1                            (abs)        000FC6
_SSPCON1bits                        (abs)        000FC6
_SSPSTAT                            (abs)        000FC7
_SSPSTATbits                        (abs)        000FC7
_StateProgram                       mediumconst  007ABB
_THDNPhaseAngle                     (abs)        000000
_TRISA                              (abs)        000F92
_TRISB                              (abs)        000F93
_TRISBbits                          (abs)        000F93
_TRISC                              (abs)        000F94
_TRISCbits                          (abs)        000F94
_TRISD                              (abs)        000F95
_TRISE                              (abs)        000F96
_TXREG                              (abs)        000FAD
_TXSTAbits                          (abs)        000FAC
__CFG_BOR$ON                        (abs)        000000
__CFG_BORV$3                        (abs)        000000
__CFG_CCP2MX$ON                     (abs)        000000
__CFG_CP0$OFF                       (abs)        000000
__CFG_CP1$OFF                       (abs)        000000
__CFG_CP2$OFF                       (abs)        000000
__CFG_CP3$OFF                       (abs)        000000
__CFG_CPB$OFF                       (abs)        000000
__CFG_CPD$OFF                       (abs)        000000
__CFG_CPUDIV$OSC1_PLL2              (abs)        000000
__CFG_EBTR0$OFF                     (abs)        000000
__CFG_EBTR1$OFF                     (abs)        000000
__CFG_EBTR2$OFF                     (abs)        000000
__CFG_EBTR3$OFF                     (abs)        000000
__CFG_EBTRB$OFF                     (abs)        000000
__CFG_FCMEN$OFF                     (abs)        000000
__CFG_FOSC$HS                       (abs)        000000
__CFG_ICPRT$OFF                     (abs)        000000
__CFG_IESO$OFF                      (abs)        000000
__CFG_LPT1OSC$OFF                   (abs)        000000
__CFG_LVP$ON                        (abs)        000000
__CFG_MCLRE$OFF                     (abs)        000000
__CFG_PBADEN$OFF                    (abs)        000000
__CFG_PLLDIV$1                      (abs)        000000
__CFG_PWRT$OFF                      (abs)        000000
__CFG_STVREN$ON                     (abs)        000000
__CFG_USBDIV$2                      (abs)        000000
__CFG_VREGEN$OFF                    (abs)        000000
__CFG_WDT$OFF                       (abs)        000000
__CFG_WDTPS$32768                   (abs)        000000
__CFG_WRT0$OFF                      (abs)        000000
__CFG_WRT1$OFF                      (abs)        000000
__CFG_WRT2$OFF                      (abs)        000000
__CFG_WRT3$OFF                      (abs)        000000
__CFG_WRTB$OFF                      (abs)        000000
__CFG_WRTC$OFF                      (abs)        000000
__CFG_WRTD$OFF                      (abs)        000000
__CFG_XINST$OFF                     (abs)        000000
__HRAM                              (abs)        000000
__Habs1                             abs1         000000
__Hbank0                            bank0        000000
__Hbank1                            bank1        000000
__Hbank2                            bank2        000000
__Hbank3                            bank3        000000
__Hbank4                            bank4        000000
__Hbank5                            bank5        000000
__Hbank6                            bank6        000000
__Hbank7                            bank7        000000
__Hbigbss                           bigbss       000000
__Hbigdata                          bigdata      000000
__Hbigram                           bigram       000000
__Hbss                              bss          000000
__HbssBANK0                         bssBANK0     000000
__HbssCOMRAM                        bssCOMRAM    000000
__Hcinit                            cinit        000000
__Hclrtext                          clrtext      000000
__Hcomram                           comram       000000
__Hconfig                           config       30000E
__Hconst                            const        000000
__HcstackCOMRAM                     cstackCOMRAM 000000
__Hdata                             data         000000
__Heeprom_data                      eeprom_data  000000
__Hfarbss                           farbss       000000
__Hfardata                          fardata      000000
__Hibigdata                         ibigdata     000000
__Hidata                            idata        000000
__Hidloc                            idloc        200008
__Hifardata                         ifardata     000000
__Hinit                             init         000004
__Hintcode                          intcode      000000
__Hintcode_body                     intcode_body 000000
__Hintcodelo                        intcodelo    000000
__Hintentry                         intentry     000000
__Hintret                           intret       000000
__Hintsave_regs                     intsave_regs 000000
__Hirdata                           irdata       000000
__Hmediumconst                      mediumconst  008000
__HnvFARRAM                         nvFARRAM     000000
__Hnvbit                            nvbit        000000
__Hnvrram                           nvrram       000000
__Hparam                            rparam       000000
__Hpowerup                          powerup      000000
__Hram                              ram          000000
__Hramtop                           ramtop       000800
__Hrbit                             rbit         000000
__Hrbss                             rbss         000000
__Hrdata                            rdata        000000
__Hreset_vec                        reset_vec    000000
__Hrparam                           rparam       000000
__Hsfr                              sfr          000000
__Hsmallconst                       smallconst   000000
__Hspace_0                          (abs)        30000E
__Hspace_1                          (abs)        0000F4
__Hspace_2                          (abs)        000000
__Hstack                            stack        000000
__Hstruct                           struct       000000
__Htemp                             temp         000000
__Htext                             text         000000
__Htext0                            text0        000000
__Htext1                            text1        000000
__Htext10                           text10       000000
__Htext11                           text11       000000
__Htext12                           text12       000000
__Htext13                           text13       000000
__Htext14                           text14       000000
__Htext15                           text15       000000
__Htext16                           text16       000000
__Htext2                            text2        000000
__Htext3                            text3        000000
__Htext4                            text4        000000
__Htext5                            text5        000000
__Htext6                            text6        000000
__Htext7                            text7        000000
__Htext8                            text8        000000
__Htext9                            text9        000000
__LRAM                              (abs)        000001
__Labs1                             abs1         000000
__Lbank0                            bank0        000000
__Lbank1                            bank1        000000
__Lbank2                            bank2        000000
__Lbank3                            bank3        000000
__Lbank4                            bank4        000000
__Lbank5                            bank5        000000
__Lbank6                            bank6        000000
__Lbank7                            bank7        000000
__Lbigbss                           bigbss       000000
__Lbigdata                          bigdata      000000
__Lbigram                           bigram       000000
__Lbss                              bss          000000
__LbssBANK0                         bssBANK0     000000
__LbssCOMRAM                        bssCOMRAM    000000
__Lcinit                            cinit        000000
__Lclrtext                          clrtext      000000
__Lcomram                           comram       000000
__Lconfig                           config       300000
__Lconst                            const        000000
__LcstackCOMRAM                     cstackCOMRAM 000000
__Ldata                             data         000000
__Leeprom_data                      eeprom_data  000000
__Lfarbss                           farbss       000000
__Lfardata                          fardata      000000
__Libigdata                         ibigdata     000000
__Lidata                            idata        000000
__Lidloc                            idloc        200000
__Lifardata                         ifardata     000000
__Linit                             init         000000
__Lintcode                          intcode      000000
__Lintcode_body                     intcode_body 000000
__Lintcodelo                        intcodelo    000000
__Lintentry                         intentry     000000
__Lintret                           intret       000000
__Lintsave_regs                     intsave_regs 000000
__Lirdata                           irdata       000000
__Lmediumconst                      mediumconst  0078DA
__LnvFARRAM                         nvFARRAM     000000
__Lnvbit                            nvbit        000000
__Lnvrram                           nvrram       000000
__Lparam                            rparam       000000
__Lpowerup                          powerup      000000
__Lram                              ram          000000
__Lramtop                           ramtop       000800
__Lrbit                             rbit         000000
__Lrbss                             rbss         000000
__Lrdata                            rdata        000000
__Lreset_vec                        reset_vec    000000
__Lrparam                           rparam       000000
__Lsfr                              sfr          000000
__Lsmallconst                       smallconst   000000
__Lspace_0                          (abs)        000000
__Lspace_1                          (abs)        000000
__Lspace_2                          (abs)        000000
__Lstack                            stack        000000
__Lstruct                           struct       000000
__Ltemp                             temp         000000
__Ltext                             text         000000
__Ltext0                            text0        000000
__Ltext1                            text1        000000
__Ltext10                           text10       000000
__Ltext11                           text11       000000
__Ltext12                           text12       000000
__Ltext13                           text13       000000
__Ltext14                           text14       000000
__Ltext15                           text15       000000
__Ltext16                           text16       000000
__Ltext2                            text2        000000
__Ltext3                            text3        000000
__Ltext4                            text4        000000
__Ltext5                            text5        000000
__Ltext6                            text6        000000
__Ltext7                            text7        000000
__Ltext8                            text8        000000
__Ltext9                            text9        000000
__S0                                (abs)        30000E
__S1                                (abs)        0000F4
__S2                                (abs)        000000
___inthi_sp                         stack        000000
___intlo_sp                         stack        000000
___param_bank                       (abs)        000000
___rparam_used                      (abs)        000001
___sp                               stack        000000
___wmul                             text6        00734C
___wmul@multiplicand                cstackCOMRAM 000053
___wmul@multiplier                  cstackCOMRAM 000051
___wmul@product                     cstackCOMRAM 000055
__accesstop                         (abs)        000060
__activetblptr                      (abs)        000002
__end_of_ASCII                      mediumconst  007ABB
__end_of_ButtonInt_config           text15       0073C6
__end_of_GPIO_clearPIN              text10       00777E
__end_of_GPIO_dataDirectionPIN      text16       0078DA
__end_of_GPIO_setPIN                text9        0076CC
__end_of_LCDNokia_clear             text11       007464
__end_of_LCDNokia_gotoXY            text12       00732A
__end_of_LCDNokia_init              text7        007624
__end_of_LCDNokia_sendChar          text5        0075A4
__end_of_LCDNokia_writeByte         text13       00730E
__end_of_LCD_delay                  text8        0073F8
__end_of_SPI_Config                 mediumconst  007FFF
__end_of_SPI_Config2                mediumconst  007FF3
__end_of_SPI_enableClock            text4        0074DE
__end_of_SPI_enablePins             text3        00742C
__end_of_SPI_init                   text2        007526
__end_of_SPI_write                  text14       0072F4
__end_of_StateProgram               mediumconst  007ACD
__end_of___wmul                     text6        007372
__end_of__initialization            cinit        007342
__end_of_active_Forward1            mediumconst  007CEA
__end_of_active_Forward2            mediumconst  007CDB
__end_of_active_Forward3            mediumconst  007CCC
__end_of_active_Forward_Total       mediumconst  007B85
__end_of_active_Reverse1            mediumconst  007D4C
__end_of_active_Reverse2            mediumconst  007D3E
__end_of_active_Reverse3            mediumconst  007D30
__end_of_active_Reverse_Total       mediumconst  007BFC
__end_of_active_powerP1             mediumconst  007F57
__end_of_active_powerP2             mediumconst  007F4C
__end_of_active_powerP3             mediumconst  007F41
__end_of_anglePhase1                mediumconst  007E91
__end_of_anglePhase2                mediumconst  007E86
__end_of_anglePhase3                mediumconst  007E7B
__end_of_angle_VoltageP1            mediumconst  007E70
__end_of_angle_VoltageP2            mediumconst  007E65
__end_of_angle_VoltageP3            mediumconst  007E5A
__end_of_apparentAri_energyTotal    mediumconst  007B60
__end_of_apparentVec_energyTotal    mediumconst  007B4D
__end_of_apparent_energyP1          mediumconst  007F75
__end_of_apparent_energyP2          mediumconst  007F6B
__end_of_apparent_energyP3          mediumconst  007F61
__end_of_apparent_powerP1           mediumconst  007E1F
__end_of_apparent_powerP2           mediumconst  007E13
__end_of_apparent_powerP3           mediumconst  007E07
__end_of_buttonCenter               mediumconst  007FF9
__end_of_buttonLeft                 mediumconst  007FF6
__end_of_buttonLeft_gv              mediumconst  007FE5
__end_of_buttonRight                mediumconst  007FFC
__end_of_buttonRight_gv             mediumconst  007FEB
__end_of_current1_RMS               mediumconst  007EB2
__end_of_current1_THDN              mediumconst  007DCB
__end_of_current2_RMS               mediumconst  007EA7
__end_of_current2_THDN              mediumconst  007DBF
__end_of_current3_RMS               mediumconst  007E9C
__end_of_current3_THDN              mediumconst  007DB3
__end_of_delay                      text1        00739A
__end_of_factor_powerP1             mediumconst  007FA4
__end_of_factor_powerP2             mediumconst  007F9B
__end_of_factor_powerP3             mediumconst  007F92
__end_of_frequency                  mediumconst  007FB4
__end_of_fund_ForwardP1             mediumconst  007BB8
__end_of_fund_ForwardP2             mediumconst  007BA7
__end_of_fund_ForwardP3             mediumconst  007B96
__end_of_fund_ForwardTotal          mediumconst  007B13
__end_of_fund_ReverseP1             mediumconst  007C6F
__end_of_fund_ReverseP2             mediumconst  007C5F
__end_of_fund_ReverseP3             mediumconst  007C4F
__end_of_fund_ReverseTotal          mediumconst  007B3A
__end_of_fundamental_PowerP1        mediumconst  007F15
__end_of_fundamental_PowerP2        mediumconst  007F0A
__end_of_fundamental_PowerP3        mediumconst  007EFF
__end_of_fundamental_Total_Power    mediumconst  007D06
__end_of_harmonic_ForwardP1         mediumconst  007D8D
__end_of_harmonic_ForwardP2         mediumconst  007D80
__end_of_harmonic_ForwardP3         mediumconst  007D73
__end_of_harmonic_ForwardTotal      mediumconst  007C3F
__end_of_harmonic_PowerP1           mediumconst  007EF4
__end_of_harmonic_PowerP2           mediumconst  007EE9
__end_of_harmonic_PowerP3           mediumconst  007EDE
__end_of_harmonic_ReverseP1         mediumconst  007E43
__end_of_harmonic_ReverseP2         mediumconst  007E37
__end_of_harmonic_ReverseP3         mediumconst  007E2B
__end_of_harmonic_ReverseTotal      mediumconst  007CBD
__end_of_harmonic_Total_Power       mediumconst  007CF8
__end_of_main                       text0        0074A0
__end_of_msgInitial1_gv             mediumconst  007DA7
__end_of_msgInitial2_gv             mediumconst  007D9A
__end_of_nline_calculated_RMS       mediumconst  007D66
__end_of_nline_sampled_RMS          mediumconst  007D59
__end_of_phasesEnergy               mediumconst  007ADD
__end_of_phasesFreqTemp             mediumconst  007AFB
__end_of_phasesMainMenu             mediumconst  007AE5
__end_of_phasesPhaseAngle           mediumconst  007AD5
__end_of_phasesPower1               mediumconst  007AF7
__end_of_phasesPower2               mediumconst  007AF1
__end_of_phasesPowerFactor          mediumconst  007AFF
__end_of_phasesRmsVI                mediumconst  007AEB
__end_of_reactive_Forward1          mediumconst  007BEB
__end_of_reactive_Forward2          mediumconst  007BDA
__end_of_reactive_Forward3          mediumconst  007BC9
__end_of_reactive_Forward_Total     mediumconst  007B27
__end_of_reactive_Reverse1          mediumconst  007C9F
__end_of_reactive_Reverse2          mediumconst  007C8F
__end_of_reactive_Reverse3          mediumconst  007C7F
__end_of_reactive_Reverse_Total     mediumconst  007B73
__end_of_reactive_powerP1           mediumconst  007F36
__end_of_reactive_powerP2           mediumconst  007F2B
__end_of_reactive_powerP3           mediumconst  007F20
__end_of_string1_FreqTemp           mediumconst  007F7F
__end_of_string1_PhaseAngle         mediumconst  007FCA
__end_of_string1_Power1             mediumconst  007C2F
__end_of_string1_Power2             mediumconst  007E4F
__end_of_string1_PowerFactor        mediumconst  007FD1
__end_of_string1_RMS                mediumconst  007C0D
__end_of_string2_PhaseAngle         mediumconst  007FC3
__end_of_string2_Power1             mediumconst  007C1E
__end_of_string2_Power2             mediumconst  007F89
__end_of_string2_PowerFactor        mediumconst  007FBC
__end_of_string2_RMS                mediumconst  007FF0
__end_of_string3_Power2             mediumconst  007FD8
__end_of_string_Energy              mediumconst  007FDF
__end_of_temperature                mediumconst  007FAC
__end_of_total_active_power         mediumconst  007D22
__end_of_total_apparent_power       mediumconst  007CAE
__end_of_total_factor_power         mediumconst  007DFB
__end_of_total_reactive_power       mediumconst  007D14
__end_of_voltage1_RMS               mediumconst  007ED3
__end_of_voltage1_THDN              mediumconst  007DEF
__end_of_voltage2_RMS               mediumconst  007EC8
__end_of_voltage2_THDN              mediumconst  007DE3
__end_of_voltage3_RMS               mediumconst  007EBD
__end_of_voltage3_THDN              mediumconst  007DD7
__initialization                    cinit        00732A
__mediumconst                       mediumconst  0078DA
__pbssBANK0                         bssBANK0     000060
__pbssCOMRAM                        bssCOMRAM    000001
__pcinit                            cinit        00732A
__pcstackCOMRAM                     cstackCOMRAM 000051
__pmediumconst                      mediumconst  0078DA
__ptext0                            text0        007464
__ptext1                            text1        007372
__ptext10                           text10       0076CC
__ptext11                           text11       00742C
__ptext12                           text12       00730E
__ptext13                           text13       0072F4
__ptext14                           text14       0072E6
__ptext15                           text15       00739A
__ptext16                           text16       00777E
__ptext2                            text2        0074DE
__ptext3                            text3        0073F8
__ptext4                            text4        0074A0
__ptext5                            text5        007526
__ptext6                            text6        00734C
__ptext7                            text7        0075A4
__ptext8                            text8        0073C6
__ptext9                            text9        007624
__ramtop                            ramtop       000800
__size_of_ButtonInt_config          (abs)        000000
__size_of_GPIO_clearPIN             (abs)        000000
__size_of_GPIO_dataDirectionPIN     (abs)        000000
__size_of_GPIO_setPIN               (abs)        000000
__size_of_LCDNokia_clear            (abs)        000000
__size_of_LCDNokia_gotoXY           (abs)        000000
__size_of_LCDNokia_init             (abs)        000000
__size_of_LCDNokia_sendChar         (abs)        000000
__size_of_LCDNokia_writeByte        (abs)        000000
__size_of_LCD_delay                 (abs)        000000
__size_of_SPI_enableClock           (abs)        000000
__size_of_SPI_enablePins            (abs)        000000
__size_of_SPI_init                  (abs)        000000
__size_of_SPI_write                 (abs)        000000
__size_of___wmul                    (abs)        000000
__size_of_delay                     (abs)        000000
__size_of_main                      (abs)        000000
__smallconst                        smallconst   000000
_activeEnergy                       (abs)        000000
_active_Forward1                    mediumconst  007CDB
_active_Forward2                    mediumconst  007CCC
_active_Forward3                    mediumconst  007CBD
_active_Forward_Total               mediumconst  007B73
_active_Reverse1                    mediumconst  007D3E
_active_Reverse2                    mediumconst  007D30
_active_Reverse3                    mediumconst  007D22
_active_Reverse_Total               mediumconst  007BEB
_active_powerP1                     mediumconst  007F4C
_active_powerP2                     mediumconst  007F41
_active_powerP3                     mediumconst  007F36
_anglePhase1                        mediumconst  007E86
_anglePhase2                        mediumconst  007E7B
_anglePhase3                        mediumconst  007E70
_angle_VoltageP1                    mediumconst  007E65
_angle_VoltageP2                    mediumconst  007E5A
_angle_VoltageP3                    mediumconst  007E4F
_apparentAri_energyTotal            mediumconst  007B4D
_apparentVec_energyTotal            mediumconst  007B3A
_apparent_energyP1                  mediumconst  007F6B
_apparent_energyP2                  mediumconst  007F61
_apparent_energyP3                  mediumconst  007F57
_apparent_powerP1                   mediumconst  007E13
_apparent_powerP2                   mediumconst  007E07
_apparent_powerP3                   mediumconst  007DFB
_buttonCenter                       mediumconst  007FF6
_buttonLeft                         mediumconst  007FF3
_buttonLeft_gv                      mediumconst  007FDF
_buttonRight                        mediumconst  007FF9
_buttonRight_gv                     mediumconst  007FE5
_current1_RMS                       mediumconst  007EA7
_current1_THDN                      mediumconst  007DBF
_current2_RMS                       mediumconst  007E9C
_current2_THDN                      mediumconst  007DB3
_current3_RMS                       mediumconst  007E91
_current3_THDN                      mediumconst  007DA7
_delay                              text1        007372
_exitEnergy                         (abs)        000000
_exitFreqTemp                       (abs)        000000
_exitPhaseAngle                     (abs)        000000
_exitPower1                         (abs)        000000
_exitPower2                         (abs)        000000
_exitPowerFactor                    (abs)        000000
_exitRmsVI                          (abs)        000000
_factor_powerP1                     mediumconst  007F9B
_factor_powerP2                     mediumconst  007F92
_factor_powerP3                     mediumconst  007F89
_fhPower2                           (abs)        000000
_frequency                          mediumconst  007FAC
_fund_ForwardP1                     mediumconst  007BA7
_fund_ForwardP2                     mediumconst  007B96
_fund_ForwardP3                     mediumconst  007B85
_fund_ForwardTotal                  mediumconst  007AFF
_fund_ReverseP1                     mediumconst  007C5F
_fund_ReverseP2                     mediumconst  007C4F
_fund_ReverseP3                     mediumconst  007C3F
_fund_ReverseTotal                  mediumconst  007B27
_fundamentalEnergy                  (abs)        000000
_fundamental_PowerP1                mediumconst  007F0A
_fundamental_PowerP2                mediumconst  007EFF
_fundamental_PowerP3                mediumconst  007EF4
_fundamental_Total_Power            mediumconst  007CF8
_generalView                        (abs)        000000
_harmonicEnergy                     (abs)        000000
_harmonic_ForwardP1                 mediumconst  007D80
_harmonic_ForwardP2                 mediumconst  007D73
_harmonic_ForwardP3                 mediumconst  007D66
_harmonic_ForwardTotal              mediumconst  007C2F
_harmonic_PowerP1                   mediumconst  007EE9
_harmonic_PowerP2                   mediumconst  007EDE
_harmonic_PowerP3                   mediumconst  007ED3
_harmonic_ReverseP1                 mediumconst  007E37
_harmonic_ReverseP2                 mediumconst  007E2B
_harmonic_ReverseP3                 mediumconst  007E1F
_harmonic_ReverseTotal              mediumconst  007CAE
_harmonic_Total_Power               mediumconst  007CEA
_initialLoad                        (abs)        000000
_main                               text0        007464
_msgInitial1_gv                     mediumconst  007D9A
_msgInitial2_gv                     mediumconst  007D8D
_neutralRmsVI                       (abs)        000000
_nline_calculated_RMS               mediumconst  007D59
_nline_sampled_RMS                  mediumconst  007D4C
_phPhaseAngle                       (abs)        000000
_phPower1                           (abs)        000000
_phPower2                           (abs)        000000
_phPowerFactor                      (abs)        000000
_phRmsVI                            (abs)        000000
_phasesEnergy                       mediumconst  007AD5
_phasesFreqTemp                     mediumconst  007AF7
_phasesMainMenu                     mediumconst  007ADD
_phasesPhaseAngle                   mediumconst  007ACD
_phasesPower1                       mediumconst  007AF1
_phasesPower2                       mediumconst  007AEB
_phasesPowerFactor                  mediumconst  007AFB
_phasesRmsVI                        mediumconst  007AE5
_reactive_Forward1                  mediumconst  007BDA
_reactive_Forward2                  mediumconst  007BC9
_reactive_Forward3                  mediumconst  007BB8
_reactive_Forward_Total             mediumconst  007B13
_reactive_Reverse1                  mediumconst  007C8F
_reactive_Reverse2                  mediumconst  007C7F
_reactive_Reverse3                  mediumconst  007C6F
_reactive_Reverse_Total             mediumconst  007B60
_reactive_powerP1                   mediumconst  007F2B
_reactive_powerP2                   mediumconst  007F20
_reactive_powerP3                   mediumconst  007F15
_sendData                           (abs)        000000
_showFreqTemp                       (abs)        000000
_stateEnergy                        (abs)        000000
_stateFreqTemp                      (abs)        000000
_stateMainMenu                      (abs)        000000
_statePhaseAngle                    (abs)        000000
_statePower1                        (abs)        000000
_statePower2                        (abs)        000000
_statePowerFactor                   (abs)        000000
_stateRmsVI                         (abs)        000000
_string1_FreqTemp                   mediumconst  007F75
_string1_PhaseAngle                 mediumconst  007FC3
_string1_Power1                     mediumconst  007C1E
_string1_Power2                     mediumconst  007E43
_string1_PowerFactor                mediumconst  007FCA
_string1_RMS                        mediumconst  007BFC
_string2_PhaseAngle                 mediumconst  007FBC
_string2_Power1                     mediumconst  007C0D
_string2_Power2                     mediumconst  007F7F
_string2_PowerFactor                mediumconst  007FB4
_string2_RMS                        mediumconst  007FEB
_string3_Power2                     mediumconst  007FD1
_string_Energy                      mediumconst  007FD8
_temperature                        mediumconst  007FA4
_total_active_power                 mediumconst  007D14
_total_apparent_power               mediumconst  007C9F
_total_factor_power                 mediumconst  007DEF
_total_reactive_power               mediumconst  007D06
_typesPower1                        (abs)        000000
_viPhaseAngle                       (abs)        000000
_viewMenu                           (abs)        000000
_voltage1_RMS                       mediumconst  007EC8
_voltage1_THDN                      mediumconst  007DE3
_voltage2_RMS                       mediumconst  007EBD
_voltage2_THDN                      mediumconst  007DD7
_voltage3_RMS                       mediumconst  007EB2
_voltage3_THDN                      mediumconst  007DCB
activeEnergy@counter                bssCOMRAM    000043
activeEnergy@counterPhase           bssCOMRAM    000042
activeEnergy@currentEnergy1         bssCOMRAM    000021
delay@counter                       cstackCOMRAM 000055
delay@delay                         cstackCOMRAM 000051
end_of_initialization               cinit        007342
exitEnergy@currentEnergy6           bssCOMRAM    00001B
exitFreqTemp@currentFreqTemp2       bssBANK0     0000EC
exitPhaseAngle@currentPhaseAngle3   bssBANK0     0000F0
exitPower1@currentPower1_4          bssCOMRAM    000015
exitPower2@currentPower2_3          bssCOMRAM    00000F
exitPowerFactor@currentPowerFactor2 bssCOMRAM    000005
exitRmsVI@currentRms3               bssCOMRAM    000009
expBASE10@value                     bssBANK0     0000E8
fhPower2@counter                    bssCOMRAM    00003E
fhPower2@currentPower2_1            bssCOMRAM    000013
fundamentalEnergy@counter           bssCOMRAM    000041
fundamentalEnergy@currentEnergy4    bssCOMRAM    00001F
generalView@currentMainMenu2        bssCOMRAM    000027
generalView@lockClear               bssCOMRAM    000048
generalView@lockWrite               bssCOMRAM    000047
harmonicEnergy@counter              bssCOMRAM    000040
harmonicEnergy@currentEnergy5       bssCOMRAM    00001D
initialLoad@currentMainMenu1        bssCOMRAM    000029
intlevel0                           text         000000
intlevel1                           text         000000
intlevel2                           text         000000
intlevel3                           text         000000
main@currentState                   cstackCOMRAM 00005E
main@test                           cstackCOMRAM 00005F
neutralRmsVI@currentRms2            bssCOMRAM    00000B
phPhaseAngle@currentPhaseAngle1     bssCOMRAM    000003
phPower1@currentPower1_2            bssCOMRAM    000017
phPower2@currentPower2_2            bssCOMRAM    000011
phPowerFactor@counter               bssCOMRAM    00003C
phPowerFactor@currentPowerFactor1   bssCOMRAM    000007
phRmsVI@counter                     bssCOMRAM    00003D
phRmsVI@currentRms1                 bssCOMRAM    00000D
sendData@currentMainMenu4           bssCOMRAM    000023
showFreqTemp@currentFreqTemp1       bssBANK0     0000EE
stackhi                             (abs)        0007FF
stacklo                             (abs)        0000F4
start                               init         000000
start_initialization                cinit        00732A
stateEnergy@phase                   bssCOMRAM    00004F
stateEnergy@phaseEnergy             bssCOMRAM    000037
stateFreqTemp@phase                 bssCOMRAM    000049
stateFreqTemp@phaseFreqTemp         bssCOMRAM    00002B
stateMainMenu@phase                 bssCOMRAM    000050
stateMainMenu@phaseMain             bssCOMRAM    000039
statePhaseAngle@phase               bssCOMRAM    00004A
statePhaseAngle@phasePhaseAngle     bssCOMRAM    00002D
statePower1@phase                   bssCOMRAM    00004E
statePower1@phasePower1             bssCOMRAM    000035
statePower2@phase                   bssCOMRAM    00004D
statePower2@phasePower2             bssCOMRAM    000033
statePowerFactor@phase              bssCOMRAM    00004B
statePowerFactor@phasePowerFactor   bssCOMRAM    00002F
stateRmsVI@phase                    bssCOMRAM    00004C
stateRmsVI@phaseRmsVI               bssCOMRAM    000031
typesPower1@counter                 bssCOMRAM    00003F
typesPower1@currentPower1_1         bssCOMRAM    000019
viPhaseAngle@currentPhaseAngle2     bssCOMRAM    000001
viewMenu@counterMenu                bssCOMRAM    000044
viewMenu@currentMainMenu3           bssCOMRAM    000025
viewMenu@lockClear                  bssCOMRAM    000046
viewMenu@lockWrite                  bssCOMRAM    000045


FUNCTION INFORMATION:

 *************** function _main *****************
 Defined at:
		line 93 in file "main.c"
 Parameters:    Size  Location     Type
		None
 Auto vars:     Size  Location     Type
  mainFunction    2    0        PTR FTN()enum E3966
  test            1   14[COMRAM] unsigned char 
  currentState    1   13[COMRAM] enum E3966
 Return value:  Size  Location     Type
                  1    wreg      void 
 Registers used:
		wreg, status,2, status,0, tblptrl, tblptrh, tblptru, prodl, prodh, cstack
 Tracked objects:
		On entry : 
		On exit  : 
		Unchanged: 
 Data sizes:     COMRAM   BANK0   BANK1   BANK2   BANK3   BANK4   BANK5   BANK6   BANK7
      Params:         0       0       0       0       0       0       0       0       0
      Locals:         2       0       0       0       0       0       0       0       0
      Temps:          0       0       0       0       0       0       0       0       0
      Totals:         2       0       0       0       0       0       0       0       0
Total ram usage:        2 bytes
 Hardware stack levels required when called:    4
 This function calls:
		_ButtonInt_config
		_LCDNokia_clear
		_LCDNokia_init
		_LCDNokia_sendChar
		_SPI_init
		_delay
 This function is called by:
		Startup code after reset
 This function uses a non-reentrant model


 *************** function _delay *****************
 Defined at:
		line 130 in file "GPIO.c"
 Parameters:    Size  Location     Type
  delay           4    0[COMRAM] unsigned long 
 Auto vars:     Size  Location     Type
  counter         4    4[COMRAM] volatile unsigned long 
 Return value:  Size  Location     Type
                  1    wreg      void 
 Registers used:
		wreg, status,2, status,0
 Tracked objects:
		On entry : 
		On exit  : 
		Unchanged: 
 Data sizes:     COMRAM   BANK0   BANK1   BANK2   BANK3   BANK4   BANK5   BANK6   BANK7
      Params:         4       0       0       0       0       0       0       0       0
      Locals:         4       0       0       0       0       0       0       0       0
      Temps:          0       0       0       0       0       0       0       0       0
      Totals:         8       0       0       0       0       0       0       0       0
Total ram usage:        8 bytes
 Hardware stack levels used:    1
 This function calls:
		Nothing
 This function is called by:
		_main
		_UART_putString
		_initialLoad
 This function uses a non-reentrant model


 *************** function _SPI_init *****************
 Defined at:
		line 338 in file "GPIO.c"
 Parameters:    Size  Location     Type
  SPI_Config      2    2[COMRAM] PTR const struct .
		 -> SPI_Config2(3), SPI_Config(3), 
 Auto vars:     Size  Location     Type
		None
 Return value:  Size  Location     Type
                  1    wreg      void 
 Registers used:
		wreg, status,2, status,0, tblptrl, tblptrh, tblptru, cstack
 Tracked objects:
		On entry : 
		On exit  : 
		Unchanged: 
 Data sizes:     COMRAM   BANK0   BANK1   BANK2   BANK3   BANK4   BANK5   BANK6   BANK7
      Params:         2       0       0       0       0       0       0       0       0
      Locals:         0       0       0       0       0       0       0       0       0
      Temps:          2       0       0       0       0       0       0       0       0
      Totals:         4       0       0       0       0       0       0       0       0
Total ram usage:        4 bytes
 Hardware stack levels used:    1
 Hardware stack levels required when called:    1
 This function calls:
		_SPI_enableClock
		_SPI_enablePins
 This function is called by:
		_main
		_sendData
 This function uses a non-reentrant model


 *************** function _SPI_enablePins *****************
 Defined at:
		line 312 in file "GPIO.c"
 Parameters:    Size  Location     Type
  serial          1    wreg     enum E3837
 Auto vars:     Size  Location     Type
  serial          1    0[COMRAM] enum E3837
 Return value:  Size  Location     Type
                  1    wreg      void 
 Registers used:
		wreg, status,2, status,0
 Tracked objects:
		On entry : 
		On exit  : 
		Unchanged: 
 Data sizes:     COMRAM   BANK0   BANK1   BANK2   BANK3   BANK4   BANK5   BANK6   BANK7
      Params:         0       0       0       0       0       0       0       0       0
      Locals:         1       0       0       0       0       0       0       0       0
      Temps:          0       0       0       0       0       0       0       0       0
      Totals:         1       0       0       0       0       0       0       0       0
Total ram usage:        1 bytes
 Hardware stack levels used:    1
 This function calls:
		Nothing
 This function is called by:
		_SPI_init
 This function uses a non-reentrant model


 *************** function _SPI_enableClock *****************
 Defined at:
		line 270 in file "GPIO.c"
 Parameters:    Size  Location     Type
  phase           1    wreg     enum E3833
  cpol            1    0[COMRAM] enum E3829
 Auto vars:     Size  Location     Type
  phase           1    1[COMRAM] enum E3833
 Return value:  Size  Location     Type
                  1    wreg      void 
 Registers used:
		wreg, status,2, status,0
 Tracked objects:
		On entry : 
		On exit  : 
		Unchanged: 
 Data sizes:     COMRAM   BANK0   BANK1   BANK2   BANK3   BANK4   BANK5   BANK6   BANK7
      Params:         1       0       0       0       0       0       0       0       0
      Locals:         1       0       0       0       0       0       0       0       0
      Temps:          0       0       0       0       0       0       0       0       0
      Totals:         2       0       0       0       0       0       0       0       0
Total ram usage:        2 bytes
 Hardware stack levels used:    1
 This function calls:
		Nothing
 This function is called by:
		_SPI_init
 This function uses a non-reentrant model


 *************** function _LCDNokia_sendChar *****************
 Defined at:
		line 151 in file "LCDNokia5110.c"
 Parameters:    Size  Location     Type
  character       1    wreg     unsigned char 
 Auto vars:     Size  Location     Type
  character       1   10[COMRAM] unsigned char 
  index           2   11[COMRAM] unsigned int 
 Return value:  Size  Location     Type
                  1    wreg      void 
 Registers used:
		wreg, status,2, status,0, tblptrl, tblptrh, tblptru, prodl, prodh, cstack
 Tracked objects:
		On entry : 
		On exit  : 
		Unchanged: 
 Data sizes:     COMRAM   BANK0   BANK1   BANK2   BANK3   BANK4   BANK5   BANK6   BANK7
      Params:         0       0       0       0       0       0       0       0       0
      Locals:         3       0       0       0       0       0       0       0       0
      Temps:          2       0       0       0       0       0       0       0       0
      Totals:         5       0       0       0       0       0       0       0       0
Total ram usage:        5 bytes
 Hardware stack levels used:    1
 Hardware stack levels required when called:    2
 This function calls:
		_LCDNokia_writeByte
		___wmul
 This function is called by:
		_main
		_LCDNokia_sendString
		_LCDNokia_printValue
		_LCDNokia_printFloatValue
 This function uses a non-reentrant model


 *************** function ___wmul *****************
 Defined at:
		line 15 in file "C:\Program Files (x86)\Microchip\xc8\v1.44\sources\common\Umul16.c"
 Parameters:    Size  Location     Type
  multiplier      2    0[COMRAM] unsigned int 
  multiplicand    2    2[COMRAM] unsigned int 
 Auto vars:     Size  Location     Type
  product         2    4[COMRAM] unsigned int 
 Return value:  Size  Location     Type
                  2    0[COMRAM] unsigned int 
 Registers used:
		wreg, status,2, status,0, prodl, prodh
 Tracked objects:
		On entry : 
		On exit  : 
		Unchanged: 
 Data sizes:     COMRAM   BANK0   BANK1   BANK2   BANK3   BANK4   BANK5   BANK6   BANK7
      Params:         4       0       0       0       0       0       0       0       0
      Locals:         2       0       0       0       0       0       0       0       0
      Temps:          0       0       0       0       0       0       0       0       0
      Totals:         6       0       0       0       0       0       0       0       0
Total ram usage:        6 bytes
 Hardware stack levels used:    1
 This function calls:
		Nothing
 This function is called by:
		_LCDNokia_sendChar
 This function uses a non-reentrant model


 *************** function _LCDNokia_init *****************
 Defined at:
		line 107 in file "LCDNokia5110.c"
 Parameters:    Size  Location     Type
		None
 Auto vars:     Size  Location     Type
		None
 Return value:  Size  Location     Type
                  1    wreg      void 
 Registers used:
		wreg, status,2, status,0, cstack
 Tracked objects:
		On entry : 
		On exit  : 
		Unchanged: 
 Data sizes:     COMRAM   BANK0   BANK1   BANK2   BANK3   BANK4   BANK5   BANK6   BANK7
      Params:         0       0       0       0       0       0       0       0       0
      Locals:         0       0       0       0       0       0       0       0       0
      Temps:          0       0       0       0       0       0       0       0       0
      Totals:         0       0       0       0       0       0       0       0       0
Total ram usage:        0 bytes
 Hardware stack levels used:    1
 Hardware stack levels required when called:    2
 This function calls:
		_GPIO_clearPIN
		_GPIO_dataDirectionPIN
		_GPIO_setPIN
		_LCDNokia_writeByte
		_LCD_delay
 This function is called by:
		_main
		_sendData
 This function uses a non-reentrant model


 *************** function _LCD_delay *****************
 Defined at:
		line 193 in file "LCDNokia5110.c"
 Parameters:    Size  Location     Type
		None
 Auto vars:     Size  Location     Type
  counter         4    0[COMRAM] unsigned long 
 Return value:  Size  Location     Type
                  1    wreg      void 
 Registers used:
		wreg, status,2, status,0
 Tracked objects:
		On entry : 
		On exit  : 
		Unchanged: 
 Data sizes:     COMRAM   BANK0   BANK1   BANK2   BANK3   BANK4   BANK5   BANK6   BANK7
      Params:         0       0       0       0       0       0       0       0       0
      Locals:         4       0       0       0       0       0       0       0       0
      Temps:          0       0       0       0       0       0       0       0       0
      Totals:         4       0       0       0       0       0       0       0       0
Total ram usage:        4 bytes
 Hardware stack levels used:    1
 This function calls:
		Nothing
 This function is called by:
		_LCDNokia_init
 This function uses a non-reentrant model


 *************** function _GPIO_setPIN *****************
 Defined at:
		line 80 in file "GPIO.c"
 Parameters:    Size  Location     Type
  portName        1    wreg     enum E3822
  pin             1    0[COMRAM] unsigned char 
 Auto vars:     Size  Location     Type
  portName        1    3[COMRAM] enum E3822
 Return value:  Size  Location     Type
                  1    wreg      void 
 Registers used:
		wreg, status,2, status,0
 Tracked objects:
		On entry : 
		On exit  : 
		Unchanged: 
 Data sizes:     COMRAM   BANK0   BANK1   BANK2   BANK3   BANK4   BANK5   BANK6   BANK7
      Params:         1       0       0       0       0       0       0       0       0
      Locals:         1       0       0       0       0       0       0       0       0
      Temps:          2       0       0       0       0       0       0       0       0
      Totals:         4       0       0       0       0       0       0       0       0
Total ram usage:        4 bytes
 Hardware stack levels used:    1
 This function calls:
		Nothing
 This function is called by:
		_LCDNokia_init
		_ATM_init
 This function uses a non-reentrant model


 *************** function _GPIO_clearPIN *****************
 Defined at:
		line 105 in file "GPIO.c"
 Parameters:    Size  Location     Type
  portName        1    wreg     enum E3822
  pin             1    0[COMRAM] unsigned char 
 Auto vars:     Size  Location     Type
  portName        1    3[COMRAM] enum E3822
 Return value:  Size  Location     Type
                  1    wreg      void 
 Registers used:
		wreg, status,2, status,0
 Tracked objects:
		On entry : 
		On exit  : 
		Unchanged: 
 Data sizes:     COMRAM   BANK0   BANK1   BANK2   BANK3   BANK4   BANK5   BANK6   BANK7
      Params:         1       0       0       0       0       0       0       0       0
      Locals:         1       0       0       0       0       0       0       0       0
      Temps:          2       0       0       0       0       0       0       0       0
      Totals:         4       0       0       0       0       0       0       0       0
Total ram usage:        4 bytes
 Hardware stack levels used:    1
 This function calls:
		Nothing
 This function is called by:
		_LCDNokia_init
		_ATM_init
 This function uses a non-reentrant model


 *************** function _LCDNokia_clear *****************
 Defined at:
		line 175 in file "LCDNokia5110.c"
 Parameters:    Size  Location     Type
		None
 Auto vars:     Size  Location     Type
  index           2   10[COMRAM] unsigned int 
 Return value:  Size  Location     Type
                  1    wreg      void 
 Registers used:
		wreg, status,2, status,0, cstack
 Tracked objects:
		On entry : 
		On exit  : 
		Unchanged: 
 Data sizes:     COMRAM   BANK0   BANK1   BANK2   BANK3   BANK4   BANK5   BANK6   BANK7
      Params:         0       0       0       0       0       0       0       0       0
      Locals:         2       0       0       0       0       0       0       0       0
      Temps:          0       0       0       0       0       0       0       0       0
      Totals:         2       0       0       0       0       0       0       0       0
Total ram usage:        2 bytes
 Hardware stack levels used:    1
 Hardware stack levels required when called:    3
 This function calls:
		_LCDNokia_gotoXY
		_LCDNokia_writeByte
 This function is called by:
		_main
		_generalView
		_viewMenu
		_sendData
		_activeEnergy
		_fundamentalEnergy
		_harmonicEnergy
		_exitEnergy
		_typesPower1
		_phPower1
		_exitPower1
		_fhPower2
		_exitPower2
		_phRmsVI
		_exitRmsVI
		_phPowerFactor
		_exitPowerFactor
		_phPhaseAngle
		_viPhaseAngle
		_THDNPhaseAngle
		_exitPhaseAngle
		_exitFreqTemp
 This function uses a non-reentrant model


 *************** function _LCDNokia_gotoXY *****************
 Defined at:
		line 187 in file "LCDNokia5110.c"
 Parameters:    Size  Location     Type
  x               1    wreg     unsigned char 
  y               1    8[COMRAM] unsigned char 
 Auto vars:     Size  Location     Type
  x               1    9[COMRAM] unsigned char 
 Return value:  Size  Location     Type
                  1    wreg      void 
 Registers used:
		wreg, status,2, status,0, cstack
 Tracked objects:
		On entry : 
		On exit  : 
		Unchanged: 
 Data sizes:     COMRAM   BANK0   BANK1   BANK2   BANK3   BANK4   BANK5   BANK6   BANK7
      Params:         1       0       0       0       0       0       0       0       0
      Locals:         1       0       0       0       0       0       0       0       0
      Temps:          0       0       0       0       0       0       0       0       0
      Totals:         2       0       0       0       0       0       0       0       0
Total ram usage:        2 bytes
 Hardware stack levels used:    1
 Hardware stack levels required when called:    2
 This function calls:
		_LCDNokia_writeByte
 This function is called by:
		_LCDNokia_clear
		_generalView
		_viewMenu
		_activeEnergy
		_fundamentalEnergy
		_harmonicEnergy
		_typesPower1
		_phPower1
		_fhPower2
		_phPower2
		_phRmsVI
		_neutralRmsVI
		_phPowerFactor
		_phPhaseAngle
		_viPhaseAngle
		_THDNPhaseAngle
		_showFreqTemp
 This function uses a non-reentrant model


 *************** function _LCDNokia_writeByte *****************
 Defined at:
		line 136 in file "LCDNokia5110.c"
 Parameters:    Size  Location     Type
  DataOrCmd       1    wreg     unsigned char 
  data            1    6[COMRAM] unsigned char 
 Auto vars:     Size  Location     Type
  DataOrCmd       1    7[COMRAM] unsigned char 
 Return value:  Size  Location     Type
                  1    wreg      void 
 Registers used:
		wreg, status,2, cstack
 Tracked objects:
		On entry : 
		On exit  : 
		Unchanged: 
 Data sizes:     COMRAM   BANK0   BANK1   BANK2   BANK3   BANK4   BANK5   BANK6   BANK7
      Params:         1       0       0       0       0       0       0       0       0
      Locals:         1       0       0       0       0       0       0       0       0
      Temps:          0       0       0       0       0       0       0       0       0
      Totals:         2       0       0       0       0       0       0       0       0
Total ram usage:        2 bytes
 Hardware stack levels used:    1
 Hardware stack levels required when called:    1
 This function calls:
		_SPI_write
 This function is called by:
		_LCDNokia_init
		_LCDNokia_sendChar
		_LCDNokia_clear
		_LCDNokia_gotoXY
		_LCDNokia_bitmap
 This function uses a non-reentrant model


 *************** function _SPI_write *****************
 Defined at:
		line 344 in file "GPIO.c"
 Parameters:    Size  Location     Type
  data            1    wreg     unsigned char 
 Auto vars:     Size  Location     Type
  data            1    0[COMRAM] unsigned char 
 Return value:  Size  Location     Type
                  1    wreg      void 
 Registers used:
		wreg
 Tracked objects:
		On entry : 
		On exit  : 
		Unchanged: 
 Data sizes:     COMRAM   BANK0   BANK1   BANK2   BANK3   BANK4   BANK5   BANK6   BANK7
      Params:         0       0       0       0       0       0       0       0       0
      Locals:         1       0       0       0       0       0       0       0       0
      Temps:          0       0       0       0       0       0       0       0       0
      Totals:         1       0       0       0       0       0       0       0       0
Total ram usage:        1 bytes
 Hardware stack levels used:    1
 This function calls:
		Nothing
 This function is called by:
		_LCDNokia_writeByte
		_ATM_write
		_ATM_read
 This function uses a non-reentrant model


 *************** function _ButtonInt_config *****************
 Defined at:
		line 138 in file "GPIO.c"
 Parameters:    Size  Location     Type
		None
 Auto vars:     Size  Location     Type
		None
 Return value:  Size  Location     Type
                  1    wreg      void 
 Registers used:
		wreg, status,2, status,0, cstack
 Tracked objects:
		On entry : 
		On exit  : 
		Unchanged: 
 Data sizes:     COMRAM   BANK0   BANK1   BANK2   BANK3   BANK4   BANK5   BANK6   BANK7
      Params:         0       0       0       0       0       0       0       0       0
      Locals:         0       0       0       0       0       0       0       0       0
      Temps:          0       0       0       0       0       0       0       0       0
      Totals:         0       0       0       0       0       0       0       0       0
Total ram usage:        0 bytes
 Hardware stack levels used:    1
 Hardware stack levels required when called:    1
 This function calls:
		_GPIO_dataDirectionPIN
 This function is called by:
		_main
 This function uses a non-reentrant model


 *************** function _GPIO_dataDirectionPIN *****************
 Defined at:
		line 26 in file "GPIO.c"
 Parameters:    Size  Location     Type
  portName        1    wreg     enum E3822
  pin             1    0[COMRAM] unsigned char 
  state           1    1[COMRAM] enum E3818
 Auto vars:     Size  Location     Type
  portName        1    4[COMRAM] enum E3822
 Return value:  Size  Location     Type
                  1    wreg      void 
 Registers used:
		wreg, status,2, status,0
 Tracked objects:
		On entry : 
		On exit  : 
		Unchanged: 
 Data sizes:     COMRAM   BANK0   BANK1   BANK2   BANK3   BANK4   BANK5   BANK6   BANK7
      Params:         2       0       0       0       0       0       0       0       0
      Locals:         1       0       0       0       0       0       0       0       0
      Temps:          2       0       0       0       0       0       0       0       0
      Totals:         5       0       0       0       0       0       0       0       0
Total ram usage:        5 bytes
 Hardware stack levels used:    1
 This function calls:
		Nothing
 This function is called by:
		_ButtonInt_config
		_LCDNokia_init
		_UART_init
		_ATM_init
 This function uses a non-reentrant model



MODULE INFORMATION

Module		Function		Class		Link	Load	Size
LCDNokia5110.c
		_LCDNokia_init 		CODE           	75A4	0000	129
		_LCDNokia_sendChar		CODE           	7526	0000	127
		_LCDNokia_clear		CODE           	742C	0000	57
		_LCDNokia_gotoXY		CODE           	730E	0000	29
		_LCDNokia_writeByte		CODE           	72F4	0000	27
		_LCD_delay     		CODE           	73C6	0000	51

LCDNokia5110.c estimated size: 420

C:\Program Files (x86)\Microchip\xc8\v1.44\sources\common\Umul16.c
		___wmul        		CODE           	734C	0000	39

C:\Program Files (x86)\Microchip\xc8\v1.44\sources\common\Umul16.c estimated size: 39

shared
		_string1_Power2		MEDIUMCONST    	7E43	0000	13
		_harmonic_ForwardTotal		MEDIUMCONST    	7C2F	0000	17
		_nline_calculated_RMS		MEDIUMCONST    	7D59	0000	14
		_voltage1_THDN 		MEDIUMCONST    	7DE3	0000	13
		_voltage2_THDN 		MEDIUMCONST    	7DD7	0000	13
		_voltage3_THDN 		MEDIUMCONST    	7DCB	0000	13
		_phasesEnergy  		MEDIUMCONST    	7AD5	0000	9
		_string2_PowerFactor		MEDIUMCONST    	7FB4	0000	9
		_reactive_Forward1		MEDIUMCONST    	7BDA	0000	18
		_harmonic_ReverseTotal		MEDIUMCONST    	7CAE	0000	16
		_fund_ForwardTotal		MEDIUMCONST    	7AFF	0000	21
		_reactive_Forward2		MEDIUMCONST    	7BC9	0000	18
		_active_Forward1		MEDIUMCONST    	7CDB	0000	16
		_active_Forward2		MEDIUMCONST    	7CCC	0000	16
		_active_Reverse1		MEDIUMCONST    	7D3E	0000	15
		_active_Forward3		MEDIUMCONST    	7CBD	0000	16
		_reactive_Reverse1		MEDIUMCONST    	7C8F	0000	17
		_active_Reverse2		MEDIUMCONST    	7D30	0000	15
		_reactive_Forward3		MEDIUMCONST    	7BB8	0000	18
		_total_apparent_power		MEDIUMCONST    	7C9F	0000	16
		_active_Reverse3		MEDIUMCONST    	7D22	0000	15
		_reactive_Reverse2		MEDIUMCONST    	7C7F	0000	17
		_reactive_Reverse3		MEDIUMCONST    	7C6F	0000	17
		_temperature   		MEDIUMCONST    	7FA4	0000	9
		_reactive_powerP1		MEDIUMCONST    	7F2B	0000	12
		_reactive_powerP2		MEDIUMCONST    	7F20	0000	12
		_reactive_powerP3		MEDIUMCONST    	7F15	0000	12
		_string1_PhaseAngle		MEDIUMCONST    	7FC3	0000	8
		_total_factor_power		MEDIUMCONST    	7DEF	0000	13
		_frequency     		MEDIUMCONST    	7FAC	0000	9
		_fund_ReverseP1		MEDIUMCONST    	7C5F	0000	17
		_fund_ReverseP2		MEDIUMCONST    	7C4F	0000	17
		_fund_ReverseP3		MEDIUMCONST    	7C3F	0000	17
		_buttonRight_gv		MEDIUMCONST    	7FE5	0000	7
		_ASCII         		MEDIUMCONST    	78DB	0000	481
		_apparent_energyP1		MEDIUMCONST    	7F6B	0000	11
		_apparent_energyP2		MEDIUMCONST    	7F61	0000	11
		_apparent_energyP3		MEDIUMCONST    	7F57	0000	11
		_fund_ReverseTotal		MEDIUMCONST    	7B27	0000	20
		_factor_powerP1		MEDIUMCONST    	7F9B	0000	10
		_factor_powerP2		MEDIUMCONST    	7F92	0000	10
		_factor_powerP3		MEDIUMCONST    	7F89	0000	10
		_apparentVec_energyTotal		MEDIUMCONST    	7B3A	0000	20
		_apparentAri_energyTotal		MEDIUMCONST    	7B4D	0000	20
		_string1_PowerFactor		MEDIUMCONST    	7FCA	0000	8
		_string3_Power2		MEDIUMCONST    	7FD1	0000	8
		_SPI_Config    		MEDIUMCONST    	7FFC	0000	4
		_SPI_Config2   		MEDIUMCONST    	7FF0	0000	4
		_current1_RMS  		MEDIUMCONST    	7EA7	0000	12
		_current2_RMS  		MEDIUMCONST    	7E9C	0000	12
		_current3_RMS  		MEDIUMCONST    	7E91	0000	12
		_current1_THDN 		MEDIUMCONST    	7DBF	0000	13
		_current2_THDN 		MEDIUMCONST    	7DB3	0000	13
		_current3_THDN 		MEDIUMCONST    	7DA7	0000	13
		_apparent_powerP1		MEDIUMCONST    	7E13	0000	13
		_apparent_powerP2		MEDIUMCONST    	7E07	0000	13
		_harmonic_PowerP1		MEDIUMCONST    	7EE9	0000	12
		_apparent_powerP3		MEDIUMCONST    	7DFB	0000	13
		_harmonic_PowerP2		MEDIUMCONST    	7EDE	0000	12
		_harmonic_PowerP3		MEDIUMCONST    	7ED3	0000	12
		__initialization		CODE           	732A	0000	25
		_nline_sampled_RMS		MEDIUMCONST    	7D4C	0000	14
		_string2_RMS   		MEDIUMCONST    	7FEB	0000	6
		_msgInitial1_gv		MEDIUMCONST    	7D9A	0000	14
		_msgInitial2_gv		MEDIUMCONST    	7D8D	0000	14
		_harmonic_Total_Power		MEDIUMCONST    	7CEA	0000	15
		_string_Energy 		MEDIUMCONST    	7FD8	0000	8
		_phasesPower1  		MEDIUMCONST    	7AF1	0000	7
		_phasesPower2  		MEDIUMCONST    	7AEB	0000	7
		_fundamental_Total_Power		MEDIUMCONST    	7CF8	0000	15
		_phasesPhaseAngle		MEDIUMCONST    	7ACD	0000	9
		_anglePhase1   		MEDIUMCONST    	7E86	0000	12
		_anglePhase2   		MEDIUMCONST    	7E7B	0000	12
		_anglePhase3   		MEDIUMCONST    	7E70	0000	12
		_string2_Power1		MEDIUMCONST    	7C0D	0000	18
		_string2_Power2		MEDIUMCONST    	7F7F	0000	11
		_buttonCenter  		MEDIUMCONST    	7FF6	0000	4
		_harmonic_ForwardP1		MEDIUMCONST    	7D80	0000	14
		_total_reactive_power		MEDIUMCONST    	7D06	0000	15
		_phasesMainMenu		MEDIUMCONST    	7ADD	0000	9
		_harmonic_ReverseP1		MEDIUMCONST    	7E37	0000	13
		_harmonic_ForwardP2		MEDIUMCONST    	7D73	0000	14
		_total_active_power		MEDIUMCONST    	7D14	0000	15
		_angle_VoltageP1		MEDIUMCONST    	7E65	0000	12
		_active_Forward_Total		MEDIUMCONST    	7B73	0000	19
		_angle_VoltageP2		MEDIUMCONST    	7E5A	0000	12
		_angle_VoltageP3		MEDIUMCONST    	7E4F	0000	12
		_active_Reverse_Total		MEDIUMCONST    	7BEB	0000	18
		_harmonic_ReverseP2		MEDIUMCONST    	7E2B	0000	13
		_harmonic_ForwardP3		MEDIUMCONST    	7D66	0000	14
		_harmonic_ReverseP3		MEDIUMCONST    	7E1F	0000	13
		_string1_RMS   		MEDIUMCONST    	7BFC	0000	18
		_buttonLeft    		MEDIUMCONST    	7FF3	0000	4
		_active_powerP1		MEDIUMCONST    	7F4C	0000	12
		_active_powerP2		MEDIUMCONST    	7F41	0000	12
		_active_powerP3		MEDIUMCONST    	7F36	0000	12
		_fundamental_PowerP1		MEDIUMCONST    	7F0A	0000	12
		_string2_PhaseAngle		MEDIUMCONST    	7FBC	0000	8
		_fundamental_PowerP2		MEDIUMCONST    	7EFF	0000	12
		_phasesPowerFactor		MEDIUMCONST    	7AFB	0000	5
		_reactive_Forward_Total		MEDIUMCONST    	7B13	0000	21
		_phasesRmsVI   		MEDIUMCONST    	7AE5	0000	7
		_fundamental_PowerP3		MEDIUMCONST    	7EF4	0000	12
		_phasesFreqTemp		MEDIUMCONST    	7AF7	0000	5
		_string1_FreqTemp		MEDIUMCONST    	7F75	0000	11
		_reactive_Reverse_Total		MEDIUMCONST    	7B60	0000	20
		_buttonLeft_gv 		MEDIUMCONST    	7FDF	0000	7
		_buttonRight   		MEDIUMCONST    	7FF9	0000	4
		_fund_ForwardP1		MEDIUMCONST    	7BA7	0000	18
		_fund_ForwardP2		MEDIUMCONST    	7B96	0000	18
		_fund_ForwardP3		MEDIUMCONST    	7B85	0000	18
		_StateProgram  		MEDIUMCONST    	7ABB	0000	19
		_voltage1_RMS  		MEDIUMCONST    	7EC8	0000	12
		_voltage2_RMS  		MEDIUMCONST    	7EBD	0000	12
		_voltage3_RMS  		MEDIUMCONST    	7EB2	0000	12
		_string1_Power1		MEDIUMCONST    	7C1E	0000	18

shared estimated size: 1968

GPIO.c
		_delay         		CODE           	7372	0000	41
		_SPI_init      		CODE           	74DE	0000	73
		_SPI_enablePins		CODE           	73F8	0000	53
		_GPIO_clearPIN 		CODE           	76CC	0000	179
		_SPI_enableClock		CODE           	74A0	0000	63
		_ButtonInt_config		CODE           	739A	0000	45
		_GPIO_dataDirectionPIN		CODE           	777E	0000	349
		_GPIO_setPIN   		CODE           	7624	0000	169
		_SPI_write     		CODE           	72E6	0000	15

GPIO.c estimated size: 987

main.c
		_main          		CODE           	7464	0000	61

main.c estimated size: 61

